******************************************************************************
                  TI ARM Linker PC v16.9.1                     
******************************************************************************
>> Linked Mon Feb 26 13:04:32 2018

OUTPUT FILE NAME:   <CANTX.out>
ENTRY POINT SYMBOL: "_c_int00"  address: 00000a55


MEMORY CONFIGURATION

         name            origin    length      used     unused   attr    fill
----------------------  --------  ---------  --------  --------  ----  --------
  FLASH                 00000000   00040000  00000f40  0003f0c0  R  X
  SRAM                  20000000   00008000  0000024a  00007db6  RW X


SEGMENT ALLOCATION MAP

run origin  load origin   length   init length attrs members
----------  ----------- ---------- ----------- ----- -------
00000000    00000000    00000f40   00000f40    r-x
  00000000    00000000    0000026c   0000026c    r-- .intvecs
  0000026c    0000026c    00000b64   00000b64    r-x .text
  00000dd0    00000dd0    00000130   00000130    r-- .const
  00000f00    00000f00    00000040   00000040    r-- .cinit
20000000    20000000    0000024c   00000000    rw-
  20000000    20000000    00000200   00000000    rw- .stack
  20000200    20000200    00000026   00000000    rw- .bss
  20000228    20000228    00000024   00000000    rw- .data


SECTION ALLOCATION MAP

 output                                  attributes/
section   page    origin      length       input sections
--------  ----  ----------  ----------   ----------------
.intvecs   0    00000000    0000026c     
                  00000000    0000026c     startup_ccs.obj (.intvecs)

.text      0    0000026c    00000b64     
                  0000026c    00000132     driverlib.lib : gpio.obj (.text:GPIOPadConfigSet)
                  0000039e    00000130                   : can.obj (.text:CANMessageSet)
                  000004ce    00000002     startup_ccs.obj (.text:FaultISR)
                  000004d0    00000110     driverlib.lib : sysctl.obj (.text:SysCtlClockGet)
                  000005e0    000000a8     can_tx.obj (.text:InitCAN0)
                  00000688    000000a0     can_tx.obj (.text:main)
                  00000728    0000009c     rtsv7M4_T_le_v4SPD16_eabi.lib : memcpy_t2.obj (.text)
                  000007c4    0000007a                                   : memset_t2.obj (.text)
                  0000083e    00000002     startup_ccs.obj (.text:IntDefaultHandler)
                  00000840    00000070     rtsv7M4_T_le_v4SPD16_eabi.lib : autoinit.obj (.text)
                  000008b0    0000006c     driverlib.lib : can.obj (.text:CANBitRateSet)
                  0000091c    00000068     can_tx.obj (.text:CAN0IntHandler)
                  00000984    00000068     driverlib.lib : interrupt.obj (.text:IntEnable)
                  000009ec    00000068     rtsv7M4_T_le_v4SPD16_eabi.lib : copy_decompress_lzss.obj (.text:decompress:lzss)
                  00000a54    00000054                                   : boot.obj (.text)
                  00000aa8    00000054                                   : exit.obj (.text)
                  00000afc    0000004c     driverlib.lib : gpio.obj (.text:GPIOPinConfigure)
                  00000b48    0000004c     rtsv7M4_T_le_v4SPD16_eabi.lib : cpy_tbl.obj (.text)
                  00000b94    00000040     driverlib.lib : can.obj (.text:CANStatusGet)
                  00000bd4    0000003a                   : can.obj (.text:CANInit)
                  00000c0e    00000002     startup_ccs.obj (.text:NmiSR)
                  00000c10    00000034     driverlib.lib : sysctl.obj (.text:SysCtlPeripheralEnable)
                  00000c44    00000030                   : can.obj (.text:CANBitTimingGet)
                  00000c74    0000002c                   : gpio.obj (.text:GPIODirModeSet)
                  00000ca0    00000026                   : can.obj (.text:CANIntClear)
                  00000cc6    00000024                   : can.obj (.text:_CANDataRegWrite)
                  00000cea    00000020                   : can.obj (.text:CANIntStatus)
                  00000d0a    00000002     rtsv7M4_T_le_v4SPD16_eabi.lib : mpu_init.obj (.text)
                  00000d0c    00000018                                   : args_main.obj (.text)
                  00000d24    00000016     driverlib.lib : gpio.obj (.text:GPIOPinTypeCAN)
                  00000d3a    00000002     rtsv7M4_T_le_v4SPD16_eabi.lib : startup.obj (.text)
                  00000d3c    00000014                                   : _lock.obj (.text)
                  00000d50    00000012     driverlib.lib : can.obj (.text:CANRetrySet)
                  00000d62    00000010                   : interrupt.obj (.text:IntMasterDisable)
                  00000d72    00000010                   : interrupt.obj (.text:IntMasterEnable)
                  00000d82    0000000e     rtsv7M4_T_le_v4SPD16_eabi.lib : copy_decompress_none.obj (.text:decompress:none)
                  00000d90    0000000c     driverlib.lib : cpu.obj (.text:CPUcpsid)
                  00000d9c    0000000c                   : cpu.obj (.text:CPUcpsie)
                  00000da8    0000000c     rtsv7M4_T_le_v4SPD16_eabi.lib : copy_zero_init.obj (.text:decompress:ZI)
                  00000db4    0000000a     driverlib.lib : can.obj (.text:CANEnable)
                  00000dbe    00000008                   : can.obj (.text:CANIntEnable)
                  00000dc6    00000006     startup_ccs.obj (.text:ResetISR)
                  00000dcc    00000004     rtsv7M4_T_le_v4SPD16_eabi.lib : pre_init.obj (.text)

.const     0    00000dd0    00000130     
                  00000dd0    00000090     driverlib.lib : gpio.obj (.const:g_pui32GPIOBaseAddrs)
                  00000e60    0000006c                   : sysctl.obj (.const:g_pui32Xtals)
                  00000ecc    00000020                   : can.obj (.const:g_ui16CANBitValues)
                  00000eec    00000014                   : interrupt.obj (.const:g_pui32EnRegs)

.cinit     0    00000f00    00000040     
                  00000f00    00000016     (.cinit..data.load) [load image, compression = lzss]
                  00000f16    00000002     --HOLE-- [fill = 0]
                  00000f18    0000000c     (__TI_handler_table)
                  00000f24    00000004     --HOLE-- [fill = 0]
                  00000f28    00000008     (.cinit..bss.load) [load image, compression = zero_init]
                  00000f30    00000010     (__TI_cinit_table)

.init_array 
*          0    00000000    00000000     UNINITIALIZED

.stack     0    20000000    00000200     UNINITIALIZED
                  20000000    00000200     --HOLE--

.bss       0    20000200    00000026     UNINITIALIZED
                  20000200    00000014     (.common:g_sCAN0TxMessage)
                  20000214    00000010     (.common:clkBits)
                  20000224    00000002     (.common:g_ui8TXMsgData)

.data      0    20000228    00000024     UNINITIALIZED
                  20000228    0000000c     rtsv7M4_T_le_v4SPD16_eabi.lib : exit.obj (.data:$O1$$)
                  20000234    0000000c     can_tx.obj (.data)
                  20000240    00000008     rtsv7M4_T_le_v4SPD16_eabi.lib : _lock.obj (.data:$O1$$)
                  20000248    00000004                                   : stkdepth_vars.obj (.data)

MODULE SUMMARY

       Module                     code   ro data   rw data
       ------                     ----   -------   -------
    .\
       startup_ccs.obj            12     620       0      
       can_tx.obj                 432    0         50     
    +--+--------------------------+------+---------+---------+
       Total:                     444    620       50     
                                                          
    C:/ti/TivaWare_C_Series-2.1.3.156/driverlib/ccs/Debug/driverlib.lib
       can.obj                    724    32        0      
       gpio.obj                   448    144       0      
       sysctl.obj                 324    108       0      
       interrupt.obj              136    20        0      
       cpu.obj                    24     0         0      
    +--+--------------------------+------+---------+---------+
       Total:                     1656   304       0      
                                                          
    C:\ti\ccsv7\tools\compiler\ti-cgt-arm_16.9.1.LTS\lib\rtsv7M4_T_le_v4SPD16_eabi.lib
       memcpy_t2.obj              156    0         0      
       memset_t2.obj              122    0         0      
       autoinit.obj               112    0         0      
       copy_decompress_lzss.obj   104    0         0      
       exit.obj                   84     0         12     
       boot.obj                   84     0         0      
       cpy_tbl.obj                76     0         0      
       _lock.obj                  20     0         8      
       args_main.obj              24     0         0      
       copy_decompress_none.obj   14     0         0      
       copy_zero_init.obj         12     0         0      
       pre_init.obj               4      0         0      
       stkdepth_vars.obj          0      0         4      
       mpu_init.obj               2      0         0      
       startup.obj                2      0         0      
    +--+--------------------------+------+---------+---------+
       Total:                     816    0         24     
                                                          
       Stack:                     0      0         512    
       Linker Generated:          0      58        0      
    +--+--------------------------+------+---------+---------+
       Grand Total:               2916   982       586    


LINKER GENERATED COPY TABLES

__TI_cinit_table @ 00000f30 records: 2, size/record: 8, table size: 16
	.data: load addr=00000f00, load size=00000016 bytes, run addr=20000228, run size=00000024 bytes, compression=lzss
	.bss: load addr=00000f28, load size=00000008 bytes, run addr=20000200, run size=00000026 bytes, compression=zero_init


LINKER GENERATED HANDLER TABLE

__TI_handler_table @ 00000f18 records: 3, size/record: 4, table size: 12
	index: 0, handler: __TI_decompress_lzss
	index: 1, handler: __TI_decompress_none
	index: 2, handler: __TI_zero_init


GLOBAL SYMBOLS: SORTED ALPHABETICALLY BY Name 

address   name                           
-------   ----                           
00000aa9  C$$EXIT                        
0000091d  CAN0IntHandler                 
000008b1  CANBitRateSet                  
00000c45  CANBitTimingGet                
00000db5  CANEnable                      
00000bd5  CANInit                        
00000ca1  CANIntClear                    
00000dbf  CANIntEnable                   
00000ceb  CANIntStatus                   
0000039f  CANMessageSet                  
00000d51  CANRetrySet                    
00000b95  CANStatusGet                   
00000d91  CPUcpsid                       
00000d9d  CPUcpsie                       
00000c75  GPIODirModeSet                 
0000026d  GPIOPadConfigSet               
00000afd  GPIOPinConfigure               
00000d25  GPIOPinTypeCAN                 
000005e1  InitCAN0                       
00000985  IntEnable                      
00000d63  IntMasterDisable               
00000d73  IntMasterEnable                
00000dc7  ResetISR                       
UNDEFED   SHT$$INIT_ARRAY$$Base          
UNDEFED   SHT$$INIT_ARRAY$$Limit         
000004d1  SysCtlClockGet                 
00000c11  SysCtlPeripheralEnable         
20000200  __STACK_END                    
00000200  __STACK_SIZE                   
20000200  __STACK_TOP                    
00000f30  __TI_CINIT_Base                
00000f40  __TI_CINIT_Limit               
00000f18  __TI_Handler_Table_Base        
00000f24  __TI_Handler_Table_Limit       
00000841  __TI_auto_init                 
20000228  __TI_cleanup_ptr               
000009ed  __TI_decompress_lzss           
00000d83  __TI_decompress_none           
2000022c  __TI_dtors_ptr                 
20000230  __TI_enable_exit_profile_output
ffffffff  __TI_pprof_out_hndl            
ffffffff  __TI_prof_data_size            
ffffffff  __TI_prof_data_start           
00000000  __TI_static_base__             
00000da9  __TI_zero_init                 
000007c5  __aeabi_memclr                 
000007c5  __aeabi_memclr4                
000007c5  __aeabi_memclr8                
00000729  __aeabi_memcpy                 
00000729  __aeabi_memcpy4                
00000729  __aeabi_memcpy8                
000007c7  __aeabi_memset                 
000007c7  __aeabi_memset4                
000007c7  __aeabi_memset8                
ffffffff  __binit__                      
ffffffff  __c_args__                     
00000d0b  __mpu_init                     
20000000  __stack                        
00000d0d  _args_main                     
00000a55  _c_int00                       
20000240  _lock                          
00000d4b  _nop                           
00000d43  _register_lock                 
00000d3d  _register_unlock               
00000d3b  _system_post_cinit             
00000dcd  _system_pre_init               
20000244  _unlock                        
00000aad  abort                          
ffffffff  binit                          
20000214  clkBits                        
00000b49  copy_in                        
00000ab5  exit                           
20000238  g_bRXFlag                      
00000000  g_pfnVectors                   
20000200  g_sCAN0TxMessage               
2000023c  g_ui32ErrFlag                  
20000234  g_ui32TXMsgCount               
20000224  g_ui8TXMsgData                 
00000689  main                           
20000248  main_func_sp                   
00000729  memcpy                         
000007cd  memset                         


GLOBAL SYMBOLS: SORTED BY Symbol Address 

address   name                           
-------   ----                           
00000000  __TI_static_base__             
00000000  g_pfnVectors                   
00000200  __STACK_SIZE                   
0000026d  GPIOPadConfigSet               
0000039f  CANMessageSet                  
000004d1  SysCtlClockGet                 
000005e1  InitCAN0                       
00000689  main                           
00000729  __aeabi_memcpy                 
00000729  __aeabi_memcpy4                
00000729  __aeabi_memcpy8                
00000729  memcpy                         
000007c5  __aeabi_memclr                 
000007c5  __aeabi_memclr4                
000007c5  __aeabi_memclr8                
000007c7  __aeabi_memset                 
000007c7  __aeabi_memset4                
000007c7  __aeabi_memset8                
000007cd  memset                         
00000841  __TI_auto_init                 
000008b1  CANBitRateSet                  
0000091d  CAN0IntHandler                 
00000985  IntEnable                      
000009ed  __TI_decompress_lzss           
00000a55  _c_int00                       
00000aa9  C$$EXIT                        
00000aad  abort                          
00000ab5  exit                           
00000afd  GPIOPinConfigure               
00000b49  copy_in                        
00000b95  CANStatusGet                   
00000bd5  CANInit                        
00000c11  SysCtlPeripheralEnable         
00000c45  CANBitTimingGet                
00000c75  GPIODirModeSet                 
00000ca1  CANIntClear                    
00000ceb  CANIntStatus                   
00000d0b  __mpu_init                     
00000d0d  _args_main                     
00000d25  GPIOPinTypeCAN                 
00000d3b  _system_post_cinit             
00000d3d  _register_unlock               
00000d43  _register_lock                 
00000d4b  _nop                           
00000d51  CANRetrySet                    
00000d63  IntMasterDisable               
00000d73  IntMasterEnable                
00000d83  __TI_decompress_none           
00000d91  CPUcpsid                       
00000d9d  CPUcpsie                       
00000da9  __TI_zero_init                 
00000db5  CANEnable                      
00000dbf  CANIntEnable                   
00000dc7  ResetISR                       
00000dcd  _system_pre_init               
00000f18  __TI_Handler_Table_Base        
00000f24  __TI_Handler_Table_Limit       
00000f30  __TI_CINIT_Base                
00000f40  __TI_CINIT_Limit               
20000000  __stack                        
20000200  __STACK_END                    
20000200  __STACK_TOP                    
20000200  g_sCAN0TxMessage               
20000214  clkBits                        
20000224  g_ui8TXMsgData                 
20000228  __TI_cleanup_ptr               
2000022c  __TI_dtors_ptr                 
20000230  __TI_enable_exit_profile_output
20000234  g_ui32TXMsgCount               
20000238  g_bRXFlag                      
2000023c  g_ui32ErrFlag                  
20000240  _lock                          
20000244  _unlock                        
20000248  main_func_sp                   
ffffffff  __TI_pprof_out_hndl            
ffffffff  __TI_prof_data_size            
ffffffff  __TI_prof_data_start           
ffffffff  __binit__                      
ffffffff  __c_args__                     
ffffffff  binit                          
UNDEFED   SHT$$INIT_ARRAY$$Base          
UNDEFED   SHT$$INIT_ARRAY$$Limit         

[82 symbols]
