******************************************************************************
                  TI ARM Linker PC v16.9.1                     
******************************************************************************
>> Linked Wed Feb 21 17:33:43 2018

OUTPUT FILE NAME:   <CANTX.out>
ENTRY POINT SYMBOL: "_c_int00"  address: 00000aad


MEMORY CONFIGURATION

         name            origin    length      used     unused   attr    fill
----------------------  --------  ---------  --------  --------  ----  --------
  FLASH                 00000000   00040000  00000ff4  0003f00c  R  X
  SRAM                  20000000   00008000  000004b5  00007b4b  RW X


SEGMENT ALLOCATION MAP

run origin  load origin   length   init length attrs members
----------  ----------- ---------- ----------- ----- -------
00000000    00000000    00000ff8   00000ff8    r-x
  00000000    00000000    0000026c   0000026c    r-- .intvecs
  0000026c    0000026c    00000c08   00000c08    r-x .text
  00000e74    00000e74    00000130   00000130    r-- .const
  00000fa8    00000fa8    00000050   00000050    r-- .cinit
20000000    20000000    000004b8   00000000    rw-
  20000000    20000000    0000026c   00000000    rw- .vtable
  2000026c    2000026c    00000200   00000000    rw- .stack
  2000046c    2000046c    00000025   00000000    rw- .bss
  20000494    20000494    00000024   00000000    rw- .data


SECTION ALLOCATION MAP

 output                                  attributes/
section   page    origin      length       input sections
--------  ----  ----------  ----------   ----------------
.intvecs   0    00000000    0000026c     
                  00000000    0000026c     startup_ccs.obj (.intvecs)

.text      0    0000026c    00000c08     
                  0000026c    00000132     driverlib.lib : gpio.obj (.text:GPIOPadConfigSet)
                  0000039e    00000130                   : can.obj (.text:CANMessageSet)
                  000004ce    00000002     startup_ccs.obj (.text:FaultISR)
                  000004d0    00000110     driverlib.lib : sysctl.obj (.text:SysCtlClockGet)
                  000005e0    000000b4     can_tx.obj (.text:InitCAN0)
                  00000694    000000a0     can_tx.obj (.text:main)
                  00000734    0000009c     rtsv7M4_T_le_v4SPD16_eabi.lib : memcpy_t2.obj (.text)
                  000007d0    0000007a                                   : memset_t2.obj (.text)
                  0000084a    00000002     startup_ccs.obj (.text:IntDefaultHandler)
                  0000084c    00000070     rtsv7M4_T_le_v4SPD16_eabi.lib : autoinit.obj (.text)
                  000008bc    0000006c     driverlib.lib : can.obj (.text:CANBitRateSet)
                  00000928    00000068                   : interrupt.obj (.text:IntEnable)
                  00000990    00000068     rtsv7M4_T_le_v4SPD16_eabi.lib : copy_decompress_lzss.obj (.text:decompress:lzss)
                  000009f8    0000005c     driverlib.lib : can.obj (.text:_CANIntNumberGet)
                  00000a54    00000058     can_tx.obj (.text:CAN0IntHandler)
                  00000aac    00000054     rtsv7M4_T_le_v4SPD16_eabi.lib : boot.obj (.text)
                  00000b00    00000054                                   : exit.obj (.text)
                  00000b54    0000004c     driverlib.lib : gpio.obj (.text:GPIOPinConfigure)
                  00000ba0    0000004c     rtsv7M4_T_le_v4SPD16_eabi.lib : cpy_tbl.obj (.text)
                  00000bec    00000040     driverlib.lib : can.obj (.text:CANStatusGet)
                  00000c2c    0000003a                   : can.obj (.text:CANInit)
                  00000c66    00000002     startup_ccs.obj (.text:NmiSR)
                  00000c68    00000034     driverlib.lib : interrupt.obj (.text:IntRegister)
                  00000c9c    00000034                   : sysctl.obj (.text:SysCtlPeripheralEnable)
                  00000cd0    00000030                   : can.obj (.text:CANBitTimingGet)
                  00000d00    0000002c                   : gpio.obj (.text:GPIODirModeSet)
                  00000d2c    00000026                   : can.obj (.text:CANIntClear)
                  00000d52    00000024                   : can.obj (.text:_CANDataRegWrite)
                  00000d76    00000020                   : can.obj (.text:CANIntStatus)
                  00000d96    00000018                   : can.obj (.text:CANIntRegister)
                  00000dae    00000002     rtsv7M4_T_le_v4SPD16_eabi.lib : mpu_init.obj (.text)
                  00000db0    00000018                                   : args_main.obj (.text)
                  00000dc8    00000016     driverlib.lib : gpio.obj (.text:GPIOPinTypeCAN)
                  00000dde    00000002     rtsv7M4_T_le_v4SPD16_eabi.lib : startup.obj (.text)
                  00000de0    00000014                                   : _lock.obj (.text)
                  00000df4    00000012     driverlib.lib : can.obj (.text:CANRetrySet)
                  00000e06    00000010                   : interrupt.obj (.text:IntMasterDisable)
                  00000e16    00000010                   : interrupt.obj (.text:IntMasterEnable)
                  00000e26    0000000e     rtsv7M4_T_le_v4SPD16_eabi.lib : copy_decompress_none.obj (.text:decompress:none)
                  00000e34    0000000c     driverlib.lib : cpu.obj (.text:CPUcpsid)
                  00000e40    0000000c                   : cpu.obj (.text:CPUcpsie)
                  00000e4c    0000000c     rtsv7M4_T_le_v4SPD16_eabi.lib : copy_zero_init.obj (.text:decompress:ZI)
                  00000e58    0000000a     driverlib.lib : can.obj (.text:CANEnable)
                  00000e62    00000008                   : can.obj (.text:CANIntEnable)
                  00000e6a    00000006     startup_ccs.obj (.text:ResetISR)
                  00000e70    00000004     rtsv7M4_T_le_v4SPD16_eabi.lib : pre_init.obj (.text)

.const     0    00000e74    00000130     
                  00000e74    00000090     driverlib.lib : gpio.obj (.const:g_pui32GPIOBaseAddrs)
                  00000f04    0000006c                   : sysctl.obj (.const:g_pui32Xtals)
                  00000f70    00000020                   : can.obj (.const:g_ui16CANBitValues)
                  00000f90    00000014                   : interrupt.obj (.const:g_pui32EnRegs)

.cinit     0    00000fa8    00000050     
                  00000fa8    00000016     (.cinit..data.load) [load image, compression = lzss]
                  00000fbe    00000002     --HOLE-- [fill = 0]
                  00000fc0    0000000c     (__TI_handler_table)
                  00000fcc    00000004     --HOLE-- [fill = 0]
                  00000fd0    00000008     (.cinit..bss.load) [load image, compression = zero_init]
                  00000fd8    00000008     (.cinit..vtable.load) [load image, compression = zero_init]
                  00000fe0    00000018     (__TI_cinit_table)

.init_array 
*          0    00000000    00000000     UNINITIALIZED

.vtable    0    20000000    0000026c     UNINITIALIZED
                  20000000    0000026c     driverlib.lib : interrupt.obj (.vtable)

.stack     0    2000026c    00000200     UNINITIALIZED
                  2000026c    00000200     --HOLE--

.bss       0    2000046c    00000025     UNINITIALIZED
                  2000046c    00000014     (.common:g_sCAN0TxMessage)
                  20000480    00000010     (.common:clkBits)
                  20000490    00000001     (.common:g_ui8TXMsgData)

.data      0    20000494    00000024     UNINITIALIZED
                  20000494    0000000c     rtsv7M4_T_le_v4SPD16_eabi.lib : exit.obj (.data:$O1$$)
                  200004a0    0000000c     can_tx.obj (.data)
                  200004ac    00000008     rtsv7M4_T_le_v4SPD16_eabi.lib : _lock.obj (.data:$O1$$)
                  200004b4    00000004                                   : stkdepth_vars.obj (.data)

MODULE SUMMARY

       Module                     code   ro data   rw data
       ------                     ----   -------   -------
    .\
       startup_ccs.obj            12     620       0      
       can_tx.obj                 428    0         49     
    +--+--------------------------+------+---------+---------+
       Total:                     440    620       49     
                                                          
    C:/ti/TivaWare_C_Series-2.1.3.156/driverlib/ccs/Debug/driverlib.lib
       can.obj                    840    32        0      
       interrupt.obj              188    20        620    
       gpio.obj                   448    144       0      
       sysctl.obj                 324    108       0      
       cpu.obj                    24     0         0      
    +--+--------------------------+------+---------+---------+
       Total:                     1824   304       620    
                                                          
    C:\ti\ccsv7\tools\compiler\ti-cgt-arm_16.9.1.LTS\lib\rtsv7M4_T_le_v4SPD16_eabi.lib
       memcpy_t2.obj              156    0         0      
       memset_t2.obj              122    0         0      
       autoinit.obj               112    0         0      
       copy_decompress_lzss.obj   104    0         0      
       exit.obj                   84     0         12     
       boot.obj                   84     0         0      
       cpy_tbl.obj                76     0         0      
       _lock.obj                  20     0         8      
       args_main.obj              24     0         0      
       copy_decompress_none.obj   14     0         0      
       copy_zero_init.obj         12     0         0      
       pre_init.obj               4      0         0      
       stkdepth_vars.obj          0      0         4      
       mpu_init.obj               2      0         0      
       startup.obj                2      0         0      
    +--+--------------------------+------+---------+---------+
       Total:                     816    0         24     
                                                          
       Stack:                     0      0         512    
       Linker Generated:          0      74        0      
    +--+--------------------------+------+---------+---------+
       Grand Total:               3080   998       1205   


LINKER GENERATED COPY TABLES

__TI_cinit_table @ 00000fe0 records: 3, size/record: 8, table size: 24
	.data: load addr=00000fa8, load size=00000016 bytes, run addr=20000494, run size=00000024 bytes, compression=lzss
	.bss: load addr=00000fd0, load size=00000008 bytes, run addr=2000046c, run size=00000025 bytes, compression=zero_init
	.vtable: load addr=00000fd8, load size=00000008 bytes, run addr=20000000, run size=0000026c bytes, compression=zero_init


LINKER GENERATED HANDLER TABLE

__TI_handler_table @ 00000fc0 records: 3, size/record: 4, table size: 12
	index: 0, handler: __TI_zero_init
	index: 1, handler: __TI_decompress_lzss
	index: 2, handler: __TI_decompress_none


GLOBAL SYMBOLS: SORTED ALPHABETICALLY BY Name 

address   name                           
-------   ----                           
00000b01  C$$EXIT                        
00000a55  CAN0IntHandler                 
000008bd  CANBitRateSet                  
00000cd1  CANBitTimingGet                
00000e59  CANEnable                      
00000c2d  CANInit                        
00000d2d  CANIntClear                    
00000e63  CANIntEnable                   
00000d97  CANIntRegister                 
00000d77  CANIntStatus                   
0000039f  CANMessageSet                  
00000df5  CANRetrySet                    
00000bed  CANStatusGet                   
00000e35  CPUcpsid                       
00000e41  CPUcpsie                       
00000d01  GPIODirModeSet                 
0000026d  GPIOPadConfigSet               
00000b55  GPIOPinConfigure               
00000dc9  GPIOPinTypeCAN                 
000005e1  InitCAN0                       
00000929  IntEnable                      
00000e07  IntMasterDisable               
00000e17  IntMasterEnable                
00000c69  IntRegister                    
00000e6b  ResetISR                       
UNDEFED   SHT$$INIT_ARRAY$$Base          
UNDEFED   SHT$$INIT_ARRAY$$Limit         
000004d1  SysCtlClockGet                 
00000c9d  SysCtlPeripheralEnable         
2000046c  __STACK_END                    
00000200  __STACK_SIZE                   
2000046c  __STACK_TOP                    
00000fe0  __TI_CINIT_Base                
00000ff8  __TI_CINIT_Limit               
00000fc0  __TI_Handler_Table_Base        
00000fcc  __TI_Handler_Table_Limit       
0000084d  __TI_auto_init                 
20000494  __TI_cleanup_ptr               
00000991  __TI_decompress_lzss           
00000e27  __TI_decompress_none           
20000498  __TI_dtors_ptr                 
2000049c  __TI_enable_exit_profile_output
ffffffff  __TI_pprof_out_hndl            
ffffffff  __TI_prof_data_size            
ffffffff  __TI_prof_data_start           
00000000  __TI_static_base__             
00000e4d  __TI_zero_init                 
000007d1  __aeabi_memclr                 
000007d1  __aeabi_memclr4                
000007d1  __aeabi_memclr8                
00000735  __aeabi_memcpy                 
00000735  __aeabi_memcpy4                
00000735  __aeabi_memcpy8                
000007d3  __aeabi_memset                 
000007d3  __aeabi_memset4                
000007d3  __aeabi_memset8                
ffffffff  __binit__                      
ffffffff  __c_args__                     
00000daf  __mpu_init                     
2000026c  __stack                        
00000db1  _args_main                     
00000aad  _c_int00                       
200004ac  _lock                          
00000def  _nop                           
00000de7  _register_lock                 
00000de1  _register_unlock               
00000ddf  _system_post_cinit             
00000e71  _system_pre_init               
200004b0  _unlock                        
00000b05  abort                          
ffffffff  binit                          
20000480  clkBits                        
00000ba1  copy_in                        
00000b0d  exit                           
200004a4  g_bRXFlag                      
20000000  g_pfnRAMVectors                
00000000  g_pfnVectors                   
2000046c  g_sCAN0TxMessage               
200004a8  g_ui32ErrFlag                  
200004a0  g_ui32TXMsgCount               
20000490  g_ui8TXMsgData                 
00000695  main                           
200004b4  main_func_sp                   
00000735  memcpy                         
000007d9  memset                         


GLOBAL SYMBOLS: SORTED BY Symbol Address 

address   name                           
-------   ----                           
00000000  __TI_static_base__             
00000000  g_pfnVectors                   
00000200  __STACK_SIZE                   
0000026d  GPIOPadConfigSet               
0000039f  CANMessageSet                  
000004d1  SysCtlClockGet                 
000005e1  InitCAN0                       
00000695  main                           
00000735  __aeabi_memcpy                 
00000735  __aeabi_memcpy4                
00000735  __aeabi_memcpy8                
00000735  memcpy                         
000007d1  __aeabi_memclr                 
000007d1  __aeabi_memclr4                
000007d1  __aeabi_memclr8                
000007d3  __aeabi_memset                 
000007d3  __aeabi_memset4                
000007d3  __aeabi_memset8                
000007d9  memset                         
0000084d  __TI_auto_init                 
000008bd  CANBitRateSet                  
00000929  IntEnable                      
00000991  __TI_decompress_lzss           
00000a55  CAN0IntHandler                 
00000aad  _c_int00                       
00000b01  C$$EXIT                        
00000b05  abort                          
00000b0d  exit                           
00000b55  GPIOPinConfigure               
00000ba1  copy_in                        
00000bed  CANStatusGet                   
00000c2d  CANInit                        
00000c69  IntRegister                    
00000c9d  SysCtlPeripheralEnable         
00000cd1  CANBitTimingGet                
00000d01  GPIODirModeSet                 
00000d2d  CANIntClear                    
00000d77  CANIntStatus                   
00000d97  CANIntRegister                 
00000daf  __mpu_init                     
00000db1  _args_main                     
00000dc9  GPIOPinTypeCAN                 
00000ddf  _system_post_cinit             
00000de1  _register_unlock               
00000de7  _register_lock                 
00000def  _nop                           
00000df5  CANRetrySet                    
00000e07  IntMasterDisable               
00000e17  IntMasterEnable                
00000e27  __TI_decompress_none           
00000e35  CPUcpsid                       
00000e41  CPUcpsie                       
00000e4d  __TI_zero_init                 
00000e59  CANEnable                      
00000e63  CANIntEnable                   
00000e6b  ResetISR                       
00000e71  _system_pre_init               
00000fc0  __TI_Handler_Table_Base        
00000fcc  __TI_Handler_Table_Limit       
00000fe0  __TI_CINIT_Base                
00000ff8  __TI_CINIT_Limit               
20000000  g_pfnRAMVectors                
2000026c  __stack                        
2000046c  __STACK_END                    
2000046c  __STACK_TOP                    
2000046c  g_sCAN0TxMessage               
20000480  clkBits                        
20000490  g_ui8TXMsgData                 
20000494  __TI_cleanup_ptr               
20000498  __TI_dtors_ptr                 
2000049c  __TI_enable_exit_profile_output
200004a0  g_ui32TXMsgCount               
200004a4  g_bRXFlag                      
200004a8  g_ui32ErrFlag                  
200004ac  _lock                          
200004b0  _unlock                        
200004b4  main_func_sp                   
ffffffff  __TI_pprof_out_hndl            
ffffffff  __TI_prof_data_size            
ffffffff  __TI_prof_data_start           
ffffffff  __binit__                      
ffffffff  __c_args__                     
ffffffff  binit                          
UNDEFED   SHT$$INIT_ARRAY$$Base          
UNDEFED   SHT$$INIT_ARRAY$$Limit         

[85 symbols]
