<?xml version="1.0"?>
<link_info>
   <banner>TI ARM Linker PC v16.9.1.LTS</banner>
   <copyright>Copyright (c) 1996-2015 Texas Instruments Incorporated</copyright>
   <link_time>0x5a944c30</link_time>
   <link_errors>0x0</link_errors>
   <output_file>CANTX.out</output_file>
   <entry_point>
      <name>_c_int00</name>
      <address>0xa55</address>
   </entry_point>
   <input_file_list>
      <input_file id="fl-2">
         <path>.\</path>
         <kind>object</kind>
         <file>can_tx.obj</file>
         <name>can_tx.obj</name>
      </input_file>
      <input_file id="fl-3">
         <path>.\</path>
         <kind>object</kind>
         <file>startup_ccs.obj</file>
         <name>startup_ccs.obj</name>
      </input_file>
      <input_file id="fl-4">
         <path>.\utils\</path>
         <kind>object</kind>
         <file>uartstdio.obj</file>
         <name>uartstdio.obj</name>
      </input_file>
      <input_file id="fl-c0">
         <path>C:\ti\ccsv7\tools\compiler\ti-cgt-arm_16.9.1.LTS\lib\</path>
         <kind>archive</kind>
         <file>rtsv7M4_T_le_v4SPD16_eabi.lib</file>
         <name>boot.obj</name>
      </input_file>
      <input_file id="fl-c1">
         <path>C:\ti\ccsv7\tools\compiler\ti-cgt-arm_16.9.1.LTS\lib\</path>
         <kind>archive</kind>
         <file>rtsv7M4_T_le_v4SPD16_eabi.lib</file>
         <name>copy_decompress_lzss.obj</name>
      </input_file>
      <input_file id="fl-c2">
         <path>C:\ti\ccsv7\tools\compiler\ti-cgt-arm_16.9.1.LTS\lib\</path>
         <kind>archive</kind>
         <file>rtsv7M4_T_le_v4SPD16_eabi.lib</file>
         <name>copy_decompress_none.obj</name>
      </input_file>
      <input_file id="fl-c3">
         <path>C:\ti\ccsv7\tools\compiler\ti-cgt-arm_16.9.1.LTS\lib\</path>
         <kind>archive</kind>
         <file>rtsv7M4_T_le_v4SPD16_eabi.lib</file>
         <name>copy_zero_init.obj</name>
      </input_file>
      <input_file id="fl-c4">
         <path>C:\ti\ccsv7\tools\compiler\ti-cgt-arm_16.9.1.LTS\lib\</path>
         <kind>archive</kind>
         <file>rtsv7M4_T_le_v4SPD16_eabi.lib</file>
         <name>exit.obj</name>
      </input_file>
      <input_file id="fl-c5">
         <path>C:\ti\ccsv7\tools\compiler\ti-cgt-arm_16.9.1.LTS\lib\</path>
         <kind>archive</kind>
         <file>rtsv7M4_T_le_v4SPD16_eabi.lib</file>
         <name>memcpy_t2.obj</name>
      </input_file>
      <input_file id="fl-c6">
         <path>C:\ti\ccsv7\tools\compiler\ti-cgt-arm_16.9.1.LTS\lib\</path>
         <kind>archive</kind>
         <file>rtsv7M4_T_le_v4SPD16_eabi.lib</file>
         <name>memset_t2.obj</name>
      </input_file>
      <input_file id="fl-c7">
         <path>C:\ti\ccsv7\tools\compiler\ti-cgt-arm_16.9.1.LTS\lib\</path>
         <kind>archive</kind>
         <file>rtsv7M4_T_le_v4SPD16_eabi.lib</file>
         <name>mpu_init.obj</name>
      </input_file>
      <input_file id="fl-c8">
         <path>C:\ti\ccsv7\tools\compiler\ti-cgt-arm_16.9.1.LTS\lib\</path>
         <kind>archive</kind>
         <file>rtsv7M4_T_le_v4SPD16_eabi.lib</file>
         <name>pre_init.obj</name>
      </input_file>
      <input_file id="fl-c9">
         <path>C:\ti\ccsv7\tools\compiler\ti-cgt-arm_16.9.1.LTS\lib\</path>
         <kind>archive</kind>
         <file>rtsv7M4_T_le_v4SPD16_eabi.lib</file>
         <name>stkdepth_vars.obj</name>
      </input_file>
      <input_file id="fl-ca">
         <path>C:\ti\ccsv7\tools\compiler\ti-cgt-arm_16.9.1.LTS\lib\</path>
         <kind>archive</kind>
         <file>rtsv7M4_T_le_v4SPD16_eabi.lib</file>
         <name>u_divt2.obj</name>
      </input_file>
      <input_file id="fl-cb">
         <path>C:\ti\ccsv7\tools\compiler\ti-cgt-arm_16.9.1.LTS\lib\</path>
         <kind>archive</kind>
         <file>rtsv7M4_T_le_v4SPD16_eabi.lib</file>
         <name>_lock.obj</name>
      </input_file>
      <input_file id="fl-cc">
         <path>C:\ti\ccsv7\tools\compiler\ti-cgt-arm_16.9.1.LTS\lib\</path>
         <kind>archive</kind>
         <file>rtsv7M4_T_le_v4SPD16_eabi.lib</file>
         <name>args_main.obj</name>
      </input_file>
      <input_file id="fl-cd">
         <path>C:\ti\ccsv7\tools\compiler\ti-cgt-arm_16.9.1.LTS\lib\</path>
         <kind>archive</kind>
         <file>rtsv7M4_T_le_v4SPD16_eabi.lib</file>
         <name>autoinit.obj</name>
      </input_file>
      <input_file id="fl-ce">
         <path>C:\ti\ccsv7\tools\compiler\ti-cgt-arm_16.9.1.LTS\lib\</path>
         <kind>archive</kind>
         <file>rtsv7M4_T_le_v4SPD16_eabi.lib</file>
         <name>cpy_tbl.obj</name>
      </input_file>
      <input_file id="fl-cf">
         <path>C:\ti\ccsv7\tools\compiler\ti-cgt-arm_16.9.1.LTS\lib\</path>
         <kind>archive</kind>
         <file>rtsv7M4_T_le_v4SPD16_eabi.lib</file>
         <name>i_div0.obj</name>
      </input_file>
      <input_file id="fl-d0">
         <path>C:\ti\ccsv7\tools\compiler\ti-cgt-arm_16.9.1.LTS\lib\</path>
         <kind>archive</kind>
         <file>rtsv7M4_T_le_v4SPD16_eabi.lib</file>
         <name>startup.obj</name>
      </input_file>
      <input_file id="fl-d1">
         <path>C:\ti\TivaWare_C_Series-2.1.3.156\driverlib\ccs\Debug\</path>
         <kind>archive</kind>
         <file>driverlib.lib</file>
         <name>can.obj</name>
      </input_file>
      <input_file id="fl-d2">
         <path>C:\ti\TivaWare_C_Series-2.1.3.156\driverlib\ccs\Debug\</path>
         <kind>archive</kind>
         <file>driverlib.lib</file>
         <name>gpio.obj</name>
      </input_file>
      <input_file id="fl-d3">
         <path>C:\ti\TivaWare_C_Series-2.1.3.156\driverlib\ccs\Debug\</path>
         <kind>archive</kind>
         <file>driverlib.lib</file>
         <name>interrupt.obj</name>
      </input_file>
      <input_file id="fl-d4">
         <path>C:\ti\TivaWare_C_Series-2.1.3.156\driverlib\ccs\Debug\</path>
         <kind>archive</kind>
         <file>driverlib.lib</file>
         <name>sysctl.obj</name>
      </input_file>
      <input_file id="fl-d5">
         <path>C:\ti\TivaWare_C_Series-2.1.3.156\driverlib\ccs\Debug\</path>
         <kind>archive</kind>
         <file>driverlib.lib</file>
         <name>cpu.obj</name>
      </input_file>
   </input_file_list>
   <object_component_list>
      <object_component id="oc-f">
         <name>.intvecs</name>
         <load_address>0x0</load_address>
         <run_address>0x0</run_address>
         <size>0x26c</size>
         <input_file_ref idref="fl-3"/>
      </object_component>
      <object_component id="oc-1ba">
         <name>.text:GPIOPadConfigSet</name>
         <load_address>0x26c</load_address>
         <run_address>0x26c</run_address>
         <size>0x132</size>
         <input_file_ref idref="fl-d2"/>
      </object_component>
      <object_component id="oc-a1">
         <name>.text:CANMessageSet</name>
         <load_address>0x39e</load_address>
         <run_address>0x39e</run_address>
         <size>0x130</size>
         <input_file_ref idref="fl-d1"/>
      </object_component>
      <object_component id="oc-37">
         <name>.text:FaultISR</name>
         <load_address>0x4ce</load_address>
         <run_address>0x4ce</run_address>
         <size>0x2</size>
         <input_file_ref idref="fl-3"/>
      </object_component>
      <object_component id="oc-17b">
         <name>.text:SysCtlClockGet</name>
         <load_address>0x4d0</load_address>
         <run_address>0x4d0</run_address>
         <size>0x110</size>
         <input_file_ref idref="fl-d4"/>
      </object_component>
      <object_component id="oc-124">
         <name>.text:InitCAN0</name>
         <load_address>0x5e0</load_address>
         <run_address>0x5e0</run_address>
         <size>0xa8</size>
         <input_file_ref idref="fl-2"/>
      </object_component>
      <object_component id="oc-e1">
         <name>.text:main</name>
         <load_address>0x688</load_address>
         <run_address>0x688</run_address>
         <size>0xa0</size>
         <input_file_ref idref="fl-2"/>
      </object_component>
      <object_component id="oc-57">
         <name>.text</name>
         <load_address>0x728</load_address>
         <run_address>0x728</run_address>
         <size>0x9c</size>
         <input_file_ref idref="fl-c5"/>
      </object_component>
      <object_component id="oc-63">
         <name>.text</name>
         <load_address>0x7c4</load_address>
         <run_address>0x7c4</run_address>
         <size>0x7a</size>
         <input_file_ref idref="fl-c6"/>
      </object_component>
      <object_component id="oc-3d">
         <name>.text:IntDefaultHandler</name>
         <load_address>0x83e</load_address>
         <run_address>0x83e</run_address>
         <size>0x2</size>
         <input_file_ref idref="fl-3"/>
      </object_component>
      <object_component id="oc-7b">
         <name>.text</name>
         <load_address>0x840</load_address>
         <run_address>0x840</run_address>
         <size>0x70</size>
         <input_file_ref idref="fl-cd"/>
      </object_component>
      <object_component id="oc-181">
         <name>.text:CANBitRateSet</name>
         <load_address>0x8b0</load_address>
         <run_address>0x8b0</run_address>
         <size>0x6c</size>
         <input_file_ref idref="fl-d1"/>
      </object_component>
      <object_component id="oc-43">
         <name>.text:CAN0IntHandler</name>
         <load_address>0x91c</load_address>
         <run_address>0x91c</run_address>
         <size>0x68</size>
         <input_file_ref idref="fl-2"/>
      </object_component>
      <object_component id="oc-193">
         <name>.text:IntEnable</name>
         <load_address>0x984</load_address>
         <run_address>0x984</run_address>
         <size>0x68</size>
         <input_file_ref idref="fl-d3"/>
      </object_component>
      <object_component id="oc-12">
         <name>.text:decompress:lzss</name>
         <load_address>0x9ec</load_address>
         <run_address>0x9ec</run_address>
         <size>0x68</size>
         <input_file_ref idref="fl-c1"/>
      </object_component>
      <object_component id="oc-24">
         <name>.text</name>
         <load_address>0xa54</load_address>
         <run_address>0xa54</run_address>
         <size>0x54</size>
         <input_file_ref idref="fl-c0"/>
      </object_component>
      <object_component id="oc-87">
         <name>.text</name>
         <load_address>0xaa8</load_address>
         <run_address>0xaa8</run_address>
         <size>0x54</size>
         <input_file_ref idref="fl-c4"/>
      </object_component>
      <object_component id="oc-169">
         <name>.text:GPIOPinConfigure</name>
         <load_address>0xafc</load_address>
         <run_address>0xafc</run_address>
         <size>0x4c</size>
         <input_file_ref idref="fl-d2"/>
      </object_component>
      <object_component id="oc-d3">
         <name>.text</name>
         <load_address>0xb48</load_address>
         <run_address>0xb48</run_address>
         <size>0x4c</size>
         <input_file_ref idref="fl-ce"/>
      </object_component>
      <object_component id="oc-9b">
         <name>.text:CANStatusGet</name>
         <load_address>0xb94</load_address>
         <run_address>0xb94</run_address>
         <size>0x40</size>
         <input_file_ref idref="fl-d1"/>
      </object_component>
      <object_component id="oc-175">
         <name>.text:CANInit</name>
         <load_address>0xbd4</load_address>
         <run_address>0xbd4</run_address>
         <size>0x3a</size>
         <input_file_ref idref="fl-d1"/>
      </object_component>
      <object_component id="oc-31">
         <name>.text:NmiSR</name>
         <load_address>0xc0e</load_address>
         <run_address>0xc0e</run_address>
         <size>0x2</size>
         <input_file_ref idref="fl-3"/>
      </object_component>
      <object_component id="oc-163">
         <name>.text:SysCtlPeripheralEnable</name>
         <load_address>0xc10</load_address>
         <run_address>0xc10</run_address>
         <size>0x34</size>
         <input_file_ref idref="fl-d4"/>
      </object_component>
      <object_component id="oc-130">
         <name>.text:CANBitTimingGet</name>
         <load_address>0xc44</load_address>
         <run_address>0xc44</run_address>
         <size>0x30</size>
         <input_file_ref idref="fl-d1"/>
      </object_component>
      <object_component id="oc-1b4">
         <name>.text:GPIODirModeSet</name>
         <load_address>0xc74</load_address>
         <run_address>0xc74</run_address>
         <size>0x2c</size>
         <input_file_ref idref="fl-d2"/>
      </object_component>
      <object_component id="oc-a7">
         <name>.text:CANIntClear</name>
         <load_address>0xca0</load_address>
         <run_address>0xca0</run_address>
         <size>0x26</size>
         <input_file_ref idref="fl-d1"/>
      </object_component>
      <object_component id="oc-fc">
         <name>.text:_CANDataRegWrite</name>
         <load_address>0xcc6</load_address>
         <run_address>0xcc6</run_address>
         <size>0x24</size>
         <input_file_ref idref="fl-d1"/>
      </object_component>
      <object_component id="oc-95">
         <name>.text:CANIntStatus</name>
         <load_address>0xcea</load_address>
         <run_address>0xcea</run_address>
         <size>0x20</size>
         <input_file_ref idref="fl-d1"/>
      </object_component>
      <object_component id="oc-6f">
         <name>.text</name>
         <load_address>0xd0a</load_address>
         <run_address>0xd0a</run_address>
         <size>0x2</size>
         <input_file_ref idref="fl-c7"/>
      </object_component>
      <object_component id="oc-81">
         <name>.text</name>
         <load_address>0xd0c</load_address>
         <run_address>0xd0c</run_address>
         <size>0x18</size>
         <input_file_ref idref="fl-cc"/>
      </object_component>
      <object_component id="oc-16f">
         <name>.text:GPIOPinTypeCAN</name>
         <load_address>0xd24</load_address>
         <run_address>0xd24</run_address>
         <size>0x16</size>
         <input_file_ref idref="fl-d2"/>
      </object_component>
      <object_component id="oc-d9">
         <name>.text</name>
         <load_address>0xd3a</load_address>
         <run_address>0xd3a</run_address>
         <size>0x2</size>
         <input_file_ref idref="fl-d0"/>
      </object_component>
      <object_component id="oc-141">
         <name>.text</name>
         <load_address>0xd3c</load_address>
         <run_address>0xd3c</run_address>
         <size>0x14</size>
         <input_file_ref idref="fl-cb"/>
      </object_component>
      <object_component id="oc-187">
         <name>.text:CANRetrySet</name>
         <load_address>0xd50</load_address>
         <run_address>0xd50</run_address>
         <size>0x12</size>
         <input_file_ref idref="fl-d1"/>
      </object_component>
      <object_component id="oc-11e">
         <name>.text:IntMasterDisable</name>
         <load_address>0xd62</load_address>
         <run_address>0xd62</run_address>
         <size>0x10</size>
         <input_file_ref idref="fl-d3"/>
      </object_component>
      <object_component id="oc-12a">
         <name>.text:IntMasterEnable</name>
         <load_address>0xd72</load_address>
         <run_address>0xd72</run_address>
         <size>0x10</size>
         <input_file_ref idref="fl-d3"/>
      </object_component>
      <object_component id="oc-18">
         <name>.text:decompress:none</name>
         <load_address>0xd82</load_address>
         <run_address>0xd82</run_address>
         <size>0xe</size>
         <input_file_ref idref="fl-c2"/>
      </object_component>
      <object_component id="oc-15c">
         <name>.text:CPUcpsid</name>
         <load_address>0xd90</load_address>
         <run_address>0xd90</run_address>
         <size>0xc</size>
         <input_file_ref idref="fl-d5"/>
      </object_component>
      <object_component id="oc-1a1">
         <name>.text:CPUcpsie</name>
         <load_address>0xd9c</load_address>
         <run_address>0xd9c</run_address>
         <size>0xc</size>
         <input_file_ref idref="fl-d5"/>
      </object_component>
      <object_component id="oc-1e">
         <name>.text:decompress:ZI</name>
         <load_address>0xda8</load_address>
         <run_address>0xda8</run_address>
         <size>0xc</size>
         <input_file_ref idref="fl-c3"/>
      </object_component>
      <object_component id="oc-199">
         <name>.text:CANEnable</name>
         <load_address>0xdb4</load_address>
         <run_address>0xdb4</run_address>
         <size>0xa</size>
         <input_file_ref idref="fl-d1"/>
      </object_component>
      <object_component id="oc-18d">
         <name>.text:CANIntEnable</name>
         <load_address>0xdbe</load_address>
         <run_address>0xdbe</run_address>
         <size>0x8</size>
         <input_file_ref idref="fl-d1"/>
      </object_component>
      <object_component id="oc-2b">
         <name>.text:ResetISR</name>
         <load_address>0xdc6</load_address>
         <run_address>0xdc6</run_address>
         <size>0x6</size>
         <input_file_ref idref="fl-3"/>
      </object_component>
      <object_component id="oc-75">
         <name>.text</name>
         <load_address>0xdcc</load_address>
         <run_address>0xdcc</run_address>
         <size>0x4</size>
         <input_file_ref idref="fl-c8"/>
      </object_component>
      <object_component id="oc-1af">
         <name>.const:g_pui32GPIOBaseAddrs</name>
         <load_address>0xdd0</load_address>
         <run_address>0xdd0</run_address>
         <size>0x90</size>
         <input_file_ref idref="fl-d2"/>
      </object_component>
      <object_component id="oc-1c2">
         <name>.const:g_pui32Xtals</name>
         <load_address>0xe60</load_address>
         <run_address>0xe60</run_address>
         <size>0x6c</size>
         <input_file_ref idref="fl-d4"/>
      </object_component>
      <object_component id="oc-1c6">
         <name>.const:g_ui16CANBitValues</name>
         <load_address>0xecc</load_address>
         <run_address>0xecc</run_address>
         <size>0x20</size>
         <input_file_ref idref="fl-d1"/>
      </object_component>
      <object_component id="oc-1cc">
         <name>.const:g_pui32EnRegs</name>
         <load_address>0xeec</load_address>
         <run_address>0xeec</run_address>
         <size>0x14</size>
         <input_file_ref idref="fl-d3"/>
      </object_component>
      <object_component id="oc-208">
         <name>.cinit..data.load</name>
         <load_address>0xf00</load_address>
         <run_address>0xf00</run_address>
         <size>0x16</size>
      </object_component>
      <object_component id="oc-206">
         <name>__TI_handler_table</name>
         <load_address>0xf18</load_address>
         <run_address>0xf18</run_address>
         <size>0xc</size>
      </object_component>
      <object_component id="oc-209">
         <name>.cinit..bss.load</name>
         <load_address>0xf28</load_address>
         <run_address>0xf28</run_address>
         <size>0x8</size>
      </object_component>
      <object_component id="oc-207">
         <name>__TI_cinit_table</name>
         <load_address>0xf30</load_address>
         <run_address>0xf30</run_address>
         <size>0x10</size>
      </object_component>
      <object_component id="oc-ad">
         <name>.data</name>
         <load_address>0x20000234</load_address>
         <run_address>0x20000234</run_address>
         <size>0xc</size>
         <input_file_ref idref="fl-2"/>
      </object_component>
      <object_component id="oc-e9">
         <name>.data:$O1$$</name>
         <load_address>0x20000228</load_address>
         <run_address>0x20000228</run_address>
         <size>0xc</size>
         <input_file_ref idref="fl-c4"/>
      </object_component>
      <object_component id="oc-8d">
         <name>.data</name>
         <load_address>0x20000248</load_address>
         <run_address>0x20000248</run_address>
         <size>0x4</size>
         <input_file_ref idref="fl-c9"/>
      </object_component>
      <object_component id="oc-ec">
         <name>.data:$O1$$</name>
         <load_address>0x20000240</load_address>
         <run_address>0x20000240</run_address>
         <size>0x8</size>
         <input_file_ref idref="fl-cb"/>
      </object_component>
      <object_component id="oc-b0">
         <name>.common:g_sCAN0TxMessage</name>
         <uninitialized>true</uninitialized>
         <run_address>0x20000200</run_address>
         <size>0x14</size>
      </object_component>
      <object_component id="oc-19f">
         <name>.common:g_ui8TXMsgData</name>
         <uninitialized>true</uninitialized>
         <run_address>0x20000224</run_address>
         <size>0x2</size>
      </object_component>
      <object_component id="oc-136">
         <name>.common:clkBits</name>
         <uninitialized>true</uninitialized>
         <run_address>0x20000214</run_address>
         <size>0x10</size>
      </object_component>
      <object_component id="oc-2a">
         <name>.stack</name>
         <uninitialized>true</uninitialized>
         <run_address>0x20000000</run_address>
         <size>0x0</size>
         <input_file_ref idref="fl-c0"/>
      </object_component>
      <object_component id="oc-20a">
         <name>.stack</name>
         <uninitialized>true</uninitialized>
         <run_address>0x20000000</run_address>
         <size>0x0</size>
      </object_component>
      <object_component id="oc-b1">
         <name>.debug_info</name>
         <load_address>0x0</load_address>
         <run_address>0x0</run_address>
         <size>0x4e2</size>
         <input_file_ref idref="fl-2"/>
      </object_component>
      <object_component id="oc-ae">
         <name>.debug_info</name>
         <load_address>0x4e2</load_address>
         <run_address>0x4e2</run_address>
         <size>0x13b</size>
         <input_file_ref idref="fl-2"/>
      </object_component>
      <object_component id="oc-44">
         <name>.debug_info</name>
         <load_address>0x61d</load_address>
         <run_address>0x61d</run_address>
         <size>0x181</size>
         <input_file_ref idref="fl-2"/>
      </object_component>
      <object_component id="oc-125">
         <name>.debug_info</name>
         <load_address>0x79e</load_address>
         <run_address>0x79e</run_address>
         <size>0x205</size>
         <input_file_ref idref="fl-2"/>
      </object_component>
      <object_component id="oc-e3">
         <name>.debug_info</name>
         <load_address>0x9a3</load_address>
         <run_address>0x9a3</run_address>
         <size>0x19c</size>
         <input_file_ref idref="fl-2"/>
      </object_component>
      <object_component id="oc-f5">
         <name>.debug_info</name>
         <load_address>0xb3f</load_address>
         <run_address>0xb3f</run_address>
         <size>0x1b3</size>
         <input_file_ref idref="fl-2"/>
      </object_component>
      <object_component id="oc-103">
         <name>.debug_info</name>
         <load_address>0xcf2</load_address>
         <run_address>0xcf2</run_address>
         <size>0x8b</size>
         <input_file_ref idref="fl-2"/>
      </object_component>
      <object_component id="oc-b4">
         <name>.debug_info</name>
         <load_address>0xd7d</load_address>
         <run_address>0xd7d</run_address>
         <size>0x18b</size>
         <input_file_ref idref="fl-2"/>
      </object_component>
      <object_component id="oc-4b">
         <name>.debug_info</name>
         <load_address>0xf08</load_address>
         <run_address>0xf08</run_address>
         <size>0x123</size>
         <input_file_ref idref="fl-3"/>
      </object_component>
      <object_component id="oc-10">
         <name>.debug_info</name>
         <load_address>0x102b</load_address>
         <run_address>0x102b</run_address>
         <size>0xea</size>
         <input_file_ref idref="fl-3"/>
      </object_component>
      <object_component id="oc-2d">
         <name>.debug_info</name>
         <load_address>0x1115</load_address>
         <run_address>0x1115</run_address>
         <size>0x11a</size>
         <input_file_ref idref="fl-3"/>
      </object_component>
      <object_component id="oc-33">
         <name>.debug_info</name>
         <load_address>0x122f</load_address>
         <run_address>0x122f</run_address>
         <size>0x10b</size>
         <input_file_ref idref="fl-3"/>
      </object_component>
      <object_component id="oc-39">
         <name>.debug_info</name>
         <load_address>0x133a</load_address>
         <run_address>0x133a</run_address>
         <size>0x111</size>
         <input_file_ref idref="fl-3"/>
      </object_component>
      <object_component id="oc-3e">
         <name>.debug_info</name>
         <load_address>0x144b</load_address>
         <run_address>0x144b</run_address>
         <size>0x123</size>
         <input_file_ref idref="fl-3"/>
      </object_component>
      <object_component id="oc-52">
         <name>.debug_info</name>
         <load_address>0x156e</load_address>
         <run_address>0x156e</run_address>
         <size>0x84</size>
         <input_file_ref idref="fl-3"/>
      </object_component>
      <object_component id="oc-26">
         <name>.debug_info</name>
         <load_address>0x15f2</load_address>
         <run_address>0x15f2</run_address>
         <size>0x160</size>
         <input_file_ref idref="fl-c0"/>
      </object_component>
      <object_component id="oc-c0">
         <name>.debug_info</name>
         <load_address>0x1752</load_address>
         <run_address>0x1752</run_address>
         <size>0xf9</size>
         <input_file_ref idref="fl-c1"/>
      </object_component>
      <object_component id="oc-16">
         <name>.debug_info</name>
         <load_address>0x184b</load_address>
         <run_address>0x184b</run_address>
         <size>0x245</size>
         <input_file_ref idref="fl-c1"/>
      </object_component>
      <object_component id="oc-4d">
         <name>.debug_info</name>
         <load_address>0x1a90</load_address>
         <run_address>0x1a90</run_address>
         <size>0x60</size>
         <input_file_ref idref="fl-c1"/>
      </object_component>
      <object_component id="oc-bb">
         <name>.debug_info</name>
         <load_address>0x1af0</load_address>
         <run_address>0x1af0</run_address>
         <size>0x46</size>
         <input_file_ref idref="fl-c1"/>
      </object_component>
      <object_component id="oc-62">
         <name>.debug_info</name>
         <load_address>0x1b36</load_address>
         <run_address>0x1b36</run_address>
         <size>0x140</size>
         <input_file_ref idref="fl-c2"/>
      </object_component>
      <object_component id="oc-19">
         <name>.debug_info</name>
         <load_address>0x1c76</load_address>
         <run_address>0x1c76</run_address>
         <size>0x1df</size>
         <input_file_ref idref="fl-c2"/>
      </object_component>
      <object_component id="oc-5d">
         <name>.debug_info</name>
         <load_address>0x1e55</load_address>
         <run_address>0x1e55</run_address>
         <size>0x46</size>
         <input_file_ref idref="fl-c2"/>
      </object_component>
      <object_component id="oc-c2">
         <name>.debug_info</name>
         <load_address>0x1e9b</load_address>
         <run_address>0x1e9b</run_address>
         <size>0x2c</size>
         <input_file_ref idref="fl-c2"/>
      </object_component>
      <object_component id="oc-6e">
         <name>.debug_info</name>
         <load_address>0x1ec7</load_address>
         <run_address>0x1ec7</run_address>
         <size>0x12f</size>
         <input_file_ref idref="fl-c3"/>
      </object_component>
      <object_component id="oc-22">
         <name>.debug_info</name>
         <load_address>0x1ff6</load_address>
         <run_address>0x1ff6</run_address>
         <size>0x1aa</size>
         <input_file_ref idref="fl-c3"/>
      </object_component>
      <object_component id="oc-69">
         <name>.debug_info</name>
         <load_address>0x21a0</load_address>
         <run_address>0x21a0</run_address>
         <size>0x46</size>
         <input_file_ref idref="fl-c3"/>
      </object_component>
      <object_component id="oc-ca">
         <name>.debug_info</name>
         <load_address>0x21e6</load_address>
         <run_address>0x21e6</run_address>
         <size>0x2c</size>
         <input_file_ref idref="fl-c3"/>
      </object_component>
      <object_component id="oc-f0">
         <name>.debug_info</name>
         <load_address>0x2212</load_address>
         <run_address>0x2212</run_address>
         <size>0x234</size>
         <input_file_ref idref="fl-c4"/>
      </object_component>
      <object_component id="oc-ea">
         <name>.debug_info</name>
         <load_address>0x2446</load_address>
         <run_address>0x2446</run_address>
         <size>0x185</size>
         <input_file_ref idref="fl-c4"/>
      </object_component>
      <object_component id="oc-88">
         <name>.debug_info</name>
         <load_address>0x25cb</load_address>
         <run_address>0x25cb</run_address>
         <size>0x214</size>
         <input_file_ref idref="fl-c4"/>
      </object_component>
      <object_component id="oc-58">
         <name>.debug_info</name>
         <load_address>0x27df</load_address>
         <run_address>0x27df</run_address>
         <size>0x111</size>
         <input_file_ref idref="fl-c5"/>
      </object_component>
      <object_component id="oc-65">
         <name>.debug_info</name>
         <load_address>0x28f0</load_address>
         <run_address>0x28f0</run_address>
         <size>0x13f</size>
         <input_file_ref idref="fl-c6"/>
      </object_component>
      <object_component id="oc-70">
         <name>.debug_info</name>
         <load_address>0x2a2f</load_address>
         <run_address>0x2a2f</run_address>
         <size>0x138</size>
         <input_file_ref idref="fl-c7"/>
      </object_component>
      <object_component id="oc-76">
         <name>.debug_info</name>
         <load_address>0x2b67</load_address>
         <run_address>0x2b67</run_address>
         <size>0x148</size>
         <input_file_ref idref="fl-c8"/>
      </object_component>
      <object_component id="oc-8e">
         <name>.debug_info</name>
         <load_address>0x2caf</load_address>
         <run_address>0x2caf</run_address>
         <size>0x109</size>
         <input_file_ref idref="fl-c9"/>
      </object_component>
      <object_component id="oc-149">
         <name>.debug_info</name>
         <load_address>0x2db8</load_address>
         <run_address>0x2db8</run_address>
         <size>0x124</size>
         <input_file_ref idref="fl-cb"/>
      </object_component>
      <object_component id="oc-ed">
         <name>.debug_info</name>
         <load_address>0x2edc</load_address>
         <run_address>0x2edc</run_address>
         <size>0x113</size>
         <input_file_ref idref="fl-cb"/>
      </object_component>
      <object_component id="oc-144">
         <name>.debug_info</name>
         <load_address>0x2fef</load_address>
         <run_address>0x2fef</run_address>
         <size>0x21f</size>
         <input_file_ref idref="fl-cb"/>
      </object_component>
      <object_component id="oc-e8">
         <name>.debug_info</name>
         <load_address>0x320e</load_address>
         <run_address>0x320e</run_address>
         <size>0x166</size>
         <input_file_ref idref="fl-cc"/>
      </object_component>
      <object_component id="oc-83">
         <name>.debug_info</name>
         <load_address>0x3374</load_address>
         <run_address>0x3374</run_address>
         <size>0x167</size>
         <input_file_ref idref="fl-cc"/>
      </object_component>
      <object_component id="oc-13a">
         <name>.debug_info</name>
         <load_address>0x34db</load_address>
         <run_address>0x34db</run_address>
         <size>0x5e</size>
         <input_file_ref idref="fl-cc"/>
      </object_component>
      <object_component id="oc-e0">
         <name>.debug_info</name>
         <load_address>0x3539</load_address>
         <run_address>0x3539</run_address>
         <size>0x2e9</size>
         <input_file_ref idref="fl-cd"/>
      </object_component>
      <object_component id="oc-7e">
         <name>.debug_info</name>
         <load_address>0x3822</load_address>
         <run_address>0x3822</run_address>
         <size>0x190</size>
         <input_file_ref idref="fl-cd"/>
      </object_component>
      <object_component id="oc-114">
         <name>.debug_info</name>
         <load_address>0x39b2</load_address>
         <run_address>0x39b2</run_address>
         <size>0x39</size>
         <input_file_ref idref="fl-cd"/>
      </object_component>
      <object_component id="oc-157">
         <name>.debug_info</name>
         <load_address>0x39eb</load_address>
         <run_address>0x39eb</run_address>
         <size>0x39</size>
         <input_file_ref idref="fl-cd"/>
      </object_component>
      <object_component id="oc-119">
         <name>.debug_info</name>
         <load_address>0x3a24</load_address>
         <run_address>0x3a24</run_address>
         <size>0xcd</size>
         <input_file_ref idref="fl-cd"/>
      </object_component>
      <object_component id="oc-110">
         <name>.debug_info</name>
         <load_address>0x3af1</load_address>
         <run_address>0x3af1</run_address>
         <size>0x1e0</size>
         <input_file_ref idref="fl-ce"/>
      </object_component>
      <object_component id="oc-d7">
         <name>.debug_info</name>
         <load_address>0x3cd1</load_address>
         <run_address>0x3cd1</run_address>
         <size>0x183</size>
         <input_file_ref idref="fl-ce"/>
      </object_component>
      <object_component id="oc-152">
         <name>.debug_info</name>
         <load_address>0x3e54</load_address>
         <run_address>0x3e54</run_address>
         <size>0x2c</size>
         <input_file_ref idref="fl-ce"/>
      </object_component>
      <object_component id="oc-da">
         <name>.debug_info</name>
         <load_address>0x3e80</load_address>
         <run_address>0x3e80</run_address>
         <size>0x145</size>
         <input_file_ref idref="fl-d0"/>
      </object_component>
      <object_component id="oc-fa">
         <name>.debug_info</name>
         <load_address>0x3fc5</load_address>
         <run_address>0x3fc5</run_address>
         <size>0x1d2</size>
         <input_file_ref idref="fl-d1"/>
      </object_component>
      <object_component id="oc-1c7">
         <name>.debug_info</name>
         <load_address>0x4197</load_address>
         <run_address>0x4197</run_address>
         <size>0x10d</size>
         <input_file_ref idref="fl-d1"/>
      </object_component>
      <object_component id="oc-9f">
         <name>.debug_info</name>
         <load_address>0x42a4</load_address>
         <run_address>0x42a4</run_address>
         <size>0x1ef</size>
         <input_file_ref idref="fl-d1"/>
      </object_component>
      <object_component id="oc-18b">
         <name>.debug_info</name>
         <load_address>0x4493</load_address>
         <run_address>0x4493</run_address>
         <size>0x206</size>
         <input_file_ref idref="fl-d1"/>
      </object_component>
      <object_component id="oc-ff">
         <name>.debug_info</name>
         <load_address>0x4699</load_address>
         <run_address>0x4699</run_address>
         <size>0x246</size>
         <input_file_ref idref="fl-d1"/>
      </object_component>
      <object_component id="oc-a4">
         <name>.debug_info</name>
         <load_address>0x48df</load_address>
         <run_address>0x48df</run_address>
         <size>0x37c</size>
         <input_file_ref idref="fl-d1"/>
      </object_component>
      <object_component id="oc-99">
         <name>.debug_info</name>
         <load_address>0x4c5b</load_address>
         <run_address>0x4c5b</run_address>
         <size>0x1f5</size>
         <input_file_ref idref="fl-d1"/>
      </object_component>
      <object_component id="oc-191">
         <name>.debug_info</name>
         <load_address>0x4e50</load_address>
         <run_address>0x4e50</run_address>
         <size>0x1f3</size>
         <input_file_ref idref="fl-d1"/>
      </object_component>
      <object_component id="oc-aa">
         <name>.debug_info</name>
         <load_address>0x5043</load_address>
         <run_address>0x5043</run_address>
         <size>0x1ef</size>
         <input_file_ref idref="fl-d1"/>
      </object_component>
      <object_component id="oc-178">
         <name>.debug_info</name>
         <load_address>0x5232</load_address>
         <run_address>0x5232</run_address>
         <size>0x1d5</size>
         <input_file_ref idref="fl-d1"/>
      </object_component>
      <object_component id="oc-19c">
         <name>.debug_info</name>
         <load_address>0x5407</load_address>
         <run_address>0x5407</run_address>
         <size>0x1ab</size>
         <input_file_ref idref="fl-d1"/>
      </object_component>
      <object_component id="oc-133">
         <name>.debug_info</name>
         <load_address>0x55b2</load_address>
         <run_address>0x55b2</run_address>
         <size>0x20e</size>
         <input_file_ref idref="fl-d1"/>
      </object_component>
      <object_component id="oc-184">
         <name>.debug_info</name>
         <load_address>0x57c0</load_address>
         <run_address>0x57c0</run_address>
         <size>0x2c9</size>
         <input_file_ref idref="fl-d1"/>
      </object_component>
      <object_component id="oc-1b3">
         <name>.debug_info</name>
         <load_address>0x5a89</load_address>
         <run_address>0x5a89</run_address>
         <size>0x1db</size>
         <input_file_ref idref="fl-d2"/>
      </object_component>
      <object_component id="oc-1b0">
         <name>.debug_info</name>
         <load_address>0x5c64</load_address>
         <run_address>0x5c64</run_address>
         <size>0x112</size>
         <input_file_ref idref="fl-d2"/>
      </object_component>
      <object_component id="oc-1b6">
         <name>.debug_info</name>
         <load_address>0x5d76</load_address>
         <run_address>0x5d76</run_address>
         <size>0x21c</size>
         <input_file_ref idref="fl-d2"/>
      </object_component>
      <object_component id="oc-1bc">
         <name>.debug_info</name>
         <load_address>0x5f92</load_address>
         <run_address>0x5f92</run_address>
         <size>0x27f</size>
         <input_file_ref idref="fl-d2"/>
      </object_component>
      <object_component id="oc-172">
         <name>.debug_info</name>
         <load_address>0x6211</load_address>
         <run_address>0x6211</run_address>
         <size>0x1f9</size>
         <input_file_ref idref="fl-d2"/>
      </object_component>
      <object_component id="oc-16c">
         <name>.debug_info</name>
         <load_address>0x640a</load_address>
         <run_address>0x640a</run_address>
         <size>0x1e9</size>
         <input_file_ref idref="fl-d2"/>
      </object_component>
      <object_component id="oc-1d0">
         <name>.debug_info</name>
         <load_address>0x65f3</load_address>
         <run_address>0x65f3</run_address>
         <size>0x1b9</size>
         <input_file_ref idref="fl-d3"/>
      </object_component>
      <object_component id="oc-1cd">
         <name>.debug_info</name>
         <load_address>0x67ac</load_address>
         <run_address>0x67ac</run_address>
         <size>0x109</size>
         <input_file_ref idref="fl-d3"/>
      </object_component>
      <object_component id="oc-12c">
         <name>.debug_info</name>
         <load_address>0x68b5</load_address>
         <run_address>0x68b5</run_address>
         <size>0x1a7</size>
         <input_file_ref idref="fl-d3"/>
      </object_component>
      <object_component id="oc-120">
         <name>.debug_info</name>
         <load_address>0x6a5c</load_address>
         <run_address>0x6a5c</run_address>
         <size>0x1a9</size>
         <input_file_ref idref="fl-d3"/>
      </object_component>
      <object_component id="oc-195">
         <name>.debug_info</name>
         <load_address>0x6c05</load_address>
         <run_address>0x6c05</run_address>
         <size>0x1d1</size>
         <input_file_ref idref="fl-d3"/>
      </object_component>
      <object_component id="oc-1ae">
         <name>.debug_info</name>
         <load_address>0x6dd6</load_address>
         <run_address>0x6dd6</run_address>
         <size>0x243</size>
         <input_file_ref idref="fl-d4"/>
      </object_component>
      <object_component id="oc-1c3">
         <name>.debug_info</name>
         <load_address>0x7019</load_address>
         <run_address>0x7019</run_address>
         <size>0x104</size>
         <input_file_ref idref="fl-d4"/>
      </object_component>
      <object_component id="oc-166">
         <name>.debug_info</name>
         <load_address>0x711d</load_address>
         <run_address>0x711d</run_address>
         <size>0x1e6</size>
         <input_file_ref idref="fl-d4"/>
      </object_component>
      <object_component id="oc-17c">
         <name>.debug_info</name>
         <load_address>0x7303</load_address>
         <run_address>0x7303</run_address>
         <size>0x21e</size>
         <input_file_ref idref="fl-d4"/>
      </object_component>
      <object_component id="oc-1d5">
         <name>.debug_info</name>
         <load_address>0x7521</load_address>
         <run_address>0x7521</run_address>
         <size>0x51</size>
         <input_file_ref idref="fl-d4"/>
      </object_component>
      <object_component id="oc-1a4">
         <name>.debug_info</name>
         <load_address>0x7572</load_address>
         <run_address>0x7572</run_address>
         <size>0x17b</size>
         <input_file_ref idref="fl-d5"/>
      </object_component>
      <object_component id="oc-15e">
         <name>.debug_info</name>
         <load_address>0x76ed</load_address>
         <run_address>0x76ed</run_address>
         <size>0x178</size>
         <input_file_ref idref="fl-d5"/>
      </object_component>
      <object_component id="oc-20b">
         <name>.debug_info</name>
         <load_address>0x7865</load_address>
         <run_address>0x7865</run_address>
         <size>0xad</size>
      </object_component>
      <object_component id="oc-10c">
         <name>.debug_line</name>
         <load_address>0x0</load_address>
         <run_address>0x0</run_address>
         <size>0x10d</size>
         <input_file_ref idref="fl-2"/>
      </object_component>
      <object_component id="oc-10a">
         <name>.debug_line</name>
         <load_address>0x10d</load_address>
         <run_address>0x10d</run_address>
         <size>0x2f</size>
         <input_file_ref idref="fl-2"/>
      </object_component>
      <object_component id="oc-47">
         <name>.debug_line</name>
         <load_address>0x13c</load_address>
         <run_address>0x13c</run_address>
         <size>0x58</size>
         <input_file_ref idref="fl-2"/>
      </object_component>
      <object_component id="oc-128">
         <name>.debug_line</name>
         <load_address>0x194</load_address>
         <run_address>0x194</run_address>
         <size>0x56</size>
         <input_file_ref idref="fl-2"/>
      </object_component>
      <object_component id="oc-e2">
         <name>.debug_line</name>
         <load_address>0x1ea</load_address>
         <run_address>0x1ea</run_address>
         <size>0x65</size>
         <input_file_ref idref="fl-2"/>
      </object_component>
      <object_component id="oc-f8">
         <name>.debug_line</name>
         <load_address>0x24f</load_address>
         <run_address>0x24f</run_address>
         <size>0x55</size>
         <input_file_ref idref="fl-2"/>
      </object_component>
      <object_component id="oc-106">
         <name>.debug_line</name>
         <load_address>0x2a4</load_address>
         <run_address>0x2a4</run_address>
         <size>0x20</size>
         <input_file_ref idref="fl-2"/>
      </object_component>
      <object_component id="oc-b7">
         <name>.debug_line</name>
         <load_address>0x2c4</load_address>
         <run_address>0x2c4</run_address>
         <size>0x65</size>
         <input_file_ref idref="fl-2"/>
      </object_component>
      <object_component id="oc-ba">
         <name>.debug_line</name>
         <load_address>0x329</load_address>
         <run_address>0x329</run_address>
         <size>0x34</size>
         <input_file_ref idref="fl-3"/>
      </object_component>
      <object_component id="oc-4a">
         <name>.debug_line</name>
         <load_address>0x35d</load_address>
         <run_address>0x35d</run_address>
         <size>0x34</size>
         <input_file_ref idref="fl-3"/>
      </object_component>
      <object_component id="oc-2c">
         <name>.debug_line</name>
         <load_address>0x391</load_address>
         <run_address>0x391</run_address>
         <size>0x4c</size>
         <input_file_ref idref="fl-3"/>
      </object_component>
      <object_component id="oc-32">
         <name>.debug_line</name>
         <load_address>0x3dd</load_address>
         <run_address>0x3dd</run_address>
         <size>0x49</size>
         <input_file_ref idref="fl-3"/>
      </object_component>
      <object_component id="oc-38">
         <name>.debug_line</name>
         <load_address>0x426</load_address>
         <run_address>0x426</run_address>
         <size>0x49</size>
         <input_file_ref idref="fl-3"/>
      </object_component>
      <object_component id="oc-41">
         <name>.debug_line</name>
         <load_address>0x46f</load_address>
         <run_address>0x46f</run_address>
         <size>0x49</size>
         <input_file_ref idref="fl-3"/>
      </object_component>
      <object_component id="oc-55">
         <name>.debug_line</name>
         <load_address>0x4b8</load_address>
         <run_address>0x4b8</run_address>
         <size>0x20</size>
         <input_file_ref idref="fl-3"/>
      </object_component>
      <object_component id="oc-25">
         <name>.debug_line</name>
         <load_address>0x4d8</load_address>
         <run_address>0x4d8</run_address>
         <size>0x53</size>
         <input_file_ref idref="fl-c0"/>
      </object_component>
      <object_component id="oc-10e">
         <name>.debug_line</name>
         <load_address>0x52b</load_address>
         <run_address>0x52b</run_address>
         <size>0x20</size>
         <input_file_ref idref="fl-c1"/>
      </object_component>
      <object_component id="oc-15">
         <name>.debug_line</name>
         <load_address>0x54b</load_address>
         <run_address>0x54b</run_address>
         <size>0xa9</size>
         <input_file_ref idref="fl-c1"/>
      </object_component>
      <object_component id="oc-50">
         <name>.debug_line</name>
         <load_address>0x5f4</load_address>
         <run_address>0x5f4</run_address>
         <size>0x3a</size>
         <input_file_ref idref="fl-c1"/>
      </object_component>
      <object_component id="oc-be">
         <name>.debug_line</name>
         <load_address>0x62e</load_address>
         <run_address>0x62e</run_address>
         <size>0x8a</size>
         <input_file_ref idref="fl-c1"/>
      </object_component>
      <object_component id="oc-c8">
         <name>.debug_line</name>
         <load_address>0x6b8</load_address>
         <run_address>0x6b8</run_address>
         <size>0x8a</size>
         <input_file_ref idref="fl-c2"/>
      </object_component>
      <object_component id="oc-1c">
         <name>.debug_line</name>
         <load_address>0x742</load_address>
         <run_address>0x742</run_address>
         <size>0x55</size>
         <input_file_ref idref="fl-c2"/>
      </object_component>
      <object_component id="oc-60">
         <name>.debug_line</name>
         <load_address>0x797</load_address>
         <run_address>0x797</run_address>
         <size>0x3a</size>
         <input_file_ref idref="fl-c2"/>
      </object_component>
      <object_component id="oc-c5">
         <name>.debug_line</name>
         <load_address>0x7d1</load_address>
         <run_address>0x7d1</run_address>
         <size>0x8a</size>
         <input_file_ref idref="fl-c2"/>
      </object_component>
      <object_component id="oc-d0">
         <name>.debug_line</name>
         <load_address>0x85b</load_address>
         <run_address>0x85b</run_address>
         <size>0x8a</size>
         <input_file_ref idref="fl-c3"/>
      </object_component>
      <object_component id="oc-20">
         <name>.debug_line</name>
         <load_address>0x8e5</load_address>
         <run_address>0x8e5</run_address>
         <size>0x4f</size>
         <input_file_ref idref="fl-c3"/>
      </object_component>
      <object_component id="oc-6c">
         <name>.debug_line</name>
         <load_address>0x934</load_address>
         <run_address>0x934</run_address>
         <size>0x34</size>
         <input_file_ref idref="fl-c3"/>
      </object_component>
      <object_component id="oc-cd">
         <name>.debug_line</name>
         <load_address>0x968</load_address>
         <run_address>0x968</run_address>
         <size>0x8a</size>
         <input_file_ref idref="fl-c3"/>
      </object_component>
      <object_component id="oc-14c">
         <name>.debug_line</name>
         <load_address>0x9f2</load_address>
         <run_address>0x9f2</run_address>
         <size>0xf2</size>
         <input_file_ref idref="fl-c4"/>
      </object_component>
      <object_component id="oc-140">
         <name>.debug_line</name>
         <load_address>0xae4</load_address>
         <run_address>0xae4</run_address>
         <size>0x2a</size>
         <input_file_ref idref="fl-c4"/>
      </object_component>
      <object_component id="oc-8c">
         <name>.debug_line</name>
         <load_address>0xb0e</load_address>
         <run_address>0xb0e</run_address>
         <size>0x86</size>
         <input_file_ref idref="fl-c4"/>
      </object_component>
      <object_component id="oc-5b">
         <name>.debug_line</name>
         <load_address>0xb94</load_address>
         <run_address>0xb94</run_address>
         <size>0x88</size>
         <input_file_ref idref="fl-c5"/>
      </object_component>
      <object_component id="oc-64">
         <name>.debug_line</name>
         <load_address>0xc1c</load_address>
         <run_address>0xc1c</run_address>
         <size>0x79</size>
         <input_file_ref idref="fl-c6"/>
      </object_component>
      <object_component id="oc-74">
         <name>.debug_line</name>
         <load_address>0xc95</load_address>
         <run_address>0xc95</run_address>
         <size>0x3d</size>
         <input_file_ref idref="fl-c7"/>
      </object_component>
      <object_component id="oc-79">
         <name>.debug_line</name>
         <load_address>0xcd2</load_address>
         <run_address>0xcd2</run_address>
         <size>0x40</size>
         <input_file_ref idref="fl-c8"/>
      </object_component>
      <object_component id="oc-f3">
         <name>.debug_line</name>
         <load_address>0xd12</load_address>
         <run_address>0xd12</run_address>
         <size>0x33</size>
         <input_file_ref idref="fl-c9"/>
      </object_component>
      <object_component id="oc-1ab">
         <name>.debug_line</name>
         <load_address>0xd45</load_address>
         <run_address>0xd45</run_address>
         <size>0x20</size>
         <input_file_ref idref="fl-cb"/>
      </object_component>
      <object_component id="oc-148">
         <name>.debug_line</name>
         <load_address>0xd65</load_address>
         <run_address>0xd65</run_address>
         <size>0x2b</size>
         <input_file_ref idref="fl-cb"/>
      </object_component>
      <object_component id="oc-146">
         <name>.debug_line</name>
         <load_address>0xd90</load_address>
         <run_address>0xd90</run_address>
         <size>0x68</size>
         <input_file_ref idref="fl-cb"/>
      </object_component>
      <object_component id="oc-139">
         <name>.debug_line</name>
         <load_address>0xdf8</load_address>
         <run_address>0xdf8</run_address>
         <size>0x2b</size>
         <input_file_ref idref="fl-cc"/>
      </object_component>
      <object_component id="oc-86">
         <name>.debug_line</name>
         <load_address>0xe23</load_address>
         <run_address>0xe23</run_address>
         <size>0x4a</size>
         <input_file_ref idref="fl-cc"/>
      </object_component>
      <object_component id="oc-13d">
         <name>.debug_line</name>
         <load_address>0xe6d</load_address>
         <run_address>0xe6d</run_address>
         <size>0x2b</size>
         <input_file_ref idref="fl-cc"/>
      </object_component>
      <object_component id="oc-113">
         <name>.debug_line</name>
         <load_address>0xe98</load_address>
         <run_address>0xe98</run_address>
         <size>0xa9</size>
         <input_file_ref idref="fl-cd"/>
      </object_component>
      <object_component id="oc-80">
         <name>.debug_line</name>
         <load_address>0xf41</load_address>
         <run_address>0xf41</run_address>
         <size>0x8b</size>
         <input_file_ref idref="fl-cd"/>
      </object_component>
      <object_component id="oc-117">
         <name>.debug_line</name>
         <load_address>0xfcc</load_address>
         <run_address>0xfcc</run_address>
         <size>0x2e</size>
         <input_file_ref idref="fl-cd"/>
      </object_component>
      <object_component id="oc-15a">
         <name>.debug_line</name>
         <load_address>0xffa</load_address>
         <run_address>0xffa</run_address>
         <size>0x8a</size>
         <input_file_ref idref="fl-cd"/>
      </object_component>
      <object_component id="oc-11c">
         <name>.debug_line</name>
         <load_address>0x1084</load_address>
         <run_address>0x1084</run_address>
         <size>0x8b</size>
         <input_file_ref idref="fl-cd"/>
      </object_component>
      <object_component id="oc-151">
         <name>.debug_line</name>
         <load_address>0x110f</load_address>
         <run_address>0x110f</run_address>
         <size>0x98</size>
         <input_file_ref idref="fl-ce"/>
      </object_component>
      <object_component id="oc-d6">
         <name>.debug_line</name>
         <load_address>0x11a7</load_address>
         <run_address>0x11a7</run_address>
         <size>0x68</size>
         <input_file_ref idref="fl-ce"/>
      </object_component>
      <object_component id="oc-155">
         <name>.debug_line</name>
         <load_address>0x120f</load_address>
         <run_address>0x120f</run_address>
         <size>0x2e</size>
         <input_file_ref idref="fl-ce"/>
      </object_component>
      <object_component id="oc-dd">
         <name>.debug_line</name>
         <load_address>0x123d</load_address>
         <run_address>0x123d</run_address>
         <size>0x3c</size>
         <input_file_ref idref="fl-d0"/>
      </object_component>
      <object_component id="oc-14e">
         <name>.debug_line</name>
         <load_address>0x1279</load_address>
         <run_address>0x1279</run_address>
         <size>0x5b</size>
         <input_file_ref idref="fl-d1"/>
      </object_component>
      <object_component id="oc-1e2">
         <name>.debug_line</name>
         <load_address>0x12d4</load_address>
         <run_address>0x12d4</run_address>
         <size>0x55</size>
         <input_file_ref idref="fl-d1"/>
      </object_component>
      <object_component id="oc-9e">
         <name>.debug_line</name>
         <load_address>0x1329</load_address>
         <run_address>0x1329</run_address>
         <size>0x8b</size>
         <input_file_ref idref="fl-d1"/>
      </object_component>
      <object_component id="oc-18a">
         <name>.debug_line</name>
         <load_address>0x13b4</load_address>
         <run_address>0x13b4</run_address>
         <size>0x72</size>
         <input_file_ref idref="fl-d1"/>
      </object_component>
      <object_component id="oc-101">
         <name>.debug_line</name>
         <load_address>0x1426</load_address>
         <run_address>0x1426</run_address>
         <size>0x7b</size>
         <input_file_ref idref="fl-d1"/>
      </object_component>
      <object_component id="oc-a6">
         <name>.debug_line</name>
         <load_address>0x14a1</load_address>
         <run_address>0x14a1</run_address>
         <size>0x10a</size>
         <input_file_ref idref="fl-d1"/>
      </object_component>
      <object_component id="oc-97">
         <name>.debug_line</name>
         <load_address>0x15ab</load_address>
         <run_address>0x15ab</run_address>
         <size>0x77</size>
         <input_file_ref idref="fl-d1"/>
      </object_component>
      <object_component id="oc-18f">
         <name>.debug_line</name>
         <load_address>0x1622</load_address>
         <run_address>0x1622</run_address>
         <size>0x6a</size>
         <input_file_ref idref="fl-d1"/>
      </object_component>
      <object_component id="oc-a8">
         <name>.debug_line</name>
         <load_address>0x168c</load_address>
         <run_address>0x168c</run_address>
         <size>0x71</size>
         <input_file_ref idref="fl-d1"/>
      </object_component>
      <object_component id="oc-176">
         <name>.debug_line</name>
         <load_address>0x16fd</load_address>
         <run_address>0x16fd</run_address>
         <size>0x82</size>
         <input_file_ref idref="fl-d1"/>
      </object_component>
      <object_component id="oc-19a">
         <name>.debug_line</name>
         <load_address>0x177f</load_address>
         <run_address>0x177f</run_address>
         <size>0x6a</size>
         <input_file_ref idref="fl-d1"/>
      </object_component>
      <object_component id="oc-131">
         <name>.debug_line</name>
         <load_address>0x17e9</load_address>
         <run_address>0x17e9</run_address>
         <size>0x70</size>
         <input_file_ref idref="fl-d1"/>
      </object_component>
      <object_component id="oc-182">
         <name>.debug_line</name>
         <load_address>0x1859</load_address>
         <run_address>0x1859</run_address>
         <size>0xa9</size>
         <input_file_ref idref="fl-d1"/>
      </object_component>
      <object_component id="oc-1dc">
         <name>.debug_line</name>
         <load_address>0x1902</load_address>
         <run_address>0x1902</run_address>
         <size>0x5b</size>
         <input_file_ref idref="fl-d2"/>
      </object_component>
      <object_component id="oc-1da">
         <name>.debug_line</name>
         <load_address>0x195d</load_address>
         <run_address>0x195d</run_address>
         <size>0x56</size>
         <input_file_ref idref="fl-d2"/>
      </object_component>
      <object_component id="oc-1b9">
         <name>.debug_line</name>
         <load_address>0x19b3</load_address>
         <run_address>0x19b3</run_address>
         <size>0x6e</size>
         <input_file_ref idref="fl-d2"/>
      </object_component>
      <object_component id="oc-1bf">
         <name>.debug_line</name>
         <load_address>0x1a21</load_address>
         <run_address>0x1a21</run_address>
         <size>0xaa</size>
         <input_file_ref idref="fl-d2"/>
      </object_component>
      <object_component id="oc-170">
         <name>.debug_line</name>
         <load_address>0x1acb</load_address>
         <run_address>0x1acb</run_address>
         <size>0x72</size>
         <input_file_ref idref="fl-d2"/>
      </object_component>
      <object_component id="oc-16a">
         <name>.debug_line</name>
         <load_address>0x1b3d</load_address>
         <run_address>0x1b3d</run_address>
         <size>0x80</size>
         <input_file_ref idref="fl-d2"/>
      </object_component>
      <object_component id="oc-1e6">
         <name>.debug_line</name>
         <load_address>0x1bbd</load_address>
         <run_address>0x1bbd</run_address>
         <size>0x55</size>
         <input_file_ref idref="fl-d3"/>
      </object_component>
      <object_component id="oc-1e4">
         <name>.debug_line</name>
         <load_address>0x1c12</load_address>
         <run_address>0x1c12</run_address>
         <size>0x5b</size>
         <input_file_ref idref="fl-d3"/>
      </object_component>
      <object_component id="oc-12b">
         <name>.debug_line</name>
         <load_address>0x1c6d</load_address>
         <run_address>0x1c6d</run_address>
         <size>0x70</size>
         <input_file_ref idref="fl-d3"/>
      </object_component>
      <object_component id="oc-11f">
         <name>.debug_line</name>
         <load_address>0x1cdd</load_address>
         <run_address>0x1cdd</run_address>
         <size>0x70</size>
         <input_file_ref idref="fl-d3"/>
      </object_component>
      <object_component id="oc-194">
         <name>.debug_line</name>
         <load_address>0x1d4d</load_address>
         <run_address>0x1d4d</run_address>
         <size>0x9b</size>
         <input_file_ref idref="fl-d3"/>
      </object_component>
      <object_component id="oc-1d4">
         <name>.debug_line</name>
         <load_address>0x1de8</load_address>
         <run_address>0x1de8</run_address>
         <size>0xc8</size>
         <input_file_ref idref="fl-d4"/>
      </object_component>
      <object_component id="oc-1e0">
         <name>.debug_line</name>
         <load_address>0x1eb0</load_address>
         <run_address>0x1eb0</run_address>
         <size>0x58</size>
         <input_file_ref idref="fl-d4"/>
      </object_component>
      <object_component id="oc-164">
         <name>.debug_line</name>
         <load_address>0x1f08</load_address>
         <run_address>0x1f08</run_address>
         <size>0x6d</size>
         <input_file_ref idref="fl-d4"/>
      </object_component>
      <object_component id="oc-17f">
         <name>.debug_line</name>
         <load_address>0x1f75</load_address>
         <run_address>0x1f75</run_address>
         <size>0xf3</size>
         <input_file_ref idref="fl-d4"/>
      </object_component>
      <object_component id="oc-1d7">
         <name>.debug_line</name>
         <load_address>0x2068</load_address>
         <run_address>0x2068</run_address>
         <size>0x58</size>
         <input_file_ref idref="fl-d4"/>
      </object_component>
      <object_component id="oc-1a3">
         <name>.debug_line</name>
         <load_address>0x20c0</load_address>
         <run_address>0x20c0</run_address>
         <size>0x6a</size>
         <input_file_ref idref="fl-d5"/>
      </object_component>
      <object_component id="oc-161">
         <name>.debug_line</name>
         <load_address>0x212a</load_address>
         <run_address>0x212a</run_address>
         <size>0x6a</size>
         <input_file_ref idref="fl-d5"/>
      </object_component>
      <object_component id="oc-48">
         <name>.debug_frame</name>
         <load_address>0x0</load_address>
         <run_address>0x0</run_address>
         <size>0x58</size>
         <input_file_ref idref="fl-2"/>
      </object_component>
      <object_component id="oc-129">
         <name>.debug_frame</name>
         <load_address>0x58</load_address>
         <run_address>0x58</run_address>
         <size>0x58</size>
         <input_file_ref idref="fl-2"/>
      </object_component>
      <object_component id="oc-e6">
         <name>.debug_frame</name>
         <load_address>0xb0</load_address>
         <run_address>0xb0</run_address>
         <size>0x5c</size>
         <input_file_ref idref="fl-2"/>
      </object_component>
      <object_component id="oc-30">
         <name>.debug_frame</name>
         <load_address>0x10c</load_address>
         <run_address>0x10c</run_address>
         <size>0x51</size>
         <input_file_ref idref="fl-3"/>
      </object_component>
      <object_component id="oc-36">
         <name>.debug_frame</name>
         <load_address>0x15d</load_address>
         <run_address>0x15d</run_address>
         <size>0x51</size>
         <input_file_ref idref="fl-3"/>
      </object_component>
      <object_component id="oc-3c">
         <name>.debug_frame</name>
         <load_address>0x1ae</load_address>
         <run_address>0x1ae</run_address>
         <size>0x51</size>
         <input_file_ref idref="fl-3"/>
      </object_component>
      <object_component id="oc-42">
         <name>.debug_frame</name>
         <load_address>0x1ff</load_address>
         <run_address>0x1ff</run_address>
         <size>0x51</size>
         <input_file_ref idref="fl-3"/>
      </object_component>
      <object_component id="oc-14">
         <name>.debug_frame</name>
         <load_address>0x250</load_address>
         <run_address>0x250</run_address>
         <size>0x60</size>
         <input_file_ref idref="fl-c1"/>
      </object_component>
      <object_component id="oc-1d">
         <name>.debug_frame</name>
         <load_address>0x2b0</load_address>
         <run_address>0x2b0</run_address>
         <size>0x51</size>
         <input_file_ref idref="fl-c2"/>
      </object_component>
      <object_component id="oc-21">
         <name>.debug_frame</name>
         <load_address>0x301</load_address>
         <run_address>0x301</run_address>
         <size>0x51</size>
         <input_file_ref idref="fl-c3"/>
      </object_component>
      <object_component id="oc-8b">
         <name>.debug_frame</name>
         <load_address>0x352</load_address>
         <run_address>0x352</run_address>
         <size>0x85</size>
         <input_file_ref idref="fl-c4"/>
      </object_component>
      <object_component id="oc-73">
         <name>.debug_frame</name>
         <load_address>0x3d7</load_address>
         <run_address>0x3d7</run_address>
         <size>0x51</size>
         <input_file_ref idref="fl-c7"/>
      </object_component>
      <object_component id="oc-7a">
         <name>.debug_frame</name>
         <load_address>0x428</load_address>
         <run_address>0x428</run_address>
         <size>0x51</size>
         <input_file_ref idref="fl-c8"/>
      </object_component>
      <object_component id="oc-142">
         <name>.debug_frame</name>
         <load_address>0x479</load_address>
         <run_address>0x479</run_address>
         <size>0x73</size>
         <input_file_ref idref="fl-cb"/>
      </object_component>
      <object_component id="oc-82">
         <name>.debug_frame</name>
         <load_address>0x4ec</load_address>
         <run_address>0x4ec</run_address>
         <size>0x51</size>
         <input_file_ref idref="fl-cc"/>
      </object_component>
      <object_component id="oc-7d">
         <name>.debug_frame</name>
         <load_address>0x53d</load_address>
         <run_address>0x53d</run_address>
         <size>0x5c</size>
         <input_file_ref idref="fl-cd"/>
      </object_component>
      <object_component id="oc-d5">
         <name>.debug_frame</name>
         <load_address>0x599</load_address>
         <run_address>0x599</run_address>
         <size>0x60</size>
         <input_file_ref idref="fl-ce"/>
      </object_component>
      <object_component id="oc-de">
         <name>.debug_frame</name>
         <load_address>0x5f9</load_address>
         <run_address>0x5f9</run_address>
         <size>0x51</size>
         <input_file_ref idref="fl-d0"/>
      </object_component>
      <object_component id="oc-9d">
         <name>.debug_frame</name>
         <load_address>0x64a</load_address>
         <run_address>0x64a</run_address>
         <size>0x51</size>
         <input_file_ref idref="fl-d1"/>
      </object_component>
      <object_component id="oc-189">
         <name>.debug_frame</name>
         <load_address>0x69b</load_address>
         <run_address>0x69b</run_address>
         <size>0x51</size>
         <input_file_ref idref="fl-d1"/>
      </object_component>
      <object_component id="oc-fe">
         <name>.debug_frame</name>
         <load_address>0x6ec</load_address>
         <run_address>0x6ec</run_address>
         <size>0x5c</size>
         <input_file_ref idref="fl-d1"/>
      </object_component>
      <object_component id="oc-a3">
         <name>.debug_frame</name>
         <load_address>0x748</load_address>
         <run_address>0x748</run_address>
         <size>0x69</size>
         <input_file_ref idref="fl-d1"/>
      </object_component>
      <object_component id="oc-98">
         <name>.debug_frame</name>
         <load_address>0x7b1</load_address>
         <run_address>0x7b1</run_address>
         <size>0x55</size>
         <input_file_ref idref="fl-d1"/>
      </object_component>
      <object_component id="oc-190">
         <name>.debug_frame</name>
         <load_address>0x806</load_address>
         <run_address>0x806</run_address>
         <size>0x51</size>
         <input_file_ref idref="fl-d1"/>
      </object_component>
      <object_component id="oc-a9">
         <name>.debug_frame</name>
         <load_address>0x857</load_address>
         <run_address>0x857</run_address>
         <size>0x55</size>
         <input_file_ref idref="fl-d1"/>
      </object_component>
      <object_component id="oc-177">
         <name>.debug_frame</name>
         <load_address>0x8ac</load_address>
         <run_address>0x8ac</run_address>
         <size>0x51</size>
         <input_file_ref idref="fl-d1"/>
      </object_component>
      <object_component id="oc-19b">
         <name>.debug_frame</name>
         <load_address>0x8fd</load_address>
         <run_address>0x8fd</run_address>
         <size>0x51</size>
         <input_file_ref idref="fl-d1"/>
      </object_component>
      <object_component id="oc-132">
         <name>.debug_frame</name>
         <load_address>0x94e</load_address>
         <run_address>0x94e</run_address>
         <size>0x58</size>
         <input_file_ref idref="fl-d1"/>
      </object_component>
      <object_component id="oc-183">
         <name>.debug_frame</name>
         <load_address>0x9a6</load_address>
         <run_address>0x9a6</run_address>
         <size>0x60</size>
         <input_file_ref idref="fl-d1"/>
      </object_component>
      <object_component id="oc-1b5">
         <name>.debug_frame</name>
         <load_address>0xa06</load_address>
         <run_address>0xa06</run_address>
         <size>0x51</size>
         <input_file_ref idref="fl-d2"/>
      </object_component>
      <object_component id="oc-1bb">
         <name>.debug_frame</name>
         <load_address>0xa57</load_address>
         <run_address>0xa57</run_address>
         <size>0x61</size>
         <input_file_ref idref="fl-d2"/>
      </object_component>
      <object_component id="oc-171">
         <name>.debug_frame</name>
         <load_address>0xab8</load_address>
         <run_address>0xab8</run_address>
         <size>0x58</size>
         <input_file_ref idref="fl-d2"/>
      </object_component>
      <object_component id="oc-16b">
         <name>.debug_frame</name>
         <load_address>0xb10</load_address>
         <run_address>0xb10</run_address>
         <size>0x58</size>
         <input_file_ref idref="fl-d2"/>
      </object_component>
      <object_component id="oc-12f">
         <name>.debug_frame</name>
         <load_address>0xb68</load_address>
         <run_address>0xb68</run_address>
         <size>0x58</size>
         <input_file_ref idref="fl-d3"/>
      </object_component>
      <object_component id="oc-123">
         <name>.debug_frame</name>
         <load_address>0xbc0</load_address>
         <run_address>0xbc0</run_address>
         <size>0x58</size>
         <input_file_ref idref="fl-d3"/>
      </object_component>
      <object_component id="oc-198">
         <name>.debug_frame</name>
         <load_address>0xc18</load_address>
         <run_address>0xc18</run_address>
         <size>0x51</size>
         <input_file_ref idref="fl-d3"/>
      </object_component>
      <object_component id="oc-165">
         <name>.debug_frame</name>
         <load_address>0xc69</load_address>
         <run_address>0xc69</run_address>
         <size>0x51</size>
         <input_file_ref idref="fl-d4"/>
      </object_component>
      <object_component id="oc-180">
         <name>.debug_frame</name>
         <load_address>0xcba</load_address>
         <run_address>0xcba</run_address>
         <size>0x60</size>
         <input_file_ref idref="fl-d4"/>
      </object_component>
      <object_component id="oc-1a2">
         <name>.debug_frame</name>
         <load_address>0xd1a</load_address>
         <run_address>0xd1a</run_address>
         <size>0x51</size>
         <input_file_ref idref="fl-d5"/>
      </object_component>
      <object_component id="oc-15d">
         <name>.debug_frame</name>
         <load_address>0xd6b</load_address>
         <run_address>0xd6b</run_address>
         <size>0x51</size>
         <input_file_ref idref="fl-d5"/>
      </object_component>
      <object_component id="oc-10b">
         <name>.debug_abbrev</name>
         <load_address>0x0</load_address>
         <run_address>0x0</run_address>
         <size>0xe5</size>
         <input_file_ref idref="fl-2"/>
      </object_component>
      <object_component id="oc-109">
         <name>.debug_abbrev</name>
         <load_address>0xe5</load_address>
         <run_address>0xe5</run_address>
         <size>0x29</size>
         <input_file_ref idref="fl-2"/>
      </object_component>
      <object_component id="oc-b3">
         <name>.debug_abbrev</name>
         <load_address>0x10e</load_address>
         <run_address>0x10e</run_address>
         <size>0x6c</size>
         <input_file_ref idref="fl-2"/>
      </object_component>
      <object_component id="oc-1a0">
         <name>.debug_abbrev</name>
         <load_address>0x17a</load_address>
         <run_address>0x17a</run_address>
         <size>0x5e</size>
         <input_file_ref idref="fl-2"/>
      </object_component>
      <object_component id="oc-137">
         <name>.debug_abbrev</name>
         <load_address>0x1d8</load_address>
         <run_address>0x1d8</run_address>
         <size>0x71</size>
         <input_file_ref idref="fl-2"/>
      </object_component>
      <object_component id="oc-f7">
         <name>.debug_abbrev</name>
         <load_address>0x249</load_address>
         <run_address>0x249</run_address>
         <size>0x96</size>
         <input_file_ref idref="fl-2"/>
      </object_component>
      <object_component id="oc-105">
         <name>.debug_abbrev</name>
         <load_address>0x2df</load_address>
         <run_address>0x2df</run_address>
         <size>0x1f</size>
         <input_file_ref idref="fl-2"/>
      </object_component>
      <object_component id="oc-b6">
         <name>.debug_abbrev</name>
         <load_address>0x2fe</load_address>
         <run_address>0x2fe</run_address>
         <size>0x35</size>
         <input_file_ref idref="fl-2"/>
      </object_component>
      <object_component id="oc-b9">
         <name>.debug_abbrev</name>
         <load_address>0x333</load_address>
         <run_address>0x333</run_address>
         <size>0x68</size>
         <input_file_ref idref="fl-3"/>
      </object_component>
      <object_component id="oc-49">
         <name>.debug_abbrev</name>
         <load_address>0x39b</load_address>
         <run_address>0x39b</run_address>
         <size>0x29</size>
         <input_file_ref idref="fl-3"/>
      </object_component>
      <object_component id="oc-91">
         <name>.debug_abbrev</name>
         <load_address>0x3c4</load_address>
         <run_address>0x3c4</run_address>
         <size>0x50</size>
         <input_file_ref idref="fl-3"/>
      </object_component>
      <object_component id="oc-92">
         <name>.debug_abbrev</name>
         <load_address>0x414</load_address>
         <run_address>0x414</run_address>
         <size>0x40</size>
         <input_file_ref idref="fl-3"/>
      </object_component>
      <object_component id="oc-93">
         <name>.debug_abbrev</name>
         <load_address>0x454</load_address>
         <run_address>0x454</run_address>
         <size>0x40</size>
         <input_file_ref idref="fl-3"/>
      </object_component>
      <object_component id="oc-94">
         <name>.debug_abbrev</name>
         <load_address>0x494</load_address>
         <run_address>0x494</run_address>
         <size>0x40</size>
         <input_file_ref idref="fl-3"/>
      </object_component>
      <object_component id="oc-54">
         <name>.debug_abbrev</name>
         <load_address>0x4d4</load_address>
         <run_address>0x4d4</run_address>
         <size>0x1f</size>
         <input_file_ref idref="fl-3"/>
      </object_component>
      <object_component id="oc-90">
         <name>.debug_abbrev</name>
         <load_address>0x4f3</load_address>
         <run_address>0x4f3</run_address>
         <size>0x3e</size>
         <input_file_ref idref="fl-c0"/>
      </object_component>
      <object_component id="oc-10d">
         <name>.debug_abbrev</name>
         <load_address>0x531</load_address>
         <run_address>0x531</run_address>
         <size>0x2c</size>
         <input_file_ref idref="fl-c1"/>
      </object_component>
      <object_component id="oc-4c">
         <name>.debug_abbrev</name>
         <load_address>0x55d</load_address>
         <run_address>0x55d</run_address>
         <size>0x6f</size>
         <input_file_ref idref="fl-c1"/>
      </object_component>
      <object_component id="oc-4f">
         <name>.debug_abbrev</name>
         <load_address>0x5cc</load_address>
         <run_address>0x5cc</run_address>
         <size>0x24</size>
         <input_file_ref idref="fl-c1"/>
      </object_component>
      <object_component id="oc-bd">
         <name>.debug_abbrev</name>
         <load_address>0x5f0</load_address>
         <run_address>0x5f0</run_address>
         <size>0x35</size>
         <input_file_ref idref="fl-c1"/>
      </object_component>
      <object_component id="oc-c7">
         <name>.debug_abbrev</name>
         <load_address>0x625</load_address>
         <run_address>0x625</run_address>
         <size>0x52</size>
         <input_file_ref idref="fl-c2"/>
      </object_component>
      <object_component id="oc-5c">
         <name>.debug_abbrev</name>
         <load_address>0x677</load_address>
         <run_address>0x677</run_address>
         <size>0x74</size>
         <input_file_ref idref="fl-c2"/>
      </object_component>
      <object_component id="oc-5f">
         <name>.debug_abbrev</name>
         <load_address>0x6eb</load_address>
         <run_address>0x6eb</run_address>
         <size>0x24</size>
         <input_file_ref idref="fl-c2"/>
      </object_component>
      <object_component id="oc-c4">
         <name>.debug_abbrev</name>
         <load_address>0x70f</load_address>
         <run_address>0x70f</run_address>
         <size>0x24</size>
         <input_file_ref idref="fl-c2"/>
      </object_component>
      <object_component id="oc-cf">
         <name>.debug_abbrev</name>
         <load_address>0x733</load_address>
         <run_address>0x733</run_address>
         <size>0x52</size>
         <input_file_ref idref="fl-c3"/>
      </object_component>
      <object_component id="oc-68">
         <name>.debug_abbrev</name>
         <load_address>0x785</load_address>
         <run_address>0x785</run_address>
         <size>0x74</size>
         <input_file_ref idref="fl-c3"/>
      </object_component>
      <object_component id="oc-6b">
         <name>.debug_abbrev</name>
         <load_address>0x7f9</load_address>
         <run_address>0x7f9</run_address>
         <size>0x24</size>
         <input_file_ref idref="fl-c3"/>
      </object_component>
      <object_component id="oc-cc">
         <name>.debug_abbrev</name>
         <load_address>0x81d</load_address>
[...]
            <object_component_ref idref="oc-17"/>
            <object_component_ref idref="oc-1b"/>
            <object_component_ref idref="oc-23"/>
            <object_component_ref idref="oc-eb"/>
            <object_component_ref idref="oc-8a"/>
            <object_component_ref idref="oc-59"/>
            <object_component_ref idref="oc-67"/>
            <object_component_ref idref="oc-72"/>
            <object_component_ref idref="oc-78"/>
            <object_component_ref idref="oc-8f"/>
            <object_component_ref idref="oc-ee"/>
            <object_component_ref idref="oc-145"/>
            <object_component_ref idref="oc-85"/>
            <object_component_ref idref="oc-7f"/>
            <object_component_ref idref="oc-d8"/>
            <object_component_ref idref="oc-db"/>
            <object_component_ref idref="oc-1c8"/>
            <object_component_ref idref="oc-a0"/>
            <object_component_ref idref="oc-18c"/>
            <object_component_ref idref="oc-100"/>
            <object_component_ref idref="oc-a5"/>
            <object_component_ref idref="oc-9a"/>
            <object_component_ref idref="oc-192"/>
            <object_component_ref idref="oc-ab"/>
            <object_component_ref idref="oc-179"/>
            <object_component_ref idref="oc-19d"/>
            <object_component_ref idref="oc-134"/>
            <object_component_ref idref="oc-186"/>
            <object_component_ref idref="oc-1b1"/>
            <object_component_ref idref="oc-1b8"/>
            <object_component_ref idref="oc-1be"/>
            <object_component_ref idref="oc-174"/>
            <object_component_ref idref="oc-16e"/>
            <object_component_ref idref="oc-1ce"/>
            <object_component_ref idref="oc-12d"/>
            <object_component_ref idref="oc-121"/>
            <object_component_ref idref="oc-196"/>
            <object_component_ref idref="oc-1c4"/>
            <object_component_ref idref="oc-168"/>
            <object_component_ref idref="oc-17e"/>
            <object_component_ref idref="oc-1a6"/>
            <object_component_ref idref="oc-15f"/>
         </contents>
      </logical_group>
      <logical_group id="lg-204" display="never" color="cyan">
         <name>.debug_pubtypes</name>
         <load_address>0x0</load_address>
         <run_address>0x0</run_address>
         <size>0x6ae</size>
         <contents>
            <object_component_ref idref="oc-f6"/>
            <object_component_ref idref="oc-104"/>
            <object_component_ref idref="oc-b5"/>
            <object_component_ref idref="oc-53"/>
            <object_component_ref idref="oc-4e"/>
            <object_component_ref idref="oc-bc"/>
            <object_component_ref idref="oc-5e"/>
            <object_component_ref idref="oc-c3"/>
            <object_component_ref idref="oc-6a"/>
            <object_component_ref idref="oc-cb"/>
            <object_component_ref idref="oc-f1"/>
            <object_component_ref idref="oc-14a"/>
            <object_component_ref idref="oc-13b"/>
            <object_component_ref idref="oc-115"/>
            <object_component_ref idref="oc-158"/>
            <object_component_ref idref="oc-11a"/>
            <object_component_ref idref="oc-153"/>
         </contents>
      </logical_group>
      <load_segment id="lg-20f" display="no" color="cyan">
         <name>SEGMENT_0</name>
         <load_address>0x0</load_address>
         <run_address>0x0</run_address>
         <size>0xf40</size>
         <flags>0x5</flags>
         <contents>
            <logical_group_ref idref="lg-3"/>
            <logical_group_ref idref="lg-4"/>
            <logical_group_ref idref="lg-5"/>
            <logical_group_ref idref="lg-6"/>
         </contents>
      </load_segment>
      <load_segment id="lg-210" display="no" color="cyan">
         <name>SEGMENT_1</name>
         <run_address>0x20000000</run_address>
         <size>0x24c</size>
         <flags>0x6</flags>
         <contents>
            <logical_group_ref idref="lg-d"/>
            <logical_group_ref idref="lg-b"/>
            <logical_group_ref idref="lg-a"/>
         </contents>
      </load_segment>
   </logical_group_list>
   <placement_map>
      <memory_area display="yes" color="green">
         <name>FLASH</name>
         <page_id>0x0</page_id>
         <origin>0x0</origin>
         <length>0x40000</length>
         <used_space>0xf40</used_space>
         <unused_space>0x3f0c0</unused_space>
         <attributes>RX</attributes>
         <usage_details>
            <allocated_space>
               <start_address>0x0</start_address>
               <size>0x26c</size>
               <logical_group_ref idref="lg-3"/>
            </allocated_space>
            <allocated_space>
               <start_address>0x26c</start_address>
               <size>0xb64</size>
               <logical_group_ref idref="lg-4"/>
            </allocated_space>
            <allocated_space>
               <start_address>0xdd0</start_address>
               <size>0x130</size>
               <logical_group_ref idref="lg-5"/>
            </allocated_space>
            <allocated_space>
               <start_address>0xf00</start_address>
               <size>0x40</size>
               <logical_group_ref idref="lg-6"/>
            </allocated_space>
            <available_space>
               <start_address>0xf40</start_address>
               <size>0x3f0c0</size>
            </available_space>
         </usage_details>
      </memory_area>
      <memory_area display="yes" color="green">
         <name>SRAM</name>
         <page_id>0x0</page_id>
         <origin>0x20000000</origin>
         <length>0x8000</length>
         <used_space>0x24a</used_space>
         <unused_space>0x7db6</unused_space>
         <attributes>RWX</attributes>
         <usage_details>
            <allocated_space>
               <start_address>0x20000000</start_address>
               <size>0x200</size>
               <logical_group_ref idref="lg-d"/>
            </allocated_space>
            <allocated_space>
               <start_address>0x20000200</start_address>
               <size>0x26</size>
               <logical_group_ref idref="lg-b"/>
            </allocated_space>
            <available_space>
               <start_address>0x20000226</start_address>
               <size>0x2</size>
            </available_space>
            <allocated_space>
               <start_address>0x20000228</start_address>
               <size>0x24</size>
               <logical_group_ref idref="lg-a"/>
            </allocated_space>
            <available_space>
               <start_address>0x2000024c</start_address>
               <size>0x7db4</size>
            </available_space>
         </usage_details>
      </memory_area>
   </placement_map>
   <cptbl_list>
      <cptbl>
         <name>__TI_cinit_table</name>
         <cprec>
            <name>.data</name>
            <load_address>0xf00</load_address>
            <load_size>0x16</load_size>
            <run_address>0x20000228</run_address>
            <run_size>0x24</run_size>
            <compression>lzss</compression>
         </cprec>
         <cprec>
            <name>.bss</name>
            <load_address>0xf28</load_address>
            <load_size>0x8</load_size>
            <run_address>0x20000200</run_address>
            <run_size>0x26</run_size>
            <compression>zero_init</compression>
         </cprec>
      </cptbl>
   </cptbl_list>
   <handler_table>
      <handler_table_name>__TI_handler_table</handler_table_name>
      <handler>
         <index>0x0</index>
         <name>__TI_decompress_lzss</name>
      </handler>
      <handler>
         <index>0x1</index>
         <name>__TI_decompress_none</name>
      </handler>
      <handler>
         <index>0x2</index>
         <name>__TI_zero_init</name>
      </handler>
   </handler_table>
   <symbol_table>
      <symbol id="sm-1">
         <name>__STACK_TOP</name>
         <value>0x20000200</value>
      </symbol>
      <symbol id="sm-2">
         <name>__TI_CINIT_Base</name>
         <value>0xf30</value>
      </symbol>
      <symbol id="sm-3">
         <name>__TI_CINIT_Limit</name>
         <value>0xf40</value>
      </symbol>
      <symbol id="sm-4">
         <name>__TI_Handler_Table_Base</name>
         <value>0xf18</value>
      </symbol>
      <symbol id="sm-5">
         <name>__TI_Handler_Table_Limit</name>
         <value>0xf24</value>
      </symbol>
      <symbol id="sm-6">
         <name>binit</name>
         <value>0xffffffff</value>
      </symbol>
      <symbol id="sm-7">
         <name>__binit__</name>
         <value>0xffffffff</value>
      </symbol>
      <symbol id="sm-8">
         <name>__STACK_SIZE</name>
         <value>0x200</value>
      </symbol>
      <symbol id="sm-9">
         <name>__STACK_END</name>
         <value>0x20000200</value>
      </symbol>
      <symbol id="sm-a">
         <name>__c_args__</name>
         <value>0xffffffff</value>
      </symbol>
      <symbol id="sm-b">
         <name>__TI_pprof_out_hndl</name>
         <value>0xffffffff</value>
      </symbol>
      <symbol id="sm-c">
         <name>__TI_prof_data_start</name>
         <value>0xffffffff</value>
      </symbol>
      <symbol id="sm-d">
         <name>__TI_prof_data_size</name>
         <value>0xffffffff</value>
      </symbol>
      <symbol id="sm-77">
         <name>g_sCAN0TxMessage</name>
         <value>0x20000200</value>
      </symbol>
      <symbol id="sm-78">
         <name>g_ui8TXMsgData</name>
         <value>0x20000224</value>
      </symbol>
      <symbol id="sm-79">
         <name>clkBits</name>
         <value>0x20000214</value>
      </symbol>
      <symbol id="sm-7a">
         <name>CAN0IntHandler</name>
         <value>0x91d</value>
         <object_component_ref idref="oc-43"/>
      </symbol>
      <symbol id="sm-7b">
         <name>InitCAN0</name>
         <value>0x5e1</value>
         <object_component_ref idref="oc-124"/>
      </symbol>
      <symbol id="sm-7c">
         <name>main</name>
         <value>0x689</value>
         <object_component_ref idref="oc-e1"/>
      </symbol>
      <symbol id="sm-7d">
         <name>g_ui32TXMsgCount</name>
         <value>0x20000234</value>
         <object_component_ref idref="oc-ad"/>
      </symbol>
      <symbol id="sm-7e">
         <name>g_bRXFlag</name>
         <value>0x20000238</value>
         <object_component_ref idref="oc-ad"/>
      </symbol>
      <symbol id="sm-7f">
         <name>g_ui32ErrFlag</name>
         <value>0x2000023c</value>
         <object_component_ref idref="oc-ad"/>
      </symbol>
      <symbol id="sm-b5">
         <name>ResetISR</name>
         <value>0xdc7</value>
         <object_component_ref idref="oc-2b"/>
      </symbol>
      <symbol id="sm-b6">
         <name>g_pfnVectors</name>
         <value>0x0</value>
         <object_component_ref idref="oc-f"/>
      </symbol>
      <symbol id="sm-c8">
         <name>_c_int00</name>
         <value>0xa55</value>
         <object_component_ref idref="oc-24"/>
      </symbol>
      <symbol id="sm-c9">
         <name>__stack</name>
         <value>0x20000000</value>
         <object_component_ref idref="oc-2a"/>
      </symbol>
      <symbol id="sm-e7">
         <name>__TI_decompress_lzss</name>
         <value>0x9ed</value>
         <object_component_ref idref="oc-12"/>
      </symbol>
      <symbol id="sm-fe">
         <name>__TI_decompress_none</name>
         <value>0xd83</value>
         <object_component_ref idref="oc-18"/>
      </symbol>
      <symbol id="sm-115">
         <name>__TI_zero_init</name>
         <value>0xda9</value>
         <object_component_ref idref="oc-1e"/>
      </symbol>
      <symbol id="sm-136">
         <name>C$$EXIT</name>
         <value>0xaa9</value>
         <object_component_ref idref="oc-87"/>
      </symbol>
      <symbol id="sm-137">
         <name>abort</name>
         <value>0xaad</value>
         <object_component_ref idref="oc-87"/>
      </symbol>
      <symbol id="sm-138">
         <name>exit</name>
         <value>0xab5</value>
         <object_component_ref idref="oc-87"/>
      </symbol>
      <symbol id="sm-139">
         <name>__TI_dtors_ptr</name>
         <value>0x2000022c</value>
         <object_component_ref idref="oc-e9"/>
      </symbol>
      <symbol id="sm-13a">
         <name>__TI_cleanup_ptr</name>
         <value>0x20000228</value>
         <object_component_ref idref="oc-e9"/>
      </symbol>
      <symbol id="sm-13b">
         <name>__TI_enable_exit_profile_output</name>
         <value>0x20000230</value>
         <object_component_ref idref="oc-e9"/>
      </symbol>
      <symbol id="sm-156">
         <name>memcpy</name>
         <value>0x729</value>
         <object_component_ref idref="oc-57"/>
      </symbol>
      <symbol id="sm-157">
         <name>__aeabi_memcpy</name>
         <value>0x729</value>
         <object_component_ref idref="oc-57"/>
      </symbol>
      <symbol id="sm-158">
         <name>__aeabi_memcpy8</name>
         <value>0x729</value>
         <object_component_ref idref="oc-57"/>
      </symbol>
      <symbol id="sm-159">
         <name>__aeabi_memcpy4</name>
         <value>0x729</value>
         <object_component_ref idref="oc-57"/>
      </symbol>
      <symbol id="sm-168">
         <name>__aeabi_memset</name>
         <value>0x7c7</value>
         <object_component_ref idref="oc-63"/>
      </symbol>
      <symbol id="sm-169">
         <name>memset</name>
         <value>0x7cd</value>
         <object_component_ref idref="oc-63"/>
      </symbol>
      <symbol id="sm-16a">
         <name>__aeabi_memset8</name>
         <value>0x7c7</value>
         <object_component_ref idref="oc-63"/>
      </symbol>
      <symbol id="sm-16b">
         <name>__aeabi_memset4</name>
         <value>0x7c7</value>
         <object_component_ref idref="oc-63"/>
      </symbol>
      <symbol id="sm-16c">
         <name>__aeabi_memclr8</name>
         <value>0x7c5</value>
         <object_component_ref idref="oc-63"/>
      </symbol>
      <symbol id="sm-16d">
         <name>__aeabi_memclr4</name>
         <value>0x7c5</value>
         <object_component_ref idref="oc-63"/>
      </symbol>
      <symbol id="sm-16e">
         <name>__aeabi_memclr</name>
         <value>0x7c5</value>
         <object_component_ref idref="oc-63"/>
      </symbol>
      <symbol id="sm-178">
         <name>__mpu_init</name>
         <value>0xd0b</value>
         <object_component_ref idref="oc-6f"/>
      </symbol>
      <symbol id="sm-182">
         <name>_system_pre_init</name>
         <value>0xdcd</value>
         <object_component_ref idref="oc-75"/>
      </symbol>
      <symbol id="sm-18a">
         <name>main_func_sp</name>
         <value>0x20000248</value>
         <object_component_ref idref="oc-8d"/>
      </symbol>
      <symbol id="sm-1a4">
         <name>_nop</name>
         <value>0xd4b</value>
         <object_component_ref idref="oc-141"/>
      </symbol>
      <symbol id="sm-1a5">
         <name>_lock</name>
         <value>0x20000240</value>
         <object_component_ref idref="oc-ec"/>
      </symbol>
      <symbol id="sm-1a6">
         <name>_unlock</name>
         <value>0x20000244</value>
         <object_component_ref idref="oc-ec"/>
      </symbol>
      <symbol id="sm-1a7">
         <name>_register_lock</name>
         <value>0xd43</value>
         <object_component_ref idref="oc-141"/>
      </symbol>
      <symbol id="sm-1a8">
         <name>_register_unlock</name>
         <value>0xd3d</value>
         <object_component_ref idref="oc-141"/>
      </symbol>
      <symbol id="sm-1bc">
         <name>_args_main</name>
         <value>0xd0d</value>
         <object_component_ref idref="oc-81"/>
      </symbol>
      <symbol id="sm-1e6">
         <name>__TI_auto_init</name>
         <value>0x841</value>
         <object_component_ref idref="oc-7b"/>
      </symbol>
      <symbol id="sm-200">
         <name>copy_in</name>
         <value>0xb49</value>
         <object_component_ref idref="oc-d3"/>
      </symbol>
      <symbol id="sm-20b">
         <name>_system_post_cinit</name>
         <value>0xd3b</value>
         <object_component_ref idref="oc-d9"/>
      </symbol>
      <symbol id="sm-298">
         <name>CANBitRateSet</name>
         <value>0x8b1</value>
         <object_component_ref idref="oc-181"/>
      </symbol>
      <symbol id="sm-299">
         <name>CANBitTimingGet</name>
         <value>0xc45</value>
         <object_component_ref idref="oc-130"/>
      </symbol>
      <symbol id="sm-29a">
         <name>CANEnable</name>
         <value>0xdb5</value>
         <object_component_ref idref="oc-199"/>
      </symbol>
      <symbol id="sm-29b">
         <name>CANStatusGet</name>
         <value>0xb95</value>
         <object_component_ref idref="oc-9b"/>
      </symbol>
      <symbol id="sm-29c">
         <name>CANMessageSet</name>
         <value>0x39f</value>
         <object_component_ref idref="oc-a1"/>
      </symbol>
      <symbol id="sm-29d">
         <name>CANIntClear</name>
         <value>0xca1</value>
         <object_component_ref idref="oc-a7"/>
      </symbol>
      <symbol id="sm-29e">
         <name>CANIntStatus</name>
         <value>0xceb</value>
         <object_component_ref idref="oc-95"/>
      </symbol>
      <symbol id="sm-29f">
         <name>CANInit</name>
         <value>0xbd5</value>
         <object_component_ref idref="oc-175"/>
      </symbol>
      <symbol id="sm-2a0">
         <name>CANIntEnable</name>
         <value>0xdbf</value>
         <object_component_ref idref="oc-18d"/>
      </symbol>
      <symbol id="sm-2a1">
         <name>CANRetrySet</name>
         <value>0xd51</value>
         <object_component_ref idref="oc-187"/>
      </symbol>
      <symbol id="sm-2d4">
         <name>GPIOPinConfigure</name>
         <value>0xafd</value>
         <object_component_ref idref="oc-169"/>
      </symbol>
      <symbol id="sm-2d5">
         <name>GPIODirModeSet</name>
         <value>0xc75</value>
         <object_component_ref idref="oc-1b4"/>
      </symbol>
      <symbol id="sm-2d6">
         <name>GPIOPadConfigSet</name>
         <value>0x26d</value>
         <object_component_ref idref="oc-1ba"/>
      </symbol>
      <symbol id="sm-2d7">
         <name>GPIOPinTypeCAN</name>
         <value>0xd25</value>
         <object_component_ref idref="oc-16f"/>
      </symbol>
      <symbol id="sm-308">
         <name>IntEnable</name>
         <value>0x985</value>
         <object_component_ref idref="oc-193"/>
      </symbol>
      <symbol id="sm-309">
         <name>IntMasterDisable</name>
         <value>0xd63</value>
         <object_component_ref idref="oc-11e"/>
      </symbol>
      <symbol id="sm-30a">
         <name>IntMasterEnable</name>
         <value>0xd73</value>
         <object_component_ref idref="oc-12a"/>
      </symbol>
      <symbol id="sm-343">
         <name>SysCtlPeripheralEnable</name>
         <value>0xc11</value>
         <object_component_ref idref="oc-163"/>
      </symbol>
      <symbol id="sm-344">
         <name>SysCtlClockGet</name>
         <value>0x4d1</value>
         <object_component_ref idref="oc-17b"/>
      </symbol>
      <symbol id="sm-356">
         <name>CPUcpsie</name>
         <value>0xd9d</value>
         <object_component_ref idref="oc-1a1"/>
      </symbol>
      <symbol id="sm-357">
         <name>CPUcpsid</name>
         <value>0xd91</value>
         <object_component_ref idref="oc-15c"/>
      </symbol>
      <symbol id="sm-358">
         <name>__TI_static_base__</name>
         <value>0x0</value>
      </symbol>
      <symbol id="sm-35b">
         <name>SHT$$INIT_ARRAY$$Limit</name>
         <value>0x0</value>
      </symbol>
      <symbol id="sm-35c">
         <name>SHT$$INIT_ARRAY$$Base</name>
         <value>0x0</value>
      </symbol>
   </symbol_table>
   <title>Link successful</title>
</link_info>
