******************************************************************************
                  TI ARM Linker PC v16.9.1                     
******************************************************************************
>> Linked Wed Feb 21 19:08:05 2018

OUTPUT FILE NAME:   <can.out>
ENTRY POINT SYMBOL: "_c_int00"  address: 0000103d


MEMORY CONFIGURATION

         name            origin    length      used     unused   attr    fill
----------------------  --------  ---------  --------  --------  ----  --------
  FLASH                 00000000   00040000  0000162c  0003e9d4  R  X
  SRAM                  20000000   00008000  000004c6  00007b3a  RW X


SEGMENT ALLOCATION MAP

run origin  load origin   length   init length attrs members
----------  ----------- ---------- ----------- ----- -------
00000000    00000000    00001630   00001630    r-x
  00000000    00000000    0000026c   0000026c    r-- .intvecs
  0000026c    0000026c    00001228   00001228    r-x .text
  00001494    00001494    00000148   00000148    r-- .const
  000015e0    000015e0    00000050   00000050    r-- .cinit
20000000    20000000    000004c6   00000000    rw-
  20000000    20000000    0000026c   00000000    rw- .vtable
  2000026c    2000026c    00000200   00000000    rw- .stack
  2000046c    2000046c    00000030   00000000    rw- .data
  2000049c    2000049c    0000002a   00000000    rw- .bss


SECTION ALLOCATION MAP

 output                                  attributes/
section   page    origin      length       input sections
--------  ----  ----------  ----------   ----------------
.intvecs   0    00000000    0000026c     
                  00000000    0000026c     startup_ccs.obj (.intvecs)

.text      0    0000026c    00001228     
                  0000026c    000001ea     uartstdio.obj (.text:UARTvprintf)
                  00000456    00000002     startup_ccs.obj (.text:FaultISR)
                  00000458    00000140     can.obj (.text:main)
                  00000598    00000132     driverlib.lib : gpio.obj (.text:GPIOPadConfigSet)
                  000006ca    00000130                   : can.obj (.text:CANMessageSet)
                  000007fa    00000002     startup_ccs.obj (.text:IntDefaultHandler)
                  000007fc    00000118     can.obj (.text:CANErrorHandler)
                  00000914    00000110     driverlib.lib : sysctl.obj (.text:SysCtlClockGet)
                  00000a24    0000010e                   : can.obj (.text:CANMessageGet)
                  00000b32    00000002     startup_ccs.obj (.text:NmiSR)
                  00000b34    000000b4     can.obj (.text:InitCAN0)
                  00000be8    0000009c     rtsv7M4_T_le_v4SPD16_eabi.lib : memcpy_t2.obj (.text)
                  00000c84    0000007a                                   : memset_t2.obj (.text)
                  00000cfe    00000002                                   : i_div0.obj (.text)
                  00000d00    00000070     can.obj (.text:CAN0IntHandler)
                  00000d70    00000070     rtsv7M4_T_le_v4SPD16_eabi.lib : autoinit.obj (.text)
                  00000de0    0000006c     driverlib.lib : can.obj (.text:CANBitRateSet)
                  00000e4c    00000068                   : interrupt.obj (.text:IntEnable)
                  00000eb4    00000068     rtsv7M4_T_le_v4SPD16_eabi.lib : copy_decompress_lzss.obj (.text:decompress:lzss)
                  00000f1c    00000064     can.obj (.text:ConfigureUART)
                  00000f80    00000060     uartstdio.obj (.text:UARTStdioConfig)
                  00000fe0    0000005c     driverlib.lib : can.obj (.text:_CANIntNumberGet)
                  0000103c    00000054     rtsv7M4_T_le_v4SPD16_eabi.lib : boot.obj (.text)
                  00001090    00000054                                   : exit.obj (.text)
                  000010e4    0000004c     driverlib.lib : gpio.obj (.text:GPIOPinConfigure)
                  00001130    0000004c     rtsv7M4_T_le_v4SPD16_eabi.lib : cpy_tbl.obj (.text)
                  0000117c    00000048     uartstdio.obj (.text:UARTwrite)
                  000011c4    00000040     driverlib.lib : can.obj (.text:CANStatusGet)
                  00001204    00000040     rtsv7M4_T_le_v4SPD16_eabi.lib : u_divt2.obj (.text)
                  00001244    0000003a     driverlib.lib : can.obj (.text:CANInit)
                  0000127e    00000002     rtsv7M4_T_le_v4SPD16_eabi.lib : mpu_init.obj (.text)
                  00001280    00000034     driverlib.lib : interrupt.obj (.text:IntRegister)
                  000012b4    00000034                   : sysctl.obj (.text:SysCtlPeripheralEnable)
                  000012e8    0000002c                   : gpio.obj (.text:GPIODirModeSet)
                  00001314    0000002a                   : can.obj (.text:_CANDataRegRead)
                  0000133e    00000026                   : can.obj (.text:CANIntClear)
                  00001364    00000024                   : can.obj (.text:_CANDataRegWrite)
                  00001388    00000020                   : can.obj (.text:CANIntStatus)
                  000013a8    0000001a     uartstdio.obj (.text:UARTprintf)
                  000013c2    00000018     driverlib.lib : can.obj (.text:CANIntRegister)
                  000013da    00000002     rtsv7M4_T_le_v4SPD16_eabi.lib : startup.obj (.text)
                  000013dc    00000018                                   : args_main.obj (.text)
                  000013f4    00000016     driverlib.lib : gpio.obj (.text:GPIOPinTypeCAN)
                  0000140a    00000002     --HOLE-- [fill = 0]
                  0000140c    00000014     rtsv7M4_T_le_v4SPD16_eabi.lib : _lock.obj (.text)
                  00001420    00000010     driverlib.lib : interrupt.obj (.text:IntMasterDisable)
                  00001430    00000010                   : interrupt.obj (.text:IntMasterEnable)
                  00001440    0000000e     rtsv7M4_T_le_v4SPD16_eabi.lib : copy_decompress_none.obj (.text:decompress:none)
                  0000144e    0000000c     driverlib.lib : cpu.obj (.text:CPUcpsid)
                  0000145a    0000000c                   : cpu.obj (.text:CPUcpsie)
                  00001466    0000000c     rtsv7M4_T_le_v4SPD16_eabi.lib : copy_zero_init.obj (.text:decompress:ZI)
                  00001472    0000000a     driverlib.lib : can.obj (.text:CANEnable)
                  0000147c    00000008                   : can.obj (.text:CANIntEnable)
                  00001484    00000006     startup_ccs.obj (.text:ResetISR)
                  0000148a    00000006     driverlib.lib : uart.obj (.text:UARTClockSourceSet)
                  00001490    00000004     rtsv7M4_T_le_v4SPD16_eabi.lib : pre_init.obj (.text)

.const     0    00001494    00000148     
                  00001494    00000090     driverlib.lib : gpio.obj (.const:g_pui32GPIOBaseAddrs)
                  00001524    0000006c                   : sysctl.obj (.const:g_pui32Xtals)
                  00001590    00000020                   : can.obj (.const:g_ui16CANBitValues)
                  000015b0    00000014                   : interrupt.obj (.const:g_pui32EnRegs)
                  000015c4    0000000c     uartstdio.obj (.const:g_ui32UARTBase)
                  000015d0    0000000c     uartstdio.obj (.const:g_ui32UARTPeriph)

.cinit     0    000015e0    00000050     
                  000015e0    00000018     (.cinit..data.load) [load image, compression = lzss]
                  000015f8    0000000c     (__TI_handler_table)
                  00001604    00000004     --HOLE-- [fill = 0]
                  00001608    00000008     (.cinit..bss.load) [load image, compression = zero_init]
                  00001610    00000008     (.cinit..vtable.load) [load image, compression = zero_init]
                  00001618    00000018     (__TI_cinit_table)

.init_array 
*          0    00000000    00000000     UNINITIALIZED

.vtable    0    20000000    0000026c     UNINITIALIZED
                  20000000    0000026c     driverlib.lib : interrupt.obj (.vtable)

.stack     0    2000026c    00000200     UNINITIALIZED
                  2000026c    00000200     --HOLE--

.data      0    2000046c    00000030     UNINITIALIZED
                  2000046c    00000010     can.obj (.data)
                  2000047c    0000000c     rtsv7M4_T_le_v4SPD16_eabi.lib : exit.obj (.data:$O1$$)
                  20000488    00000008                                   : _lock.obj (.data:$O1$$)
                  20000490    00000005     uartstdio.obj (.data)
                  20000495    00000003     --HOLE--
                  20000498    00000004     rtsv7M4_T_le_v4SPD16_eabi.lib : stkdepth_vars.obj (.data)

.bss       0    2000049c    0000002a     UNINITIALIZED
                  2000049c    00000014     (.common:g_sCAN0RxMessage)
                  200004b0    00000014     (.common:g_sCAN0TxMessage)
                  200004c4    00000001     (.common:g_ui8RXMsgData)
                  200004c5    00000001     (.common:g_ui8TXMsgData)

MODULE SUMMARY

       Module                     code   ro data   rw data
       ------                     ----   -------   -------
    .\
       can.obj                    992    0         58     
       startup_ccs.obj            12     620       0      
    +--+--------------------------+------+---------+---------+
       Total:                     1004   620       58     
                                                          
    .\utils\
       uartstdio.obj              684    24        5      
    +--+--------------------------+------+---------+---------+
       Total:                     684    24        5      
                                                          
    C:/ti/TivaWare_C_Series-2.1.3.156/driverlib/ccs/Debug/driverlib.lib
       can.obj                    1086   32        0      
       interrupt.obj              188    20        620    
       gpio.obj                   448    144       0      
       sysctl.obj                 324    108       0      
       cpu.obj                    24     0         0      
       uart.obj                   6      0         0      
    +--+--------------------------+------+---------+---------+
       Total:                     2076   304       620    
                                                          
    C:\ti\ccsv7\tools\compiler\ti-cgt-arm_16.9.1.LTS\lib\rtsv7M4_T_le_v4SPD16_eabi.lib
       memcpy_t2.obj              156    0         0      
       memset_t2.obj              122    0         0      
       autoinit.obj               112    0         0      
       copy_decompress_lzss.obj   104    0         0      
       exit.obj                   84     0         12     
       boot.obj                   84     0         0      
       cpy_tbl.obj                76     0         0      
       u_divt2.obj                64     0         0      
       _lock.obj                  20     0         8      
       args_main.obj              24     0         0      
       copy_decompress_none.obj   14     0         0      
       copy_zero_init.obj         12     0         0      
       pre_init.obj               4      0         0      
       stkdepth_vars.obj          0      0         4      
       i_div0.obj                 2      0         0      
       mpu_init.obj               2      0         0      
       startup.obj                2      0         0      
    +--+--------------------------+------+---------+---------+
       Total:                     882    0         24     
                                                          
       Stack:                     0      0         512    
       Linker Generated:          0      76        0      
    +--+--------------------------+------+---------+---------+
       Grand Total:               4646   1024      1219   


LINKER GENERATED COPY TABLES

__TI_cinit_table @ 00001618 records: 3, size/record: 8, table size: 24
	.data: load addr=000015e0, load size=00000018 bytes, run addr=2000046c, run size=00000030 bytes, compression=lzss
	.bss: load addr=00001608, load size=00000008 bytes, run addr=2000049c, run size=0000002a bytes, compression=zero_init
	.vtable: load addr=00001610, load size=00000008 bytes, run addr=20000000, run size=0000026c bytes, compression=zero_init


LINKER GENERATED HANDLER TABLE

__TI_handler_table @ 000015f8 records: 3, size/record: 4, table size: 12
	index: 0, handler: __TI_zero_init
	index: 1, handler: __TI_decompress_lzss
	index: 2, handler: __TI_decompress_none


GLOBAL SYMBOLS: SORTED ALPHABETICALLY BY Name 

address   name                           
-------   ----                           
00001091  C$$EXIT                        
00000d01  CAN0IntHandler                 
00000de1  CANBitRateSet                  
00001473  CANEnable                      
000007fd  CANErrorHandler                
00001245  CANInit                        
0000133f  CANIntClear                    
0000147d  CANIntEnable                   
000013c3  CANIntRegister                 
00001389  CANIntStatus                   
00000a25  CANMessageGet                  
000006cb  CANMessageSet                  
000011c5  CANStatusGet                   
0000144f  CPUcpsid                       
0000145b  CPUcpsie                       
00000f1d  ConfigureUART                  
000012e9  GPIODirModeSet                 
00000599  GPIOPadConfigSet               
000010e5  GPIOPinConfigure               
000013f5  GPIOPinTypeCAN                 
00000b35  InitCAN0                       
00000e4d  IntEnable                      
00001421  IntMasterDisable               
00001431  IntMasterEnable                
00001281  IntRegister                    
00001485  ResetISR                       
UNDEFED   SHT$$INIT_ARRAY$$Base          
UNDEFED   SHT$$INIT_ARRAY$$Limit         
00000915  SysCtlClockGet                 
000012b5  SysCtlPeripheralEnable         
0000148b  UARTClockSourceSet             
00000f81  UARTStdioConfig                
000013a9  UARTprintf                     
0000026d  UARTvprintf                    
0000117d  UARTwrite                      
2000046c  __STACK_END                    
00000200  __STACK_SIZE                   
2000046c  __STACK_TOP                    
00001618  __TI_CINIT_Base                
00001630  __TI_CINIT_Limit               
000015f8  __TI_Handler_Table_Base        
00001604  __TI_Handler_Table_Limit       
00000d71  __TI_auto_init                 
2000047c  __TI_cleanup_ptr               
00000eb5  __TI_decompress_lzss           
00001441  __TI_decompress_none           
20000480  __TI_dtors_ptr                 
20000484  __TI_enable_exit_profile_output
ffffffff  __TI_pprof_out_hndl            
ffffffff  __TI_prof_data_size            
ffffffff  __TI_prof_data_start           
00000000  __TI_static_base__             
00001467  __TI_zero_init                 
00000cff  __aeabi_idiv0                  
00000c85  __aeabi_memclr                 
00000c85  __aeabi_memclr4                
00000c85  __aeabi_memclr8                
00000be9  __aeabi_memcpy                 
00000be9  __aeabi_memcpy4                
00000be9  __aeabi_memcpy8                
00000c87  __aeabi_memset                 
00000c87  __aeabi_memset4                
00000c87  __aeabi_memset8                
00001205  __aeabi_uidiv                  
00001205  __aeabi_uidivmod               
ffffffff  __binit__                      
ffffffff  __c_args__                     
0000127f  __mpu_init                     
2000026c  __stack                        
000013dd  _args_main                     
0000103d  _c_int00                       
20000488  _lock                          
0000141b  _nop                           
00001413  _register_lock                 
0000140d  _register_unlock               
000013db  _system_post_cinit             
00001491  _system_pre_init               
2000048c  _unlock                        
00001095  abort                          
ffffffff  binit                          
00001131  copy_in                        
0000109d  exit                           
20000474  g_bRXFlag                      
20000000  g_pfnRAMVectors                
00000000  g_pfnVectors                   
2000049c  g_sCAN0RxMessage               
200004b0  g_sCAN0TxMessage               
20000478  g_ui32ErrFlag                  
2000046c  g_ui32RXMsgCount               
20000470  g_ui32TXMsgCount               
200004c4  g_ui8RXMsgData                 
200004c5  g_ui8TXMsgData                 
00000459  main                           
20000498  main_func_sp                   
00000be9  memcpy                         
00000c8d  memset                         


GLOBAL SYMBOLS: SORTED BY Symbol Address 

address   name                           
-------   ----                           
00000000  __TI_static_base__             
00000000  g_pfnVectors                   
00000200  __STACK_SIZE                   
0000026d  UARTvprintf                    
00000459  main                           
00000599  GPIOPadConfigSet               
000006cb  CANMessageSet                  
000007fd  CANErrorHandler                
00000915  SysCtlClockGet                 
00000a25  CANMessageGet                  
00000b35  InitCAN0                       
00000be9  __aeabi_memcpy                 
00000be9  __aeabi_memcpy4                
00000be9  __aeabi_memcpy8                
00000be9  memcpy                         
00000c85  __aeabi_memclr                 
00000c85  __aeabi_memclr4                
00000c85  __aeabi_memclr8                
00000c87  __aeabi_memset                 
00000c87  __aeabi_memset4                
00000c87  __aeabi_memset8                
00000c8d  memset                         
00000cff  __aeabi_idiv0                  
00000d01  CAN0IntHandler                 
00000d71  __TI_auto_init                 
00000de1  CANBitRateSet                  
00000e4d  IntEnable                      
00000eb5  __TI_decompress_lzss           
00000f1d  ConfigureUART                  
00000f81  UARTStdioConfig                
0000103d  _c_int00                       
00001091  C$$EXIT                        
00001095  abort                          
0000109d  exit                           
000010e5  GPIOPinConfigure               
00001131  copy_in                        
0000117d  UARTwrite                      
000011c5  CANStatusGet                   
00001205  __aeabi_uidiv                  
00001205  __aeabi_uidivmod               
00001245  CANInit                        
0000127f  __mpu_init                     
00001281  IntRegister                    
000012b5  SysCtlPeripheralEnable         
000012e9  GPIODirModeSet                 
0000133f  CANIntClear                    
00001389  CANIntStatus                   
000013a9  UARTprintf                     
000013c3  CANIntRegister                 
000013db  _system_post_cinit             
000013dd  _args_main                     
000013f5  GPIOPinTypeCAN                 
0000140d  _register_unlock               
00001413  _register_lock                 
0000141b  _nop                           
00001421  IntMasterDisable               
00001431  IntMasterEnable                
00001441  __TI_decompress_none           
0000144f  CPUcpsid                       
0000145b  CPUcpsie                       
00001467  __TI_zero_init                 
00001473  CANEnable                      
0000147d  CANIntEnable                   
00001485  ResetISR                       
0000148b  UARTClockSourceSet             
00001491  _system_pre_init               
000015f8  __TI_Handler_Table_Base        
00001604  __TI_Handler_Table_Limit       
00001618  __TI_CINIT_Base                
00001630  __TI_CINIT_Limit               
20000000  g_pfnRAMVectors                
2000026c  __stack                        
2000046c  __STACK_END                    
2000046c  __STACK_TOP                    
2000046c  g_ui32RXMsgCount               
20000470  g_ui32TXMsgCount               
20000474  g_bRXFlag                      
20000478  g_ui32ErrFlag                  
2000047c  __TI_cleanup_ptr               
20000480  __TI_dtors_ptr                 
20000484  __TI_enable_exit_profile_output
20000488  _lock                          
2000048c  _unlock                        
20000498  main_func_sp                   
2000049c  g_sCAN0RxMessage               
200004b0  g_sCAN0TxMessage               
200004c4  g_ui8RXMsgData                 
200004c5  g_ui8TXMsgData                 
ffffffff  __TI_pprof_out_hndl            
ffffffff  __TI_prof_data_size            
ffffffff  __TI_prof_data_start           
ffffffff  __binit__                      
ffffffff  __c_args__                     
ffffffff  binit                          
UNDEFED   SHT$$INIT_ARRAY$$Base          
UNDEFED   SHT$$INIT_ARRAY$$Limit         

[96 symbols]
