******************************************************************************
                  TI ARM Linker PC v16.12.0                    
******************************************************************************
>> Linked Wed Feb 28 15:59:12 2018

OUTPUT FILE NAME:   <TivaWare_Test.out>
ENTRY POINT SYMBOL: "_c_int00"  address: 000010e1


MEMORY CONFIGURATION

         name            origin    length      used     unused   attr    fill
----------------------  --------  ---------  --------  --------  ----  --------
  FLASH                 00000000   00040000  00001a8a  0003e576  R  X
  SRAM                  20000000   00008000  00000ac1  0000753f  RW X


SEGMENT ALLOCATION MAP

run origin  load origin   length   init length attrs members
----------  ----------- ---------- ----------- ----- -------
00000000    00000000    00001a90   00001a90    r-x
  00000000    00000000    0000026c   0000026c    r-- .intvecs
  0000026c    0000026c    00001606   00001606    r-x .text
  00001874    00001874    000001d0   000001d0    r-- .const
  00001a48    00001a48    00000048   00000048    r-- .cinit
20000000    20000000    00000ac4   00000000    rw-
  20000000    20000000    0000026c   00000000    rw- .vtable
  2000026c    2000026c    00000800   00000000    rw- .stack
  20000a6c    20000a6c    0000003d   00000000    rw- .bss
  20000aac    20000aac    00000018   00000000    rw- .data


SECTION ALLOCATION MAP

 output                                  attributes/
section   page    origin      length       input sections
--------  ----  ----------  ----------   ----------------
.intvecs   0    00000000    0000026c     
                  00000000    0000026c     tm4c123gh6pm_startup_ccs.obj (.intvecs)

.text      0    0000026c    00001606     
                  0000026c    000004c0     main.obj (.text)
                  0000072c    00000132     driverlib.lib : gpio.obj (.text:GPIOPadConfigSet)
                  0000085e    00000130                   : can.obj (.text:CANMessageSet)
                  0000098e    00000002     rtsv7M4_T_le_v4SPD16_eabi.lib : mpu_init.obj (.text)
                  00000990    00000110     driverlib.lib : sysctl.obj (.text:SysCtlClockGet)
                  00000aa0    000000fc     rtsv7M4_T_le_v4SPD16_eabi.lib : fd_mul_t2.obj (.text)
                  00000b9c    000000f4     driverlib.lib : sysctl.obj (.text:SysCtlClockSet)
                  00000c90    0000009c     rtsv7M4_T_le_v4SPD16_eabi.lib : memcpy_t2.obj (.text)
                  00000d2c    0000007a     driverlib.lib : adc.obj (.text:ADCSequenceStepConfigure)
                  00000da6    0000007a     rtsv7M4_T_le_v4SPD16_eabi.lib : memset_t2.obj (.text)
                  00000e20    00000070                                   : autoinit.obj (.text)
                  00000e90    0000006c     driverlib.lib : can.obj (.text:CANBitRateSet)
                  00000efc    00000068                   : interrupt.obj (.text:IntEnable)
                  00000f64    00000068     rtsv7M4_T_le_v4SPD16_eabi.lib : copy_decompress_lzss.obj (.text:decompress:lzss)
                  00000fcc    00000060     driverlib.lib : timer.obj (.text:TimerConfigure)
                  0000102c    0000005c                   : can.obj (.text:_CANIntNumberGet)
                  00001088    00000058                   : adc.obj (.text:ADCSequenceConfigure)
                  000010e0    00000054     rtsv7M4_T_le_v4SPD16_eabi.lib : boot.obj (.text)
                  00001134    00000054                                   : exit.obj (.text)
                  00001188    00000050     driverlib.lib : adc.obj (.text:_ADCIntNumberGet)
                  000011d8    0000004c                   : gpio.obj (.text:GPIOPinConfigure)
                  00001224    0000004c                   : timer.obj (.text:_TimerIntNumberGet)
                  00001270    0000004c     rtsv7M4_T_le_v4SPD16_eabi.lib : cpy_tbl.obj (.text)
                  000012bc    00000044                                   : fd_tou_t2.obj (.text)
                  00001300    00000040     driverlib.lib : can.obj (.text:CANStatusGet)
                  00001340    0000003c                   : ssi.obj (.text:SSIConfigSetExpClk)
                  0000137c    0000003a                   : can.obj (.text:CANInit)
                  000013b6    00000002     rtsv7M4_T_le_v4SPD16_eabi.lib : startup.obj (.text)
                  000013b8    00000038     driverlib.lib : sysctl.obj (.text:SysCtlPeripheralReady)
                  000013f0    00000036                   : pwm.obj (.text:PWMOutputUpdateMode)
                  00001426    00000002     --HOLE-- [fill = 0]
                  00001428    00000034                   : interrupt.obj (.text:IntRegister)
                  0000145c    00000034                   : sysctl.obj (.text:SysCtlPeripheralEnable)
                  00001490    0000002e     rtsv7M4_T_le_v4SPD16_eabi.lib : i_tofd_t2.obj (.text)
                  000014be    0000002c     driverlib.lib : gpio.obj (.text:GPIODirModeSet)
                  000014ea    00000026                   : can.obj (.text:CANIntClear)
                  00001510    00000024                   : can.obj (.text:_CANDataRegWrite)
                  00001534    00000022                   : pwm.obj (.text:PWMGenConfigure)
                  00001556    00000020                   : can.obj (.text:CANIntStatus)
                  00001576    00000020     rtsv7M4_T_le_v4SPD16_eabi.lib : u_tofd_t2.obj (.text)
                  00001596    0000001e     driverlib.lib : adc.obj (.text:ADCSequenceDataGet)
                  000015b4    0000001e                   : pwm.obj (.text:PWMPulseWidthSet)
                  000015d2    00000018                   : adc.obj (.text:ADCIntRegister)
                  000015ea    00000018                   : adc.obj (.text:ADCProcessorTrigger)
                  00001602    00000018                   : can.obj (.text:CANIntRegister)
                  0000161a    00000018                   : gpio.obj (.text:GPIOPinTypeGPIOOutput)
                  00001632    00000018                   : timer.obj (.text:TimerIntRegister)
                  0000164a    00000002     --HOLE-- [fill = 0]
                  0000164c    00000018     rtsv7M4_T_le_v4SPD16_eabi.lib : args_main.obj (.text)
                  00001664    00000016     driverlib.lib : gpio.obj (.text:GPIOPinTypeADC)
                  0000167a    00000016                   : gpio.obj (.text:GPIOPinTypeCAN)
                  00001690    00000016                   : gpio.obj (.text:GPIOPinTypeGPIOInput)
                  000016a6    00000016                   : gpio.obj (.text:GPIOPinTypePWM)
                  000016bc    00000016                   : gpio.obj (.text:GPIOPinTypeSSI)
                  000016d2    00000002     --HOLE-- [fill = 0]
                  000016d4    00000014                   : sysctl.obj (.text:SysCtlPWMClockSet)
                  000016e8    00000014     rtsv7M4_T_le_v4SPD16_eabi.lib : _lock.obj (.text)
                  000016fc    00000012     driverlib.lib : pwm.obj (.text:PWMOutputState)
                  0000170e    00000012                   : timer.obj (.text:TimerLoadSet)
                  00001720    00000012                   : timer.obj (.text:TimerPrescaleSet)
                  00001732    00000010                   : adc.obj (.text:ADCIntEnable)
                  00001742    00000010                   : interrupt.obj (.text:IntMasterDisable)
                  00001752    00000010                   : interrupt.obj (.text:IntMasterEnable)
                  00001762    00000010                   : pwm.obj (.text:PWMGenPeriodSet)
                  00001772    0000000e                   : adc.obj (.text:ADCHardwareOversampleConfigure)
                  00001780    0000000e                   : adc.obj (.text:ADCSequenceDisable)
                  0000178e    0000000e                   : adc.obj (.text:ADCSequenceEnable)
                  0000179c    0000000e                   : timer.obj (.text:TimerEnable)
                  000017aa    0000000e     rtsv7M4_T_le_v4SPD16_eabi.lib : copy_decompress_none.obj (.text:decompress:none)
                  000017b8    0000000c     driverlib.lib : cpu.obj (.text:CPUcpsid)
                  000017c4    0000000c                   : cpu.obj (.text:CPUcpsie)
                  000017d0    0000000c                   : pwm.obj (.text:PWMDeadBandDisable)
                  000017dc    0000000c                   : pwm.obj (.text:PWMGenEnable)
                  000017e8    0000000c                   : ssi.obj (.text:SSIDataGet)
                  000017f4    0000000c     rtsv7M4_T_le_v4SPD16_eabi.lib : copy_zero_init.obj (.text:decompress:ZI)
                  00001800    0000000c     tm4c123gh6pm_startup_ccs.obj (.text)
                  0000180c    0000000a     driverlib.lib : adc.obj (.text:ADCIntClear)
                  00001816    0000000a                   : can.obj (.text:CANEnable)
                  00001820    0000000a                   : ssi.obj (.text:SSIDataPut)
                  0000182a    0000000a                   : ssi.obj (.text:SSIEnable)
                  00001834    00000008                   : can.obj (.text:CANIntEnable)
                  0000183c    00000008                   : ssi.obj (.text:SSIBusy)
                  00001844    00000008                   : timer.obj (.text:TimerIntEnable)
                  0000184c    00000006                   : gpio.obj (.text:GPIOPinRead)
                  00001852    00000006                   : gpio.obj (.text:GPIOPinWrite)
                  00001858    00000006                   : ssi.obj (.text:SSIClockSourceSet)
                  0000185e    00000006                   : sysctl.obj (.text:SysCtlDelay)
                  00001864    00000006                   : timer.obj (.text:TimerClockSourceSet)
                  0000186a    00000004                   : timer.obj (.text:TimerIntClear)
                  0000186e    00000004     rtsv7M4_T_le_v4SPD16_eabi.lib : pre_init.obj (.text)

.const     0    00001874    000001d0     
                  00001874    00000090     driverlib.lib : gpio.obj (.const:g_pui32GPIOBaseAddrs)
                  00001904    0000006c                   : sysctl.obj (.const:g_pui32Xtals)
                  00001970    00000060                   : timer.obj (.const:g_ppui32TimerIntMap)
                  000019d0    00000040                   : timer.obj (.const:g_ppui32TimerIntMapSnowflake)
                  00001a10    00000020                   : can.obj (.const:g_ui16CANBitValues)
                  00001a30    00000014                   : interrupt.obj (.const:g_pui32EnRegs)

.cinit     0    00001a48    00000048     
                  00001a48    00000011     (.cinit..data.load) [load image, compression = lzss]
                  00001a59    00000003     --HOLE-- [fill = 0]
                  00001a5c    0000000c     (__TI_handler_table)
                  00001a68    00000008     (.cinit..bss.load) [load image, compression = zero_init]
                  00001a70    00000008     (.cinit..vtable.load) [load image, compression = zero_init]
                  00001a78    00000018     (__TI_cinit_table)

.init_array 
*          0    00000000    00000000     UNINITIALIZED

.vtable    0    20000000    0000026c     UNINITIALIZED
                  20000000    0000026c     driverlib.lib : interrupt.obj (.vtable)

.bss       0    20000a6c    0000003d     UNINITIALIZED
                  20000a6c    00000014     (.common:sMsgObjectRx)
                  20000a80    00000014     (.common:sMsgObjectTx)
                  20000a94    00000004     (.common:count)
                  20000a98    00000004     (.common:g_i32Value)
                  20000a9c    00000004     (.common:g_ui32PWMValue)
                  20000aa0    00000004     (.common:g_ui32SPIData)
                  20000aa4    00000004     (.common:led)
                  20000aa8    00000001     (.common:ui8CANMsgData)

.data      0    20000aac    00000018     UNINITIALIZED
                  20000aac    0000000c     rtsv7M4_T_le_v4SPD16_eabi.lib : exit.obj (.data:$O1$$)
                  20000ab8    00000008                                   : _lock.obj (.data:$O1$$)
                  20000ac0    00000004                                   : stkdepth_vars.obj (.data)

.stack     0    2000026c    00000800     UNINITIALIZED
                  2000026c    00000800     --HOLE--

MODULE SUMMARY

       Module                         code   ro data   rw data
       ------                         ----   -------   -------
    .\
       main.obj                       1216   0         61     
       tm4c123gh6pm_startup_ccs.obj   12     620       0      
    +--+------------------------------+------+---------+---------+
       Total:                         1228   620       61     
                                                              
    C:/ti/TivaWare_C_Series-2.1.3.156/driverlib/ccs/Debug/driverlib.lib
       interrupt.obj                  188    20        620    
       can.obj                        774    32        0      
       sysctl.obj                     650    108       0      
       gpio.obj                       572    144       0      
       adc.obj                        436    0         0      
       timer.obj                      264    160       0      
       pwm.obj                        176    0         0      
       ssi.obj                        106    0         0      
       cpu.obj                        24     0         0      
    +--+------------------------------+------+---------+---------+
       Total:                         3190   464       620    
                                                              
    C:\ti\ccsv7\tools\compiler\ti-cgt-arm_16.12.0.STS\lib\rtsv7M4_T_le_v4SPD16_eabi.lib
       fd_mul_t2.obj                  252    0         0      
       memcpy_t2.obj                  156    0         0      
       memset_t2.obj                  122    0         0      
       autoinit.obj                   112    0         0      
       copy_decompress_lzss.obj       104    0         0      
       exit.obj                       84     0         12     
       boot.obj                       84     0         0      
       cpy_tbl.obj                    76     0         0      
       fd_tou_t2.obj                  68     0         0      
       i_tofd_t2.obj                  46     0         0      
       u_tofd_t2.obj                  32     0         0      
       _lock.obj                      20     0         8      
       args_main.obj                  24     0         0      
       copy_decompress_none.obj       14     0         0      
       copy_zero_init.obj             12     0         0      
       pre_init.obj                   4      0         0      
       stkdepth_vars.obj              0      0         4      
       mpu_init.obj                   2      0         0      
       startup.obj                    2      0         0      
    +--+------------------------------+------+---------+---------+
       Total:                         1214   0         24     
                                                              
       Stack:                         0      0         2048   
       Linker Generated:              0      69        0      
    +--+------------------------------+------+---------+---------+
       Grand Total:                   5632   1153      2753   


LINKER GENERATED COPY TABLES

__TI_cinit_table @ 00001a78 records: 3, size/record: 8, table size: 24
	.data: load addr=00001a48, load size=00000011 bytes, run addr=20000aac, run size=00000018 bytes, compression=lzss
	.bss: load addr=00001a68, load size=00000008 bytes, run addr=20000a6c, run size=0000003d bytes, compression=zero_init
	.vtable: load addr=00001a70, load size=00000008 bytes, run addr=20000000, run size=0000026c bytes, compression=zero_init


LINKER GENERATED HANDLER TABLE

__TI_handler_table @ 00001a5c records: 3, size/record: 4, table size: 12
	index: 0, handler: __TI_zero_init
	index: 1, handler: __TI_decompress_lzss
	index: 2, handler: __TI_decompress_none


GLOBAL SYMBOLS: SORTED ALPHABETICALLY BY Name 

address   name                           
-------   ----                           
00001773  ADCHardwareOversampleConfigure 
0000180d  ADCIntClear                    
00001733  ADCIntEnable                   
000015d3  ADCIntRegister                 
000015eb  ADCProcessorTrigger            
00001089  ADCSequenceConfigure           
00001597  ADCSequenceDataGet             
00001781  ADCSequenceDisable             
0000178f  ADCSequenceEnable              
00000d2d  ADCSequenceStepConfigure       
00001135  C$$EXIT                        
00000e91  CANBitRateSet                  
00001817  CANEnable                      
00000493  CANISR                         
0000137d  CANInit                        
000014eb  CANIntClear                    
00001835  CANIntEnable                   
00001603  CANIntRegister                 
00001557  CANIntStatus                   
0000085f  CANMessageSet                  
00001301  CANStatusGet                   
000017b9  CPUcpsid                       
000017c5  CPUcpsie                       
000014bf  GPIODirModeSet                 
0000072d  GPIOPadConfigSet               
000011d9  GPIOPinConfigure               
0000184d  GPIOPinRead                    
00001665  GPIOPinTypeADC                 
0000167b  GPIOPinTypeCAN                 
00001691  GPIOPinTypeGPIOInput           
0000161b  GPIOPinTypeGPIOOutput          
000016a7  GPIOPinTypePWM                 
000016bd  GPIOPinTypeSSI                 
00001853  GPIOPinWrite                   
00000efd  IntEnable                      
00001743  IntMasterDisable               
00001753  IntMasterEnable                
00001429  IntRegister                    
000017d1  PWMDeadBandDisable             
00001535  PWMGenConfigure                
000017dd  PWMGenEnable                   
00001763  PWMGenPeriodSet                
000016fd  PWMOutputState                 
000013f1  PWMOutputUpdateMode            
000015b5  PWMPulseWidthSet               
00001801  ResetISR                       
UNDEFED   SHT$$INIT_ARRAY$$Base          
UNDEFED   SHT$$INIT_ARRAY$$Limit         
0000183d  SSIBusy                        
00001859  SSIClockSourceSet              
00001341  SSIConfigSetExpClk             
000017e9  SSIDataGet                     
00001821  SSIDataPut                     
0000182b  SSIEnable                      
00000991  SysCtlClockGet                 
00000b9d  SysCtlClockSet                 
0000185f  SysCtlDelay                    
000016d5  SysCtlPWMClockSet              
0000145d  SysCtlPeripheralEnable         
000013b9  SysCtlPeripheralReady          
00001865  TimerClockSourceSet            
00000fcd  TimerConfigure                 
0000179d  TimerEnable                    
0000186b  TimerIntClear                  
00001845  TimerIntEnable                 
00001633  TimerIntRegister               
0000170f  TimerLoadSet                   
00001721  TimerPrescaleSet               
20000a6c  __STACK_END                    
00000800  __STACK_SIZE                   
2000046c  __STACK_TOP                    
00001a78  __TI_CINIT_Base                
00001a90  __TI_CINIT_Limit               
00001a5c  __TI_Handler_Table_Base        
00001a68  __TI_Handler_Table_Limit       
00000e21  __TI_auto_init                 
20000aac  __TI_cleanup_ptr               
00000f65  __TI_decompress_lzss           
000017ab  __TI_decompress_none           
20000ab0  __TI_dtors_ptr                 
20000ab4  __TI_enable_exit_profile_output
ffffffff  __TI_pprof_out_hndl            
ffffffff  __TI_prof_data_size            
ffffffff  __TI_prof_data_start           
00000000  __TI_static_base__             
000017f5  __TI_zero_init                 
000012bd  __aeabi_d2uiz                  
00000aa1  __aeabi_dmul                   
00001491  __aeabi_i2d                    
00000da7  __aeabi_memclr                 
00000da7  __aeabi_memclr4                
00000da7  __aeabi_memclr8                
00000c91  __aeabi_memcpy                 
00000c91  __aeabi_memcpy4                
00000c91  __aeabi_memcpy8                
00000da9  __aeabi_memset                 
00000da9  __aeabi_memset4                
00000da9  __aeabi_memset8                
00001577  __aeabi_ui2d                   
ffffffff  __binit__                      
ffffffff  __c_args__                     
0000098f  __mpu_init                     
2000026c  __stack                        
0000164d  _args_main                     
000010e1  _c_int00                       
20000ab8  _lock                          
000016f7  _nop                           
000016ef  _register_lock                 
000016e9  _register_unlock               
000013b7  _system_post_cinit             
0000186f  _system_pre_init               
20000abc  _unlock                        
00001139  abort                          
ffffffff  binit                          
00001271  copy_in                        
20000a94  count                          
00001141  exit                           
20000a98  g_i32Value                     
20000000  g_pfnRAMVectors                
00000000  g_pfnVectors                   
20000a9c  g_ui32PWMValue                 
20000aa0  g_ui32SPIData                  
000002f3  getADC                         
20000aa4  led                            
00000685  main                           
20000ac0  main_func_sp                   
00000c91  memcpy                         
00000daf  memset                         
20000a6c  sMsgObjectRx                   
20000a80  sMsgObjectTx                   
00000415  sendCAN                        
000003a9  setADC                         
000005ed  setCAN                         
0000051f  setPWM                         
0000026d  setPins                        
00000589  setSSI                         
000004d5  setTimer                       
000003ff  startADC                       
00000463  timerISR                       
20000aa8  ui8CANMsgData                  
00000441  writeLED                       


GLOBAL SYMBOLS: SORTED BY Symbol Address 

address   name                           
-------   ----                           
00000000  __TI_static_base__             
00000000  g_pfnVectors                   
0000026d  setPins                        
000002f3  getADC                         
000003a9  setADC                         
000003ff  startADC                       
00000415  sendCAN                        
00000441  writeLED                       
00000463  timerISR                       
00000493  CANISR                         
000004d5  setTimer                       
0000051f  setPWM                         
00000589  setSSI                         
000005ed  setCAN                         
00000685  main                           
0000072d  GPIOPadConfigSet               
00000800  __STACK_SIZE                   
0000085f  CANMessageSet                  
0000098f  __mpu_init                     
00000991  SysCtlClockGet                 
00000aa1  __aeabi_dmul                   
00000b9d  SysCtlClockSet                 
00000c91  __aeabi_memcpy                 
00000c91  __aeabi_memcpy4                
00000c91  __aeabi_memcpy8                
00000c91  memcpy                         
00000d2d  ADCSequenceStepConfigure       
00000da7  __aeabi_memclr                 
00000da7  __aeabi_memclr4                
00000da7  __aeabi_memclr8                
00000da9  __aeabi_memset                 
00000da9  __aeabi_memset4                
00000da9  __aeabi_memset8                
00000daf  memset                         
00000e21  __TI_auto_init                 
00000e91  CANBitRateSet                  
00000efd  IntEnable                      
00000f65  __TI_decompress_lzss           
00000fcd  TimerConfigure                 
00001089  ADCSequenceConfigure           
000010e1  _c_int00                       
00001135  C$$EXIT                        
00001139  abort                          
00001141  exit                           
000011d9  GPIOPinConfigure               
00001271  copy_in                        
000012bd  __aeabi_d2uiz                  
00001301  CANStatusGet                   
00001341  SSIConfigSetExpClk             
0000137d  CANInit                        
000013b7  _system_post_cinit             
000013b9  SysCtlPeripheralReady          
000013f1  PWMOutputUpdateMode            
00001429  IntRegister                    
0000145d  SysCtlPeripheralEnable         
00001491  __aeabi_i2d                    
000014bf  GPIODirModeSet                 
000014eb  CANIntClear                    
00001535  PWMGenConfigure                
00001557  CANIntStatus                   
00001577  __aeabi_ui2d                   
00001597  ADCSequenceDataGet             
000015b5  PWMPulseWidthSet               
000015d3  ADCIntRegister                 
000015eb  ADCProcessorTrigger            
00001603  CANIntRegister                 
0000161b  GPIOPinTypeGPIOOutput          
00001633  TimerIntRegister               
0000164d  _args_main                     
00001665  GPIOPinTypeADC                 
0000167b  GPIOPinTypeCAN                 
00001691  GPIOPinTypeGPIOInput           
000016a7  GPIOPinTypePWM                 
000016bd  GPIOPinTypeSSI                 
000016d5  SysCtlPWMClockSet              
000016e9  _register_unlock               
000016ef  _register_lock                 
000016f7  _nop                           
000016fd  PWMOutputState                 
0000170f  TimerLoadSet                   
00001721  TimerPrescaleSet               
00001733  ADCIntEnable                   
00001743  IntMasterDisable               
00001753  IntMasterEnable                
00001763  PWMGenPeriodSet                
00001773  ADCHardwareOversampleConfigure 
00001781  ADCSequenceDisable             
0000178f  ADCSequenceEnable              
0000179d  TimerEnable                    
000017ab  __TI_decompress_none           
000017b9  CPUcpsid                       
000017c5  CPUcpsie                       
000017d1  PWMDeadBandDisable             
000017dd  PWMGenEnable                   
000017e9  SSIDataGet                     
000017f5  __TI_zero_init                 
00001801  ResetISR                       
0000180d  ADCIntClear                    
00001817  CANEnable                      
00001821  SSIDataPut                     
0000182b  SSIEnable                      
00001835  CANIntEnable                   
0000183d  SSIBusy                        
00001845  TimerIntEnable                 
0000184d  GPIOPinRead                    
00001853  GPIOPinWrite                   
00001859  SSIClockSourceSet              
0000185f  SysCtlDelay                    
00001865  TimerClockSourceSet            
0000186b  TimerIntClear                  
0000186f  _system_pre_init               
00001a5c  __TI_Handler_Table_Base        
00001a68  __TI_Handler_Table_Limit       
00001a78  __TI_CINIT_Base                
00001a90  __TI_CINIT_Limit               
20000000  g_pfnRAMVectors                
2000026c  __stack                        
2000046c  __STACK_TOP                    
20000a6c  __STACK_END                    
20000a6c  sMsgObjectRx                   
20000a80  sMsgObjectTx                   
20000a94  count                          
20000a98  g_i32Value                     
20000a9c  g_ui32PWMValue                 
20000aa0  g_ui32SPIData                  
20000aa4  led                            
20000aa8  ui8CANMsgData                  
20000aac  __TI_cleanup_ptr               
20000ab0  __TI_dtors_ptr                 
20000ab4  __TI_enable_exit_profile_output
20000ab8  _lock                          
20000abc  _unlock                        
20000ac0  main_func_sp                   
ffffffff  __TI_pprof_out_hndl            
ffffffff  __TI_prof_data_size            
ffffffff  __TI_prof_data_start           
ffffffff  __binit__                      
ffffffff  __c_args__                     
ffffffff  binit                          
UNDEFED   SHT$$INIT_ARRAY$$Base          
UNDEFED   SHT$$INIT_ARRAY$$Limit         

[141 symbols]
