******************************************************************************
                  TI ARM Linker PC v16.12.0                    
******************************************************************************
>> Linked Wed Jan 24 15:52:15 2018

OUTPUT FILE NAME:   <TivaWare_Test.out>
ENTRY POINT SYMBOL: "_c_int00"  address: 00000d3d


MEMORY CONFIGURATION

         name            origin    length      used     unused   attr    fill
----------------------  --------  ---------  --------  --------  ----  --------
  FLASH                 00000000   00040000  00001562  0003ea9e  R  X
  SRAM                  20000000   00008000  00000a90  00007570  RW X


SEGMENT ALLOCATION MAP

run origin  load origin   length   init length attrs members
----------  ----------- ---------- ----------- ----- -------
00000000    00000000    00001568   00001568    r-x
  00000000    00000000    0000026c   0000026c    r-- .intvecs
  0000026c    0000026c    000010fe   000010fe    r-x .text
  0000136c    0000136c    000001b0   000001b0    r-- .const
  00001520    00001520    00000048   00000048    r-- .cinit
20000000    20000000    00000a90   00000000    rw-
  20000000    20000000    0000026c   00000000    rw- .vtable
  2000026c    2000026c    00000800   00000000    rw- .stack
  20000a6c    20000a6c    00000018   00000000    rw- .data
  20000a84    20000a84    0000000c   00000000    rw- .bss


SECTION ALLOCATION MAP

 output                                  attributes/
section   page    origin      length       input sections
--------  ----  ----------  ----------   ----------------
.intvecs   0    00000000    0000026c     
                  00000000    0000026c     tm4c123gh6pm_startup_ccs.obj (.intvecs)

.text      0    0000026c    000010fe     
                  0000026c    00000314     main.obj (.text)
                  00000580    00000132     driverlib.lib : gpio.obj (.text:GPIOPadConfigSet)
                  000006b2    00000002     rtsv7M4_T_le_v4SPD16_eabi.lib : mpu_init.obj (.text)
                  000006b4    00000110     driverlib.lib : sysctl.obj (.text:SysCtlClockGet)
                  000007c4    000000fc     rtsv7M4_T_le_v4SPD16_eabi.lib : fd_mul_t2.obj (.text)
                  000008c0    000000f4     driverlib.lib : sysctl.obj (.text:SysCtlClockSet)
                  000009b4    0000009c     rtsv7M4_T_le_v4SPD16_eabi.lib : memcpy_t2.obj (.text)
                  00000a50    0000007a     driverlib.lib : adc.obj (.text:ADCSequenceStepConfigure)
                  00000aca    0000007a     rtsv7M4_T_le_v4SPD16_eabi.lib : memset_t2.obj (.text)
                  00000b44    00000070                                   : autoinit.obj (.text)
                  00000bb4    00000068     driverlib.lib : interrupt.obj (.text:IntEnable)
                  00000c1c    00000068     rtsv7M4_T_le_v4SPD16_eabi.lib : copy_decompress_lzss.obj (.text:decompress:lzss)
                  00000c84    00000060     driverlib.lib : timer.obj (.text:TimerConfigure)
                  00000ce4    00000058                   : adc.obj (.text:ADCSequenceConfigure)
                  00000d3c    00000054     rtsv7M4_T_le_v4SPD16_eabi.lib : boot.obj (.text)
                  00000d90    00000054                                   : exit.obj (.text)
                  00000de4    00000050     driverlib.lib : adc.obj (.text:_ADCIntNumberGet)
                  00000e34    0000004c                   : gpio.obj (.text:GPIOPinConfigure)
                  00000e80    0000004c                   : timer.obj (.text:_TimerIntNumberGet)
                  00000ecc    0000004c     rtsv7M4_T_le_v4SPD16_eabi.lib : cpy_tbl.obj (.text)
                  00000f18    00000044                                   : fd_tou_t2.obj (.text)
                  00000f5c    0000003c     driverlib.lib : ssi.obj (.text:SSIConfigSetExpClk)
                  00000f98    00000038                   : sysctl.obj (.text:SysCtlPeripheralReady)
                  00000fd0    00000036                   : pwm.obj (.text:PWMOutputUpdateMode)
                  00001006    00000002     rtsv7M4_T_le_v4SPD16_eabi.lib : startup.obj (.text)
                  00001008    00000034     driverlib.lib : interrupt.obj (.text:IntRegister)
                  0000103c    00000034                   : sysctl.obj (.text:SysCtlPeripheralEnable)
                  00001070    0000002e     rtsv7M4_T_le_v4SPD16_eabi.lib : i_tofd_t2.obj (.text)
                  0000109e    0000002c     driverlib.lib : gpio.obj (.text:GPIODirModeSet)
                  000010ca    00000022                   : pwm.obj (.text:PWMGenConfigure)
                  000010ec    0000001e                   : adc.obj (.text:ADCSequenceDataGet)
                  0000110a    0000001e                   : pwm.obj (.text:PWMPulseWidthSet)
                  00001128    00000018                   : adc.obj (.text:ADCIntRegister)
                  00001140    00000018                   : adc.obj (.text:ADCProcessorTrigger)
                  00001158    00000018                   : gpio.obj (.text:GPIOPinTypeGPIOOutput)
                  00001170    00000018                   : timer.obj (.text:TimerIntRegister)
                  00001188    00000018     rtsv7M4_T_le_v4SPD16_eabi.lib : args_main.obj (.text)
                  000011a0    00000016     driverlib.lib : gpio.obj (.text:GPIOPinTypeADC)
                  000011b6    00000016                   : gpio.obj (.text:GPIOPinTypePWM)
                  000011cc    00000016                   : gpio.obj (.text:GPIOPinTypeSSI)
                  000011e2    00000002     --HOLE-- [fill = 0]
                  000011e4    00000014                   : sysctl.obj (.text:SysCtlPWMClockSet)
                  000011f8    00000014     rtsv7M4_T_le_v4SPD16_eabi.lib : _lock.obj (.text)
                  0000120c    00000012     driverlib.lib : pwm.obj (.text:PWMOutputState)
                  0000121e    00000012                   : timer.obj (.text:TimerLoadSet)
                  00001230    00000012                   : timer.obj (.text:TimerPrescaleSet)
                  00001242    00000010                   : adc.obj (.text:ADCIntEnable)
                  00001252    00000010                   : interrupt.obj (.text:IntMasterDisable)
                  00001262    00000010                   : interrupt.obj (.text:IntMasterEnable)
                  00001272    00000010                   : pwm.obj (.text:PWMGenPeriodSet)
                  00001282    0000000e                   : adc.obj (.text:ADCHardwareOversampleConfigure)
                  00001290    0000000e                   : adc.obj (.text:ADCSequenceDisable)
                  0000129e    0000000e                   : adc.obj (.text:ADCSequenceEnable)
                  000012ac    0000000e                   : timer.obj (.text:TimerEnable)
                  000012ba    0000000e     rtsv7M4_T_le_v4SPD16_eabi.lib : copy_decompress_none.obj (.text:decompress:none)
                  000012c8    0000000c     driverlib.lib : cpu.obj (.text:CPUcpsid)
                  000012d4    0000000c                   : cpu.obj (.text:CPUcpsie)
                  000012e0    0000000c                   : pwm.obj (.text:PWMDeadBandDisable)
                  000012ec    0000000c                   : pwm.obj (.text:PWMGenEnable)
                  000012f8    0000000c                   : ssi.obj (.text:SSIDataGet)
                  00001304    0000000c     rtsv7M4_T_le_v4SPD16_eabi.lib : copy_zero_init.obj (.text:decompress:ZI)
                  00001310    0000000c     tm4c123gh6pm_startup_ccs.obj (.text)
                  0000131c    0000000a     driverlib.lib : adc.obj (.text:ADCIntClear)
                  00001326    0000000a                   : ssi.obj (.text:SSIDataPut)
                  00001330    0000000a                   : ssi.obj (.text:SSIEnable)
                  0000133a    00000008                   : ssi.obj (.text:SSIBusy)
                  00001342    00000008                   : timer.obj (.text:TimerIntEnable)
                  0000134a    00000006                   : gpio.obj (.text:GPIOPinWrite)
                  00001350    00000006                   : ssi.obj (.text:SSIClockSourceSet)
                  00001356    00000006                   : sysctl.obj (.text:SysCtlDelay)
                  0000135c    00000006                   : timer.obj (.text:TimerClockSourceSet)
                  00001362    00000004                   : timer.obj (.text:TimerIntClear)
                  00001366    00000004     rtsv7M4_T_le_v4SPD16_eabi.lib : pre_init.obj (.text)

.const     0    0000136c    000001b0     
                  0000136c    00000090     driverlib.lib : gpio.obj (.const:g_pui32GPIOBaseAddrs)
                  000013fc    0000006c                   : sysctl.obj (.const:g_pui32Xtals)
                  00001468    00000060                   : timer.obj (.const:g_ppui32TimerIntMap)
                  000014c8    00000040                   : timer.obj (.const:g_ppui32TimerIntMapSnowflake)
                  00001508    00000014                   : interrupt.obj (.const:g_pui32EnRegs)

.cinit     0    00001520    00000048     
                  00001520    00000011     (.cinit..data.load) [load image, compression = lzss]
                  00001531    00000003     --HOLE-- [fill = 0]
                  00001534    0000000c     (__TI_handler_table)
                  00001540    00000008     (.cinit..bss.load) [load image, compression = zero_init]
                  00001548    00000008     (.cinit..vtable.load) [load image, compression = zero_init]
                  00001550    00000018     (__TI_cinit_table)

.init_array 
*          0    00000000    00000000     UNINITIALIZED

.vtable    0    20000000    0000026c     UNINITIALIZED
                  20000000    0000026c     driverlib.lib : interrupt.obj (.vtable)

.data      0    20000a6c    00000018     UNINITIALIZED
                  20000a6c    0000000c     rtsv7M4_T_le_v4SPD16_eabi.lib : exit.obj (.data:$O1$$)
                  20000a78    00000008                                   : _lock.obj (.data:$O1$$)
                  20000a80    00000004                                   : stkdepth_vars.obj (.data)

.bss       0    20000a84    0000000c     UNINITIALIZED
                  20000a84    00000004     (.common:g_i32Value)
                  20000a88    00000004     (.common:g_ui32PWMValue)
                  20000a8c    00000004     (.common:g_ui32SPIData)

.stack     0    2000026c    00000800     UNINITIALIZED
                  2000026c    00000800     --HOLE--

MODULE SUMMARY

       Module                         code   ro data   rw data
       ------                         ----   -------   -------
    .\
       main.obj                       788    0         12     
       tm4c123gh6pm_startup_ccs.obj   12     620       0      
    +--+------------------------------+------+---------+---------+
       Total:                         800    620       12     
                                                              
    C:/ti/TivaWare_C_Series-2.1.3.156/driverlib/ccs/Debug/driverlib.lib
       interrupt.obj                  188    20        620    
       sysctl.obj                     650    108       0      
       gpio.obj                       522    144       0      
       adc.obj                        436    0         0      
       timer.obj                      264    160       0      
       pwm.obj                        176    0         0      
       ssi.obj                        106    0         0      
       cpu.obj                        24     0         0      
    +--+------------------------------+------+---------+---------+
       Total:                         2366   432       620    
                                                              
    C:\ti\ccsv7\tools\compiler\ti-cgt-arm_16.12.0.STS\lib\rtsv7M4_T_le_v4SPD16_eabi.lib
       fd_mul_t2.obj                  252    0         0      
       memcpy_t2.obj                  156    0         0      
       memset_t2.obj                  122    0         0      
       autoinit.obj                   112    0         0      
       copy_decompress_lzss.obj       104    0         0      
       exit.obj                       84     0         12     
       boot.obj                       84     0         0      
       cpy_tbl.obj                    76     0         0      
       fd_tou_t2.obj                  68     0         0      
       i_tofd_t2.obj                  46     0         0      
       _lock.obj                      20     0         8      
       args_main.obj                  24     0         0      
       copy_decompress_none.obj       14     0         0      
       copy_zero_init.obj             12     0         0      
       pre_init.obj                   4      0         0      
       stkdepth_vars.obj              0      0         4      
       mpu_init.obj                   2      0         0      
       startup.obj                    2      0         0      
    +--+------------------------------+------+---------+---------+
       Total:                         1182   0         24     
                                                              
       Stack:                         0      0         2048   
       Linker Generated:              0      69        0      
    +--+------------------------------+------+---------+---------+
       Grand Total:                   4348   1121      2704   


LINKER GENERATED COPY TABLES

__TI_cinit_table @ 00001550 records: 3, size/record: 8, table size: 24
	.data: load addr=00001520, load size=00000011 bytes, run addr=20000a6c, run size=00000018 bytes, compression=lzss
	.bss: load addr=00001540, load size=00000008 bytes, run addr=20000a84, run size=0000000c bytes, compression=zero_init
	.vtable: load addr=00001548, load size=00000008 bytes, run addr=20000000, run size=0000026c bytes, compression=zero_init


LINKER GENERATED HANDLER TABLE

__TI_handler_table @ 00001534 records: 3, size/record: 4, table size: 12
	index: 0, handler: __TI_zero_init
	index: 1, handler: __TI_decompress_lzss
	index: 2, handler: __TI_decompress_none


GLOBAL SYMBOLS: SORTED ALPHABETICALLY BY Name 

address   name                           
-------   ----                           
00001283  ADCHardwareOversampleConfigure 
0000131d  ADCIntClear                    
00001243  ADCIntEnable                   
00001129  ADCIntRegister                 
00001141  ADCProcessorTrigger            
00000ce5  ADCSequenceConfigure           
000010ed  ADCSequenceDataGet             
00001291  ADCSequenceDisable             
0000129f  ADCSequenceEnable              
00000a51  ADCSequenceStepConfigure       
00000d91  C$$EXIT                        
000012c9  CPUcpsid                       
000012d5  CPUcpsie                       
0000109f  GPIODirModeSet                 
00000581  GPIOPadConfigSet               
00000e35  GPIOPinConfigure               
000011a1  GPIOPinTypeADC                 
00001159  GPIOPinTypeGPIOOutput          
000011b7  GPIOPinTypePWM                 
000011cd  GPIOPinTypeSSI                 
0000134b  GPIOPinWrite                   
00000bb5  IntEnable                      
00001253  IntMasterDisable               
00001263  IntMasterEnable                
00001009  IntRegister                    
000012e1  PWMDeadBandDisable             
000010cb  PWMGenConfigure                
000012ed  PWMGenEnable                   
00001273  PWMGenPeriodSet                
0000120d  PWMOutputState                 
00000fd1  PWMOutputUpdateMode            
0000110b  PWMPulseWidthSet               
00001311  ResetISR                       
UNDEFED   SHT$$INIT_ARRAY$$Base          
UNDEFED   SHT$$INIT_ARRAY$$Limit         
0000133b  SSIBusy                        
00001351  SSIClockSourceSet              
00000f5d  SSIConfigSetExpClk             
000012f9  SSIDataGet                     
00001327  SSIDataPut                     
00001331  SSIEnable                      
000006b5  SysCtlClockGet                 
000008c1  SysCtlClockSet                 
00001357  SysCtlDelay                    
000011e5  SysCtlPWMClockSet              
0000103d  SysCtlPeripheralEnable         
00000f99  SysCtlPeripheralReady          
0000135d  TimerClockSourceSet            
00000c85  TimerConfigure                 
000012ad  TimerEnable                    
00001363  TimerIntClear                  
00001343  TimerIntEnable                 
00001171  TimerIntRegister               
0000121f  TimerLoadSet                   
00001231  TimerPrescaleSet               
20000a6c  __STACK_END                    
00000800  __STACK_SIZE                   
2000046c  __STACK_TOP                    
00001550  __TI_CINIT_Base                
00001568  __TI_CINIT_Limit               
00001534  __TI_Handler_Table_Base        
00001540  __TI_Handler_Table_Limit       
00000b45  __TI_auto_init                 
20000a6c  __TI_cleanup_ptr               
00000c1d  __TI_decompress_lzss           
000012bb  __TI_decompress_none           
20000a70  __TI_dtors_ptr                 
20000a74  __TI_enable_exit_profile_output
ffffffff  __TI_pprof_out_hndl            
ffffffff  __TI_prof_data_size            
ffffffff  __TI_prof_data_start           
00000000  __TI_static_base__             
00001305  __TI_zero_init                 
00000f19  __aeabi_d2uiz                  
000007c5  __aeabi_dmul                   
00001071  __aeabi_i2d                    
00000acb  __aeabi_memclr                 
00000acb  __aeabi_memclr4                
00000acb  __aeabi_memclr8                
000009b5  __aeabi_memcpy                 
000009b5  __aeabi_memcpy4                
000009b5  __aeabi_memcpy8                
00000acd  __aeabi_memset                 
00000acd  __aeabi_memset4                
00000acd  __aeabi_memset8                
ffffffff  __binit__                      
ffffffff  __c_args__                     
000006b3  __mpu_init                     
2000026c  __stack                        
00001189  _args_main                     
00000d3d  _c_int00                       
20000a78  _lock                          
00001207  _nop                           
000011ff  _register_lock                 
000011f9  _register_unlock               
00001007  _system_post_cinit             
00001367  _system_pre_init               
20000a7c  _unlock                        
00000d95  abort                          
ffffffff  binit                          
00000ecd  copy_in                        
00000d9d  exit                           
20000a84  g_i32Value                     
20000000  g_pfnRAMVectors                
00000000  g_pfnVectors                   
20000a88  g_ui32PWMValue                 
20000a8c  g_ui32SPIData                  
000002d1  getADC                         
000004f1  main                           
20000a80  main_func_sp                   
000009b5  memcpy                         
00000ad3  memset                         
00000387  setADC                         
0000044d  setPWM                         
0000026d  setPins                        
000004a5  setSSI                         
00000403  setTimer                       
000003dd  startADC                       
000003f3  timerISR                       


GLOBAL SYMBOLS: SORTED BY Symbol Address 

address   name                           
-------   ----                           
00000000  __TI_static_base__             
00000000  g_pfnVectors                   
0000026d  setPins                        
000002d1  getADC                         
00000387  setADC                         
000003dd  startADC                       
000003f3  timerISR                       
00000403  setTimer                       
0000044d  setPWM                         
000004a5  setSSI                         
000004f1  main                           
00000581  GPIOPadConfigSet               
000006b3  __mpu_init                     
000006b5  SysCtlClockGet                 
000007c5  __aeabi_dmul                   
00000800  __STACK_SIZE                   
000008c1  SysCtlClockSet                 
000009b5  __aeabi_memcpy                 
000009b5  __aeabi_memcpy4                
000009b5  __aeabi_memcpy8                
000009b5  memcpy                         
00000a51  ADCSequenceStepConfigure       
00000acb  __aeabi_memclr                 
00000acb  __aeabi_memclr4                
00000acb  __aeabi_memclr8                
00000acd  __aeabi_memset                 
00000acd  __aeabi_memset4                
00000acd  __aeabi_memset8                
00000ad3  memset                         
00000b45  __TI_auto_init                 
00000bb5  IntEnable                      
00000c1d  __TI_decompress_lzss           
00000c85  TimerConfigure                 
00000ce5  ADCSequenceConfigure           
00000d3d  _c_int00                       
00000d91  C$$EXIT                        
00000d95  abort                          
00000d9d  exit                           
00000e35  GPIOPinConfigure               
00000ecd  copy_in                        
00000f19  __aeabi_d2uiz                  
00000f5d  SSIConfigSetExpClk             
00000f99  SysCtlPeripheralReady          
00000fd1  PWMOutputUpdateMode            
00001007  _system_post_cinit             
00001009  IntRegister                    
0000103d  SysCtlPeripheralEnable         
00001071  __aeabi_i2d                    
0000109f  GPIODirModeSet                 
000010cb  PWMGenConfigure                
000010ed  ADCSequenceDataGet             
0000110b  PWMPulseWidthSet               
00001129  ADCIntRegister                 
00001141  ADCProcessorTrigger            
00001159  GPIOPinTypeGPIOOutput          
00001171  TimerIntRegister               
00001189  _args_main                     
000011a1  GPIOPinTypeADC                 
000011b7  GPIOPinTypePWM                 
000011cd  GPIOPinTypeSSI                 
000011e5  SysCtlPWMClockSet              
000011f9  _register_unlock               
000011ff  _register_lock                 
00001207  _nop                           
0000120d  PWMOutputState                 
0000121f  TimerLoadSet                   
00001231  TimerPrescaleSet               
00001243  ADCIntEnable                   
00001253  IntMasterDisable               
00001263  IntMasterEnable                
00001273  PWMGenPeriodSet                
00001283  ADCHardwareOversampleConfigure 
00001291  ADCSequenceDisable             
0000129f  ADCSequenceEnable              
000012ad  TimerEnable                    
000012bb  __TI_decompress_none           
000012c9  CPUcpsid                       
000012d5  CPUcpsie                       
000012e1  PWMDeadBandDisable             
000012ed  PWMGenEnable                   
000012f9  SSIDataGet                     
00001305  __TI_zero_init                 
00001311  ResetISR                       
0000131d  ADCIntClear                    
00001327  SSIDataPut                     
00001331  SSIEnable                      
0000133b  SSIBusy                        
00001343  TimerIntEnable                 
0000134b  GPIOPinWrite                   
00001351  SSIClockSourceSet              
00001357  SysCtlDelay                    
0000135d  TimerClockSourceSet            
00001363  TimerIntClear                  
00001367  _system_pre_init               
00001534  __TI_Handler_Table_Base        
00001540  __TI_Handler_Table_Limit       
00001550  __TI_CINIT_Base                
00001568  __TI_CINIT_Limit               
20000000  g_pfnRAMVectors                
2000026c  __stack                        
2000046c  __STACK_TOP                    
20000a6c  __STACK_END                    
20000a6c  __TI_cleanup_ptr               
20000a70  __TI_dtors_ptr                 
20000a74  __TI_enable_exit_profile_output
20000a78  _lock                          
20000a7c  _unlock                        
20000a80  main_func_sp                   
20000a84  g_i32Value                     
20000a88  g_ui32PWMValue                 
20000a8c  g_ui32SPIData                  
ffffffff  __TI_pprof_out_hndl            
ffffffff  __TI_prof_data_size            
ffffffff  __TI_prof_data_start           
ffffffff  __binit__                      
ffffffff  __c_args__                     
ffffffff  binit                          
UNDEFED   SHT$$INIT_ARRAY$$Base          
UNDEFED   SHT$$INIT_ARRAY$$Limit         

[119 symbols]
