<?xml version="1.0"?>
<link_info>
   <banner>TI ARM Linker PC v16.12.0.STS</banner>
   <copyright>Copyright (c) 1996-2015 Texas Instruments Incorporated</copyright>
   <link_time>0x5a839563</link_time>
   <link_errors>0x0</link_errors>
   <output_file>TivaWare_Test.out</output_file>
   <entry_point>
      <name>_c_int00</name>
      <address>0x10e1</address>
   </entry_point>
   <input_file_list>
      <input_file id="fl-2">
         <path>.\</path>
         <kind>object</kind>
         <file>main.obj</file>
         <name>main.obj</name>
      </input_file>
      <input_file id="fl-3">
         <path>.\</path>
         <kind>object</kind>
         <file>tm4c123gh6pm_startup_ccs.obj</file>
         <name>tm4c123gh6pm_startup_ccs.obj</name>
      </input_file>
      <input_file id="fl-be">
         <path>C:\ti\ccsv7\tools\compiler\ti-cgt-arm_16.12.0.STS\lib\</path>
         <kind>archive</kind>
         <file>rtsv7M4_T_le_v4SPD16_eabi.lib</file>
         <name>boot.obj</name>
      </input_file>
      <input_file id="fl-bf">
         <path>C:\ti\ccsv7\tools\compiler\ti-cgt-arm_16.12.0.STS\lib\</path>
         <kind>archive</kind>
         <file>rtsv7M4_T_le_v4SPD16_eabi.lib</file>
         <name>copy_decompress_lzss.obj</name>
      </input_file>
      <input_file id="fl-c0">
         <path>C:\ti\ccsv7\tools\compiler\ti-cgt-arm_16.12.0.STS\lib\</path>
         <kind>archive</kind>
         <file>rtsv7M4_T_le_v4SPD16_eabi.lib</file>
         <name>copy_decompress_none.obj</name>
      </input_file>
      <input_file id="fl-c1">
         <path>C:\ti\ccsv7\tools\compiler\ti-cgt-arm_16.12.0.STS\lib\</path>
         <kind>archive</kind>
         <file>rtsv7M4_T_le_v4SPD16_eabi.lib</file>
         <name>copy_zero_init.obj</name>
      </input_file>
      <input_file id="fl-c2">
         <path>C:\ti\ccsv7\tools\compiler\ti-cgt-arm_16.12.0.STS\lib\</path>
         <kind>archive</kind>
         <file>rtsv7M4_T_le_v4SPD16_eabi.lib</file>
         <name>exit.obj</name>
      </input_file>
      <input_file id="fl-c3">
         <path>C:\ti\ccsv7\tools\compiler\ti-cgt-arm_16.12.0.STS\lib\</path>
         <kind>archive</kind>
         <file>rtsv7M4_T_le_v4SPD16_eabi.lib</file>
         <name>fd_mul_t2.obj</name>
      </input_file>
      <input_file id="fl-c4">
         <path>C:\ti\ccsv7\tools\compiler\ti-cgt-arm_16.12.0.STS\lib\</path>
         <kind>archive</kind>
         <file>rtsv7M4_T_le_v4SPD16_eabi.lib</file>
         <name>fd_tou_t2.obj</name>
      </input_file>
      <input_file id="fl-c5">
         <path>C:\ti\ccsv7\tools\compiler\ti-cgt-arm_16.12.0.STS\lib\</path>
         <kind>archive</kind>
         <file>rtsv7M4_T_le_v4SPD16_eabi.lib</file>
         <name>i_tofd_t2.obj</name>
      </input_file>
      <input_file id="fl-c6">
         <path>C:\ti\ccsv7\tools\compiler\ti-cgt-arm_16.12.0.STS\lib\</path>
         <kind>archive</kind>
         <file>rtsv7M4_T_le_v4SPD16_eabi.lib</file>
         <name>memcpy_t2.obj</name>
      </input_file>
      <input_file id="fl-c7">
         <path>C:\ti\ccsv7\tools\compiler\ti-cgt-arm_16.12.0.STS\lib\</path>
         <kind>archive</kind>
         <file>rtsv7M4_T_le_v4SPD16_eabi.lib</file>
         <name>memset_t2.obj</name>
      </input_file>
      <input_file id="fl-c8">
         <path>C:\ti\ccsv7\tools\compiler\ti-cgt-arm_16.12.0.STS\lib\</path>
         <kind>archive</kind>
         <file>rtsv7M4_T_le_v4SPD16_eabi.lib</file>
         <name>mpu_init.obj</name>
      </input_file>
      <input_file id="fl-c9">
         <path>C:\ti\ccsv7\tools\compiler\ti-cgt-arm_16.12.0.STS\lib\</path>
         <kind>archive</kind>
         <file>rtsv7M4_T_le_v4SPD16_eabi.lib</file>
         <name>pre_init.obj</name>
      </input_file>
      <input_file id="fl-ca">
         <path>C:\ti\ccsv7\tools\compiler\ti-cgt-arm_16.12.0.STS\lib\</path>
         <kind>archive</kind>
         <file>rtsv7M4_T_le_v4SPD16_eabi.lib</file>
         <name>stkdepth_vars.obj</name>
      </input_file>
      <input_file id="fl-cb">
         <path>C:\ti\ccsv7\tools\compiler\ti-cgt-arm_16.12.0.STS\lib\</path>
         <kind>archive</kind>
         <file>rtsv7M4_T_le_v4SPD16_eabi.lib</file>
         <name>u_tofd_t2.obj</name>
      </input_file>
      <input_file id="fl-cc">
         <path>C:\ti\ccsv7\tools\compiler\ti-cgt-arm_16.12.0.STS\lib\</path>
         <kind>archive</kind>
         <file>rtsv7M4_T_le_v4SPD16_eabi.lib</file>
         <name>_lock.obj</name>
      </input_file>
      <input_file id="fl-cd">
         <path>C:\ti\ccsv7\tools\compiler\ti-cgt-arm_16.12.0.STS\lib\</path>
         <kind>archive</kind>
         <file>rtsv7M4_T_le_v4SPD16_eabi.lib</file>
         <name>args_main.obj</name>
      </input_file>
      <input_file id="fl-ce">
         <path>C:\ti\ccsv7\tools\compiler\ti-cgt-arm_16.12.0.STS\lib\</path>
         <kind>archive</kind>
         <file>rtsv7M4_T_le_v4SPD16_eabi.lib</file>
         <name>autoinit.obj</name>
      </input_file>
      <input_file id="fl-cf">
         <path>C:\ti\ccsv7\tools\compiler\ti-cgt-arm_16.12.0.STS\lib\</path>
         <kind>archive</kind>
         <file>rtsv7M4_T_le_v4SPD16_eabi.lib</file>
         <name>cpy_tbl.obj</name>
      </input_file>
      <input_file id="fl-d0">
         <path>C:\ti\ccsv7\tools\compiler\ti-cgt-arm_16.12.0.STS\lib\</path>
         <kind>archive</kind>
         <file>rtsv7M4_T_le_v4SPD16_eabi.lib</file>
         <name>startup.obj</name>
      </input_file>
      <input_file id="fl-d1">
         <path>C:\ti\TivaWare_C_Series-2.1.3.156\driverlib\ccs\Debug\</path>
         <kind>archive</kind>
         <file>driverlib.lib</file>
         <name>adc.obj</name>
      </input_file>
      <input_file id="fl-d2">
         <path>C:\ti\TivaWare_C_Series-2.1.3.156\driverlib\ccs\Debug\</path>
         <kind>archive</kind>
         <file>driverlib.lib</file>
         <name>can.obj</name>
      </input_file>
      <input_file id="fl-d3">
         <path>C:\ti\TivaWare_C_Series-2.1.3.156\driverlib\ccs\Debug\</path>
         <kind>archive</kind>
         <file>driverlib.lib</file>
         <name>gpio.obj</name>
      </input_file>
      <input_file id="fl-d4">
         <path>C:\ti\TivaWare_C_Series-2.1.3.156\driverlib\ccs\Debug\</path>
         <kind>archive</kind>
         <file>driverlib.lib</file>
         <name>interrupt.obj</name>
      </input_file>
      <input_file id="fl-d5">
         <path>C:\ti\TivaWare_C_Series-2.1.3.156\driverlib\ccs\Debug\</path>
         <kind>archive</kind>
         <file>driverlib.lib</file>
         <name>pwm.obj</name>
      </input_file>
      <input_file id="fl-d6">
         <path>C:\ti\TivaWare_C_Series-2.1.3.156\driverlib\ccs\Debug\</path>
         <kind>archive</kind>
         <file>driverlib.lib</file>
         <name>ssi.obj</name>
      </input_file>
      <input_file id="fl-d7">
         <path>C:\ti\TivaWare_C_Series-2.1.3.156\driverlib\ccs\Debug\</path>
         <kind>archive</kind>
         <file>driverlib.lib</file>
         <name>sysctl.obj</name>
      </input_file>
      <input_file id="fl-d8">
         <path>C:\ti\TivaWare_C_Series-2.1.3.156\driverlib\ccs\Debug\</path>
         <kind>archive</kind>
         <file>driverlib.lib</file>
         <name>timer.obj</name>
      </input_file>
      <input_file id="fl-d9">
         <path>C:\ti\TivaWare_C_Series-2.1.3.156\driverlib\ccs\Debug\</path>
         <kind>archive</kind>
         <file>driverlib.lib</file>
         <name>cpu.obj</name>
      </input_file>
   </input_file_list>
   <object_component_list>
      <object_component id="oc-f">
         <name>.intvecs</name>
         <load_address>0x0</load_address>
         <run_address>0x0</run_address>
         <size>0x26c</size>
         <input_file_ref idref="fl-3"/>
      </object_component>
      <object_component id="oc-31">
         <name>.text</name>
         <load_address>0x26c</load_address>
         <run_address>0x26c</run_address>
         <size>0x4c0</size>
         <input_file_ref idref="fl-2"/>
      </object_component>
      <object_component id="oc-23c">
         <name>.text:GPIOPadConfigSet</name>
         <load_address>0x72c</load_address>
         <run_address>0x72c</run_address>
         <size>0x132</size>
         <input_file_ref idref="fl-d3"/>
      </object_component>
      <object_component id="oc-124">
         <name>.text:CANMessageSet</name>
         <load_address>0x85e</load_address>
         <run_address>0x85e</run_address>
         <size>0x130</size>
         <input_file_ref idref="fl-d2"/>
      </object_component>
      <object_component id="oc-5d">
         <name>.text</name>
         <load_address>0x98e</load_address>
         <run_address>0x98e</run_address>
         <size>0x2</size>
         <input_file_ref idref="fl-c8"/>
      </object_component>
      <object_component id="oc-19c">
         <name>.text:SysCtlClockGet</name>
         <load_address>0x990</load_address>
         <run_address>0x990</run_address>
         <size>0x110</size>
         <input_file_ref idref="fl-d7"/>
      </object_component>
      <object_component id="oc-c7">
         <name>.text</name>
         <load_address>0xaa0</load_address>
         <run_address>0xaa0</run_address>
         <size>0xfc</size>
         <input_file_ref idref="fl-c3"/>
      </object_component>
      <object_component id="oc-1dc">
         <name>.text:SysCtlClockSet</name>
         <load_address>0xb9c</load_address>
         <run_address>0xb9c</run_address>
         <size>0xf4</size>
         <input_file_ref idref="fl-d7"/>
      </object_component>
      <object_component id="oc-45">
         <name>.text</name>
         <load_address>0xc90</load_address>
         <run_address>0xc90</run_address>
         <size>0x9c</size>
         <input_file_ref idref="fl-c6"/>
      </object_component>
      <object_component id="oc-100">
         <name>.text:ADCSequenceStepConfigure</name>
         <load_address>0xd2c</load_address>
         <run_address>0xd2c</run_address>
         <size>0x7a</size>
         <input_file_ref idref="fl-d1"/>
      </object_component>
      <object_component id="oc-51">
         <name>.text</name>
         <load_address>0xda6</load_address>
         <run_address>0xda6</run_address>
         <size>0x7a</size>
         <input_file_ref idref="fl-c7"/>
      </object_component>
      <object_component id="oc-69">
         <name>.text</name>
         <load_address>0xe20</load_address>
         <run_address>0xe20</run_address>
         <size>0x70</size>
         <input_file_ref idref="fl-ce"/>
      </object_component>
      <object_component id="oc-1b7">
         <name>.text:CANBitRateSet</name>
         <load_address>0xe90</load_address>
         <run_address>0xe90</run_address>
         <size>0x6c</size>
         <input_file_ref idref="fl-d2"/>
      </object_component>
      <object_component id="oc-1c9">
         <name>.text:IntEnable</name>
         <load_address>0xefc</load_address>
         <run_address>0xefc</run_address>
         <size>0x68</size>
         <input_file_ref idref="fl-d4"/>
      </object_component>
      <object_component id="oc-12">
         <name>.text:decompress:lzss</name>
         <load_address>0xf64</load_address>
         <run_address>0xf64</run_address>
         <size>0x68</size>
         <input_file_ref idref="fl-bf"/>
      </object_component>
      <object_component id="oc-148">
         <name>.text:TimerConfigure</name>
         <load_address>0xfcc</load_address>
         <run_address>0xfcc</run_address>
         <size>0x60</size>
         <input_file_ref idref="fl-d8"/>
      </object_component>
      <object_component id="oc-2a5">
         <name>.text:_CANIntNumberGet</name>
         <load_address>0x102c</load_address>
         <run_address>0x102c</run_address>
         <size>0x5c</size>
         <input_file_ref idref="fl-d2"/>
      </object_component>
      <object_component id="oc-fa">
         <name>.text:ADCSequenceConfigure</name>
         <load_address>0x1088</load_address>
         <run_address>0x1088</run_address>
         <size>0x58</size>
         <input_file_ref idref="fl-d1"/>
      </object_component>
      <object_component id="oc-24">
         <name>.text</name>
         <load_address>0x10e0</load_address>
         <run_address>0x10e0</run_address>
         <size>0x54</size>
         <input_file_ref idref="fl-be"/>
      </object_component>
      <object_component id="oc-75">
         <name>.text</name>
         <load_address>0x1134</load_address>
         <run_address>0x1134</run_address>
         <size>0x54</size>
         <input_file_ref idref="fl-c2"/>
      </object_component>
      <object_component id="oc-262">
         <name>.text:_ADCIntNumberGet</name>
         <load_address>0x1188</load_address>
         <run_address>0x1188</run_address>
         <size>0x50</size>
         <input_file_ref idref="fl-d1"/>
      </object_component>
      <object_component id="oc-98">
         <name>.text:GPIOPinConfigure</name>
         <load_address>0x11d8</load_address>
         <run_address>0x11d8</run_address>
         <size>0x4c</size>
         <input_file_ref idref="fl-d3"/>
      </object_component>
      <object_component id="oc-287">
         <name>.text:_TimerIntNumberGet</name>
         <load_address>0x1224</load_address>
         <run_address>0x1224</run_address>
         <size>0x4c</size>
         <input_file_ref idref="fl-d8"/>
      </object_component>
      <object_component id="oc-219">
         <name>.text</name>
         <load_address>0x1270</load_address>
         <run_address>0x1270</run_address>
         <size>0x4c</size>
         <input_file_ref idref="fl-cf"/>
      </object_component>
      <object_component id="oc-cc">
         <name>.text</name>
         <load_address>0x12bc</load_address>
         <run_address>0x12bc</run_address>
         <size>0x44</size>
         <input_file_ref idref="fl-c4"/>
      </object_component>
      <object_component id="oc-136">
         <name>.text:CANStatusGet</name>
         <load_address>0x1300</load_address>
         <run_address>0x1300</run_address>
         <size>0x40</size>
         <input_file_ref idref="fl-d2"/>
      </object_component>
      <object_component id="oc-1a2">
         <name>.text:SSIConfigSetExpClk</name>
         <load_address>0x1340</load_address>
         <run_address>0x1340</run_address>
         <size>0x3c</size>
         <input_file_ref idref="fl-d6"/>
      </object_component>
      <object_component id="oc-1b1">
         <name>.text:CANInit</name>
         <load_address>0x137c</load_address>
         <run_address>0x137c</run_address>
         <size>0x3a</size>
         <input_file_ref idref="fl-d2"/>
      </object_component>
      <object_component id="oc-21f">
         <name>.text</name>
         <load_address>0x13b6</load_address>
         <run_address>0x13b6</run_address>
         <size>0x2</size>
         <input_file_ref idref="fl-d0"/>
      </object_component>
      <object_component id="oc-ee">
         <name>.text:SysCtlPeripheralReady</name>
         <load_address>0x13b8</load_address>
         <run_address>0x13b8</run_address>
         <size>0x38</size>
         <input_file_ref idref="fl-d7"/>
      </object_component>
      <object_component id="oc-18a">
         <name>.text:PWMOutputUpdateMode</name>
         <load_address>0x13f0</load_address>
         <run_address>0x13f0</run_address>
         <size>0x36</size>
         <input_file_ref idref="fl-d5"/>
      </object_component>
      <object_component id="oc-268">
         <name>.text:IntRegister</name>
         <load_address>0x1428</load_address>
         <run_address>0x1428</run_address>
         <size>0x34</size>
         <input_file_ref idref="fl-d4"/>
      </object_component>
      <object_component id="oc-80">
         <name>.text:SysCtlPeripheralEnable</name>
         <load_address>0x145c</load_address>
         <run_address>0x145c</run_address>
         <size>0x34</size>
         <input_file_ref idref="fl-d7"/>
      </object_component>
      <object_component id="oc-c2">
         <name>.text</name>
         <load_address>0x1490</load_address>
         <run_address>0x1490</run_address>
         <size>0x2e</size>
         <input_file_ref idref="fl-c5"/>
      </object_component>
      <object_component id="oc-236">
         <name>.text:GPIODirModeSet</name>
         <load_address>0x14be</load_address>
         <run_address>0x14be</run_address>
         <size>0x2c</size>
         <input_file_ref idref="fl-d3"/>
      </object_component>
      <object_component id="oc-13c">
         <name>.text:CANIntClear</name>
         <load_address>0x14ea</load_address>
         <run_address>0x14ea</run_address>
         <size>0x26</size>
         <input_file_ref idref="fl-d2"/>
      </object_component>
      <object_component id="oc-270">
         <name>.text:_CANDataRegWrite</name>
         <load_address>0x1510</load_address>
         <run_address>0x1510</run_address>
         <size>0x24</size>
         <input_file_ref idref="fl-d2"/>
      </object_component>
      <object_component id="oc-178">
         <name>.text:PWMGenConfigure</name>
         <load_address>0x1534</load_address>
         <run_address>0x1534</run_address>
         <size>0x22</size>
         <input_file_ref idref="fl-d5"/>
      </object_component>
      <object_component id="oc-130">
         <name>.text:CANIntStatus</name>
         <load_address>0x1556</load_address>
         <run_address>0x1556</run_address>
         <size>0x20</size>
         <input_file_ref idref="fl-d2"/>
      </object_component>
      <object_component id="oc-d7">
         <name>.text</name>
         <load_address>0x1576</load_address>
         <run_address>0x1576</run_address>
         <size>0x20</size>
         <input_file_ref idref="fl-cb"/>
      </object_component>
      <object_component id="oc-bc">
         <name>.text:ADCSequenceDataGet</name>
         <load_address>0x1596</load_address>
         <run_address>0x1596</run_address>
         <size>0x1e</size>
         <input_file_ref idref="fl-d1"/>
      </object_component>
      <object_component id="oc-d1">
         <name>.text:PWMPulseWidthSet</name>
         <load_address>0x15b4</load_address>
         <run_address>0x15b4</run_address>
         <size>0x1e</size>
         <input_file_ref idref="fl-d5"/>
      </object_component>
      <object_component id="oc-118">
         <name>.text:ADCIntRegister</name>
         <load_address>0x15d2</load_address>
         <run_address>0x15d2</run_address>
         <size>0x18</size>
         <input_file_ref idref="fl-d1"/>
      </object_component>
      <object_component id="oc-11e">
         <name>.text:ADCProcessorTrigger</name>
         <load_address>0x15ea</load_address>
         <run_address>0x15ea</run_address>
         <size>0x18</size>
         <input_file_ref idref="fl-d1"/>
      </object_component>
      <object_component id="oc-1c3">
         <name>.text:CANIntRegister</name>
         <load_address>0x1602</load_address>
         <run_address>0x1602</run_address>
         <size>0x18</size>
         <input_file_ref idref="fl-d2"/>
      </object_component>
      <object_component id="oc-8c">
         <name>.text:GPIOPinTypeGPIOOutput</name>
         <load_address>0x161a</load_address>
         <run_address>0x161a</run_address>
         <size>0x18</size>
         <input_file_ref idref="fl-d3"/>
      </object_component>
      <object_component id="oc-160">
         <name>.text:TimerIntRegister</name>
         <load_address>0x1632</load_address>
         <run_address>0x1632</run_address>
         <size>0x18</size>
         <input_file_ref idref="fl-d8"/>
      </object_component>
      <object_component id="oc-6f">
         <name>.text</name>
         <load_address>0x164c</load_address>
         <run_address>0x164c</run_address>
         <size>0x18</size>
         <input_file_ref idref="fl-cd"/>
      </object_component>
      <object_component id="oc-86">
         <name>.text:GPIOPinTypeADC</name>
         <load_address>0x1664</load_address>
         <run_address>0x1664</run_address>
         <size>0x16</size>
         <input_file_ref idref="fl-d3"/>
      </object_component>
      <object_component id="oc-aa">
         <name>.text:GPIOPinTypeCAN</name>
         <load_address>0x167a</load_address>
         <run_address>0x167a</run_address>
         <size>0x16</size>
         <input_file_ref idref="fl-d3"/>
      </object_component>
      <object_component id="oc-92">
         <name>.text:GPIOPinTypeGPIOInput</name>
         <load_address>0x1690</load_address>
         <run_address>0x1690</run_address>
         <size>0x16</size>
         <input_file_ref idref="fl-d3"/>
      </object_component>
      <object_component id="oc-9e">
         <name>.text:GPIOPinTypePWM</name>
         <load_address>0x16a6</load_address>
         <run_address>0x16a6</run_address>
         <size>0x16</size>
         <input_file_ref idref="fl-d3"/>
      </object_component>
      <object_component id="oc-a4">
         <name>.text:GPIOPinTypeSSI</name>
         <load_address>0x16bc</load_address>
         <run_address>0x16bc</run_address>
         <size>0x16</size>
         <input_file_ref idref="fl-d3"/>
      </object_component>
      <object_component id="oc-16c">
         <name>.text:SysCtlPWMClockSet</name>
         <load_address>0x16d4</load_address>
         <run_address>0x16d4</run_address>
         <size>0x14</size>
         <input_file_ref idref="fl-d7"/>
      </object_component>
      <object_component id="oc-2dd">
         <name>.text</name>
         <load_address>0x16e8</load_address>
         <run_address>0x16e8</run_address>
         <size>0x14</size>
         <input_file_ref idref="fl-cc"/>
      </object_component>
      <object_component id="oc-184">
         <name>.text:PWMOutputState</name>
         <load_address>0x16fc</load_address>
         <run_address>0x16fc</run_address>
         <size>0x12</size>
         <input_file_ref idref="fl-d5"/>
      </object_component>
      <object_component id="oc-154">
         <name>.text:TimerLoadSet</name>
         <load_address>0x170e</load_address>
         <run_address>0x170e</run_address>
         <size>0x12</size>
         <input_file_ref idref="fl-d8"/>
      </object_component>
      <object_component id="oc-14e">
         <name>.text:TimerPrescaleSet</name>
         <load_address>0x1720</load_address>
         <run_address>0x1720</run_address>
         <size>0x12</size>
         <input_file_ref idref="fl-d8"/>
      </object_component>
      <object_component id="oc-112">
         <name>.text:ADCIntEnable</name>
         <load_address>0x1732</load_address>
         <run_address>0x1732</run_address>
         <size>0x10</size>
         <input_file_ref idref="fl-d1"/>
      </object_component>
      <object_component id="oc-1d6">
         <name>.text:IntMasterDisable</name>
         <load_address>0x1742</load_address>
         <run_address>0x1742</run_address>
         <size>0x10</size>
         <input_file_ref idref="fl-d4"/>
      </object_component>
      <object_component id="oc-1e8">
         <name>.text:IntMasterEnable</name>
         <load_address>0x1752</load_address>
         <run_address>0x1752</run_address>
         <size>0x10</size>
         <input_file_ref idref="fl-d4"/>
      </object_component>
      <object_component id="oc-17e">
         <name>.text:PWMGenPeriodSet</name>
         <load_address>0x1762</load_address>
         <run_address>0x1762</run_address>
         <size>0x10</size>
         <input_file_ref idref="fl-d5"/>
      </object_component>
      <object_component id="oc-106">
         <name>.text:ADCHardwareOversampleConfigure</name>
         <load_address>0x1772</load_address>
         <run_address>0x1772</run_address>
         <size>0xe</size>
         <input_file_ref idref="fl-d1"/>
      </object_component>
      <object_component id="oc-f4">
         <name>.text:ADCSequenceDisable</name>
         <load_address>0x1780</load_address>
         <run_address>0x1780</run_address>
         <size>0xe</size>
         <input_file_ref idref="fl-d1"/>
      </object_component>
      <object_component id="oc-10c">
         <name>.text:ADCSequenceEnable</name>
         <load_address>0x178e</load_address>
         <run_address>0x178e</run_address>
         <size>0xe</size>
         <input_file_ref idref="fl-d1"/>
      </object_component>
      <object_component id="oc-166">
         <name>.text:TimerEnable</name>
         <load_address>0x179c</load_address>
         <run_address>0x179c</run_address>
         <size>0xe</size>
         <input_file_ref idref="fl-d8"/>
      </object_component>
      <object_component id="oc-18">
         <name>.text:decompress:none</name>
         <load_address>0x17aa</load_address>
         <run_address>0x17aa</run_address>
         <size>0xe</size>
         <input_file_ref idref="fl-c0"/>
      </object_component>
      <object_component id="oc-2b2">
         <name>.text:CPUcpsid</name>
         <load_address>0x17b8</load_address>
         <run_address>0x17b8</run_address>
         <size>0xc</size>
         <input_file_ref idref="fl-d9"/>
      </object_component>
      <object_component id="oc-2bc">
         <name>.text:CPUcpsie</name>
         <load_address>0x17c4</load_address>
         <run_address>0x17c4</run_address>
         <size>0xc</size>
         <input_file_ref idref="fl-d9"/>
      </object_component>
      <object_component id="oc-172">
         <name>.text:PWMDeadBandDisable</name>
         <load_address>0x17d0</load_address>
         <run_address>0x17d0</run_address>
         <size>0xc</size>
         <input_file_ref idref="fl-d5"/>
      </object_component>
      <object_component id="oc-190">
         <name>.text:PWMGenEnable</name>
         <load_address>0x17dc</load_address>
         <run_address>0x17dc</run_address>
         <size>0xc</size>
         <input_file_ref idref="fl-d5"/>
      </object_component>
      <object_component id="oc-e8">
         <name>.text:SSIDataGet</name>
         <load_address>0x17e8</load_address>
         <run_address>0x17e8</run_address>
         <size>0xc</size>
         <input_file_ref idref="fl-d6"/>
      </object_component>
      <object_component id="oc-1e">
         <name>.text:decompress:ZI</name>
         <load_address>0x17f4</load_address>
         <run_address>0x17f4</run_address>
         <size>0xc</size>
         <input_file_ref idref="fl-c1"/>
      </object_component>
      <object_component id="oc-2b">
         <name>.text</name>
         <load_address>0x1800</load_address>
         <run_address>0x1800</run_address>
         <size>0xc</size>
         <input_file_ref idref="fl-3"/>
      </object_component>
      <object_component id="oc-b0">
         <name>.text:ADCIntClear</name>
         <load_address>0x180c</load_address>
         <run_address>0x180c</run_address>
         <size>0xa</size>
         <input_file_ref idref="fl-d1"/>
      </object_component>
      <object_component id="oc-1cf">
         <name>.text:CANEnable</name>
         <load_address>0x1816</load_address>
         <run_address>0x1816</run_address>
         <size>0xa</size>
         <input_file_ref idref="fl-d2"/>
      </object_component>
      <object_component id="oc-dc">
         <name>.text:SSIDataPut</name>
         <load_address>0x1820</load_address>
         <run_address>0x1820</run_address>
         <size>0xa</size>
         <input_file_ref idref="fl-d6"/>
      </object_component>
      <object_component id="oc-1a8">
         <name>.text:SSIEnable</name>
         <load_address>0x182a</load_address>
         <run_address>0x182a</run_address>
         <size>0xa</size>
         <input_file_ref idref="fl-d6"/>
      </object_component>
      <object_component id="oc-1bd">
         <name>.text:CANIntEnable</name>
         <load_address>0x1834</load_address>
         <run_address>0x1834</run_address>
         <size>0x8</size>
         <input_file_ref idref="fl-d2"/>
      </object_component>
      <object_component id="oc-e2">
         <name>.text:SSIBusy</name>
         <load_address>0x183c</load_address>
         <run_address>0x183c</run_address>
         <size>0x8</size>
         <input_file_ref idref="fl-d6"/>
      </object_component>
      <object_component id="oc-15a">
         <name>.text:TimerIntEnable</name>
         <load_address>0x1844</load_address>
         <run_address>0x1844</run_address>
         <size>0x8</size>
         <input_file_ref idref="fl-d8"/>
      </object_component>
      <object_component id="oc-1e2">
         <name>.text:GPIOPinRead</name>
         <load_address>0x184c</load_address>
         <run_address>0x184c</run_address>
         <size>0x6</size>
         <input_file_ref idref="fl-d3"/>
      </object_component>
      <object_component id="oc-b6">
         <name>.text:GPIOPinWrite</name>
         <load_address>0x1852</load_address>
         <run_address>0x1852</run_address>
         <size>0x6</size>
         <input_file_ref idref="fl-d3"/>
      </object_component>
      <object_component id="oc-196">
         <name>.text:SSIClockSourceSet</name>
         <load_address>0x1858</load_address>
         <run_address>0x1858</run_address>
         <size>0x6</size>
         <input_file_ref idref="fl-d6"/>
      </object_component>
      <object_component id="oc-2b9">
         <name>.text:SysCtlDelay</name>
         <load_address>0x185e</load_address>
         <run_address>0x185e</run_address>
         <size>0x6</size>
         <input_file_ref idref="fl-d7"/>
      </object_component>
      <object_component id="oc-142">
         <name>.text:TimerClockSourceSet</name>
         <load_address>0x1864</load_address>
         <run_address>0x1864</run_address>
         <size>0x6</size>
         <input_file_ref idref="fl-d8"/>
      </object_component>
      <object_component id="oc-12a">
         <name>.text:TimerIntClear</name>
         <load_address>0x186a</load_address>
         <run_address>0x186a</run_address>
         <size>0x4</size>
         <input_file_ref idref="fl-d8"/>
      </object_component>
      <object_component id="oc-63">
         <name>.text</name>
         <load_address>0x186e</load_address>
         <run_address>0x186e</run_address>
         <size>0x4</size>
         <input_file_ref idref="fl-c9"/>
      </object_component>
      <object_component id="oc-246">
         <name>.const:g_pui32GPIOBaseAddrs</name>
         <load_address>0x1874</load_address>
         <run_address>0x1874</run_address>
         <size>0x90</size>
         <input_file_ref idref="fl-d3"/>
      </object_component>
      <object_component id="oc-297">
         <name>.const:g_pui32Xtals</name>
         <load_address>0x1904</load_address>
         <run_address>0x1904</run_address>
         <size>0x6c</size>
         <input_file_ref idref="fl-d7"/>
      </object_component>
      <object_component id="oc-305">
         <name>.const:g_ppui32TimerIntMap</name>
         <load_address>0x1970</load_address>
         <run_address>0x1970</run_address>
         <size>0x60</size>
         <input_file_ref idref="fl-d8"/>
      </object_component>
      <object_component id="oc-308">
         <name>.const:g_ppui32TimerIntMapSnowflake</name>
         <load_address>0x19d0</load_address>
         <run_address>0x19d0</run_address>
         <size>0x40</size>
         <input_file_ref idref="fl-d8"/>
      </object_component>
      <object_component id="oc-2a0">
         <name>.const:g_ui16CANBitValues</name>
         <load_address>0x1a10</load_address>
         <run_address>0x1a10</run_address>
         <size>0x20</size>
         <input_file_ref idref="fl-d2"/>
      </object_component>
      <object_component id="oc-2ac">
         <name>.const:g_pui32EnRegs</name>
         <load_address>0x1a30</load_address>
         <run_address>0x1a30</run_address>
         <size>0x14</size>
         <input_file_ref idref="fl-d4"/>
      </object_component>
      <object_component id="oc-34e">
         <name>.cinit..data.load</name>
         <load_address>0x1a48</load_address>
         <run_address>0x1a48</run_address>
         <size>0x11</size>
      </object_component>
      <object_component id="oc-34b">
         <name>__TI_handler_table</name>
         <load_address>0x1a5c</load_address>
         <run_address>0x1a5c</run_address>
         <size>0xc</size>
      </object_component>
      <object_component id="oc-34f">
         <name>.cinit..bss.load</name>
         <load_address>0x1a68</load_address>
         <run_address>0x1a68</run_address>
         <size>0x8</size>
      </object_component>
      <object_component id="oc-34d">
         <name>.cinit..vtable.load</name>
         <load_address>0x1a70</load_address>
         <run_address>0x1a70</run_address>
         <size>0x8</size>
      </object_component>
      <object_component id="oc-34c">
         <name>__TI_cinit_table</name>
         <load_address>0x1a78</load_address>
         <run_address>0x1a78</run_address>
         <size>0x18</size>
      </object_component>
      <object_component id="oc-2fc">
         <name>.vtable</name>
         <uninitialized>true</uninitialized>
         <run_address>0x20000000</run_address>
         <size>0x26c</size>
         <input_file_ref idref="fl-d4"/>
      </object_component>
      <object_component id="oc-229">
         <name>.data:$O1$$</name>
         <load_address>0x20000aac</load_address>
         <run_address>0x20000aac</run_address>
         <size>0xc</size>
         <input_file_ref idref="fl-c2"/>
      </object_component>
      <object_component id="oc-7b">
         <name>.data</name>
         <load_address>0x20000ac0</load_address>
         <run_address>0x20000ac0</run_address>
         <size>0x4</size>
         <input_file_ref idref="fl-ca"/>
      </object_component>
      <object_component id="oc-22c">
         <name>.data:$O1$$</name>
         <load_address>0x20000ab8</load_address>
         <run_address>0x20000ab8</run_address>
         <size>0x8</size>
         <input_file_ref idref="fl-cc"/>
      </object_component>
      <object_component id="oc-1f1">
         <name>.common:sMsgObjectRx</name>
         <uninitialized>true</uninitialized>
         <run_address>0x20000a6c</run_address>
         <size>0x14</size>
      </object_component>
      <object_component id="oc-1f0">
         <name>.common:sMsgObjectTx</name>
         <uninitialized>true</uninitialized>
         <run_address>0x20000a80</run_address>
         <size>0x14</size>
      </object_component>
      <object_component id="oc-1f3">
         <name>.common:ui8CANMsgData</name>
         <uninitialized>true</uninitialized>
         <run_address>0x20000aa8</run_address>
         <size>0x1</size>
      </object_component>
      <object_component id="oc-1ae">
         <name>.common:g_i32Value</name>
         <uninitialized>true</uninitialized>
         <run_address>0x20000a98</run_address>
         <size>0x4</size>
      </object_component>
      <object_component id="oc-1d5">
         <name>.common:g_ui32PWMValue</name>
         <uninitialized>true</uninitialized>
         <run_address>0x20000a9c</run_address>
         <size>0x4</size>
      </object_component>
      <object_component id="oc-1ee">
         <name>.common:g_ui32SPIData</name>
         <uninitialized>true</uninitialized>
         <run_address>0x20000aa0</run_address>
         <size>0x4</size>
      </object_component>
      <object_component id="oc-1ef">
         <name>.common:led</name>
         <uninitialized>true</uninitialized>
         <run_address>0x20000aa4</run_address>
         <size>0x4</size>
      </object_component>
      <object_component id="oc-1f2">
         <name>.common:count</name>
         <uninitialized>true</uninitialized>
         <run_address>0x20000a94</run_address>
         <size>0x4</size>
      </object_component>
      <object_component id="oc-2a">
         <name>.stack</name>
         <uninitialized>true</uninitialized>
         <run_address>0x2000026c</run_address>
         <size>0x0</size>
         <input_file_ref idref="fl-be"/>
      </object_component>
      <object_component id="oc-350">
         <name>.stack</name>
         <uninitialized>true</uninitialized>
         <run_address>0x2000026c</run_address>
         <size>0x0</size>
      </object_component>
      <object_component id="oc-1af">
         <name>.debug_info</name>
         <load_address>0x0</load_address>
         <run_address>0x0</run_address>
         <size>0xe25</size>
         <input_file_ref idref="fl-2"/>
      </object_component>
      <object_component id="oc-32">
         <name>.debug_info</name>
         <load_address>0xe25</load_address>
         <run_address>0xe25</run_address>
         <size>0xc70</size>
         <input_file_ref idref="fl-2"/>
      </object_component>
      <object_component id="oc-278">
         <name>.debug_info</name>
         <load_address>0x1a95</load_address>
         <run_address>0x1a95</run_address>
         <size>0x1b3</size>
         <input_file_ref idref="fl-2"/>
      </object_component>
      <object_component id="oc-1fa">
         <name>.debug_info</name>
         <load_address>0x1c48</load_address>
         <run_address>0x1c48</run_address>
         <size>0x8b</size>
         <input_file_ref idref="fl-2"/>
      </object_component>
      <object_component id="oc-1f5">
         <name>.debug_info</name>
         <load_address>0x1cd3</load_address>
         <run_address>0x1cd3</run_address>
         <size>0x18b</size>
         <input_file_ref idref="fl-2"/>
      </object_component>
      <object_component id="oc-39">
         <name>.debug_info</name>
         <load_address>0x1e5e</load_address>
         <run_address>0x1e5e</run_address>
         <size>0x141</size>
         <input_file_ref idref="fl-3"/>
      </object_component>
      <object_component id="oc-10">
         <name>.debug_info</name>
         <load_address>0x1f9f</load_address>
         <run_address>0x1f9f</run_address>
         <size>0x100</size>
         <input_file_ref idref="fl-3"/>
      </object_component>
      <object_component id="oc-2d">
         <name>.debug_info</name>
         <load_address>0x209f</load_address>
         <run_address>0x209f</run_address>
         <size>0x27c</size>
         <input_file_ref idref="fl-3"/>
      </object_component>
      <object_component id="oc-40">
         <name>.debug_info</name>
         <load_address>0x231b</load_address>
         <run_address>0x231b</run_address>
         <size>0x84</size>
         <input_file_ref idref="fl-3"/>
      </object_component>
      <object_component id="oc-27">
         <name>.debug_info</name>
         <load_address>0x239f</load_address>
         <run_address>0x239f</run_address>
         <size>0x161</size>
         <input_file_ref idref="fl-be"/>
      </object_component>
      <object_component id="oc-206">
         <name>.debug_info</name>
         <load_address>0x2500</load_address>
         <run_address>0x2500</run_address>
         <size>0xfa</size>
         <input_file_ref idref="fl-bf"/>
      </object_component>
      <object_component id="oc-15">
         <name>.debug_info</name>
         <load_address>0x25fa</load_address>
         <run_address>0x25fa</run_address>
         <size>0x246</size>
         <input_file_ref idref="fl-bf"/>
      </object_component>
      <object_component id="oc-3b">
         <name>.debug_info</name>
         <load_address>0x2840</load_address>
         <run_address>0x2840</run_address>
         <size>0x60</size>
         <input_file_ref idref="fl-bf"/>
      </object_component>
      <object_component id="oc-201">
         <name>.debug_info</name>
         <load_address>0x28a0</load_address>
         <run_address>0x28a0</run_address>
         <size>0x46</size>
         <input_file_ref idref="fl-bf"/>
      </object_component>
      <object_component id="oc-50">
         <name>.debug_info</name>
         <load_address>0x28e6</load_address>
         <run_address>0x28e6</run_address>
         <size>0x141</size>
         <input_file_ref idref="fl-c0"/>
      </object_component>
      <object_component id="oc-1a">
         <name>.debug_info</name>
         <load_address>0x2a27</load_address>
         <run_address>0x2a27</run_address>
         <size>0x1e0</size>
         <input_file_ref idref="fl-c0"/>
      </object_component>
      <object_component id="oc-4b">
         <name>.debug_info</name>
         <load_address>0x2c07</load_address>
         <run_address>0x2c07</run_address>
         <size>0x46</size>
         <input_file_ref idref="fl-c0"/>
      </object_component>
      <object_component id="oc-208">
         <name>.debug_info</name>
         <load_address>0x2c4d</load_address>
         <run_address>0x2c4d</run_address>
         <size>0x2c</size>
         <input_file_ref idref="fl-c0"/>
      </object_component>
      <object_component id="oc-5c">
         <name>.debug_info</name>
         <load_address>0x2c79</load_address>
         <run_address>0x2c79</run_address>
         <size>0x130</size>
         <input_file_ref idref="fl-c1"/>
      </object_component>
      <object_component id="oc-20">
         <name>.debug_info</name>
         <load_address>0x2da9</load_address>
         <run_address>0x2da9</run_address>
         <size>0x1ab</size>
         <input_file_ref idref="fl-c1"/>
      </object_component>
      <object_component id="oc-57">
         <name>.debug_info</name>
         <load_address>0x2f54</load_address>
         <run_address>0x2f54</run_address>
         <size>0x46</size>
         <input_file_ref idref="fl-c1"/>
      </object_component>
      <object_component id="oc-210">
         <name>.debug_info</name>
         <load_address>0x2f9a</load_address>
         <run_address>0x2f9a</run_address>
         <size>0x2c</size>
         <input_file_ref idref="fl-c1"/>
      </object_component>
      <object_component id="oc-230">
         <name>.debug_info</name>
         <load_address>0x2fc6</load_address>
         <run_address>0x2fc6</run_address>
         <size>0x235</size>
         <input_file_ref idref="fl-c2"/>
      </object_component>
      <object_component id="oc-22a">
         <name>.debug_info</name>
         <load_address>0x31fb</load_address>
         <run_address>0x31fb</run_address>
         <size>0x186</size>
         <input_file_ref idref="fl-c2"/>
      </object_component>
      <object_component id="oc-79">
         <name>.debug_info</name>
         <load_address>0x3381</load_address>
         <run_address>0x3381</run_address>
         <size>0x215</size>
         <input_file_ref idref="fl-c2"/>
      </object_component>
      <object_component id="oc-c8">
         <name>.debug_info</name>
         <load_address>0x3596</load_address>
         <run_address>0x3596</run_address>
         <size>0x133</size>
         <input_file_ref idref="fl-c3"/>
      </object_component>
      <object_component id="oc-cf">
         <name>.debug_info</name>
         <load_address>0x36c9</load_address>
         <run_address>0x36c9</run_address>
         <size>0x132</size>
         <input_file_ref idref="fl-c4"/>
      </object_component>
      <object_component id="oc-c5">
         <name>.debug_info</name>
         <load_address>0x37fb</load_address>
         <run_address>0x37fb</run_address>
         <size>0x125</size>
         <input_file_ref idref="fl-c5"/>
      </object_component>
      <object_component id="oc-47">
         <name>.debug_info</name>
         <load_address>0x3920</load_address>
         <run_address>0x3920</run_address>
         <size>0x112</size>
         <input_file_ref idref="fl-c6"/>
      </object_component>
      <object_component id="oc-54">
         <name>.debug_info</name>
         <load_address>0x3a32</load_address>
         <run_address>0x3a32</run_address>
         <size>0x140</size>
         <input_file_ref idref="fl-c7"/>
      </object_component>
      <object_component id="oc-60">
         <name>.debug_info</name>
         <load_address>0x3b72</load_address>
         <run_address>0x3b72</run_address>
         <size>0x139</size>
         <input_file_ref idref="fl-c8"/>
      </object_component>
      <object_component id="oc-66">
         <name>.debug_info</name>
         <load_address>0x3cab</load_address>
         <run_address>0x3cab</run_address>
         <size>0x149</size>
         <input_file_ref idref="fl-c9"/>
      </object_component>
      <object_component id="oc-7c">
         <name>.debug_info</name>
         <load_address>0x3df4</load_address>
         <run_address>0x3df4</run_address>
         <size>0x10a</size>
         <input_file_ref idref="fl-ca"/>
      </object_component>
      <object_component id="oc-d9">
         <name>.debug_info</name>
         <load_address>0x3efe</load_address>
         <run_address>0x3efe</run_address>
         <size>0x127</size>
         <input_file_ref idref="fl-cb"/>
      </object_component>
      <object_component id="oc-2e5">
         <name>.debug_info</name>
         <load_address>0x4025</load_address>
         <run_address>0x4025</run_address>
         <size>0x125</size>
         <input_file_ref idref="fl-cc"/>
      </object_component>
      <object_component id="oc-22d">
         <name>.debug_info</name>
         <load_address>0x414a</load_address>
         <run_address>0x414a</run_address>
         <size>0x114</size>
         <input_file_ref idref="fl-cc"/>
      </object_component>
      <object_component id="oc-2e0">
         <name>.debug_info</name>
         <load_address>0x425e</load_address>
         <run_address>0x425e</run_address>
         <size>0x220</size>
         <input_file_ref idref="fl-cc"/>
      </object_component>
      <object_component id="oc-228">
         <name>.debug_info</name>
         <load_address>0x447e</load_address>
         <run_address>0x447e</run_address>
         <size>0x167</size>
         <input_file_ref idref="fl-cd"/>
      </object_component>
      <object_component id="oc-71">
         <name>.debug_info</name>
         <load_address>0x45e5</load_address>
         <run_address>0x45e5</run_address>
         <size>0x168</size>
         <input_file_ref idref="fl-cd"/>
      </object_component>
      <object_component id="oc-2d6">
         <name>.debug_info</name>
         <load_address>0x474d</load_address>
         <run_address>0x474d</run_address>
         <size>0x5e</size>
         <input_file_ref idref="fl-cd"/>
      </object_component>
      <object_component id="oc-226">
         <name>.debug_info</name>
         <load_address>0x47ab</load_address>
         <run_address>0x47ab</run_address>
         <size>0x2ea</size>
         <input_file_ref idref="fl-ce"/>
      </object_component>
      <object_component id="oc-6c">
         <name>.debug_info</name>
         <load_address>0x4a95</load_address>
         <run_address>0x4a95</run_address>
         <size>0x191</size>
         <input_file_ref idref="fl-ce"/>
      </object_component>
      <object_component id="oc-2ca">
         <name>.debug_info</name>
         <load_address>0x4c26</load_address>
         <run_address>0x4c26</run_address>
         <size>0x39</size>
         <input_file_ref idref="fl-ce"/>
      </object_component>
      <object_component id="oc-31e">
         <name>.debug_info</name>
         <load_address>0x4c5f</load_address>
         <run_address>0x4c5f</run_address>
         <size>0x39</size>
         <input_file_ref idref="fl-ce"/>
      </object_component>
      <object_component id="oc-2cf">
         <name>.debug_info</name>
         <load_address>0x4c98</load_address>
         <run_address>0x4c98</run_address>
         <size>0xcd</size>
         <input_file_ref idref="fl-ce"/>
      </object_component>
      <object_component id="oc-2c6">
         <name>.debug_info</name>
         <load_address>0x4d65</load_address>
         <run_address>0x4d65</run_address>
         <size>0x1e1</size>
         <input_file_ref idref="fl-cf"/>
      </object_component>
      <object_component id="oc-21a">
         <name>.debug_info</name>
         <load_address>0x4f46</load_address>
         <run_address>0x4f46</run_address>
         <size>0x184</size>
         <input_file_ref idref="fl-cf"/>
      </object_component>
      <object_component id="oc-319">
         <name>.debug_info</name>
         <load_address>0x50ca</load_address>
         <run_address>0x50ca</run_address>
         <size>0x2c</size>
         <input_file_ref idref="fl-cf"/>
      </object_component>
      <object_component id="oc-220">
         <name>.debug_info</name>
         <load_address>0x50f6</load_address>
         <run_address>0x50f6</run_address>
         <size>0x146</size>
         <input_file_ref idref="fl-d0"/>
      </object_component>
      <object_component id="oc-24e">
         <name>.debug_info</name>
         <load_address>0x523c</load_address>
         <run_address>0x523c</run_address>
         <size>0x1ac</size>
         <input_file_ref idref="fl-d1"/>
      </object_component>
      <object_component id="oc-101">
         <name>.debug_info</name>
         <load_address>0x53e8</load_address>
         <run_address>0x53e8</run_address>
         <size>0x29c</size>
         <input_file_ref idref="fl-d1"/>
      </object_component>
      <object_component id="oc-10f">
         <name>.debug_info</name>
         <load_address>0x5684</load_address>
         <run_address>0x5684</run_address>
         <size>0x209</size>
         <input_file_ref idref="fl-d1"/>
      </object_component>
      <object_component id="oc-f7">
         <name>.debug_info</name>
         <load_address>0x588d</load_address>
         <run_address>0x588d</run_address>
         <size>0x20b</size>
         <input_file_ref idref="fl-d1"/>
      </object_component>
      <object_component id="oc-bf">
         <name>.debug_info</name>
         <load_address>0x5a98</load_address>
         <run_address>0x5a98</run_address>
         <size>0x268</size>
         <input_file_ref idref="fl-d1"/>
      </object_component>
      <object_component id="oc-fb">
         <name>.debug_info</name>
         <load_address>0x5d00</load_address>
         <run_address>0x5d00</run_address>
         <size>0x28f</size>
         <input_file_ref idref="fl-d1"/>
      </object_component>
      <object_component id="oc-11f">
         <name>.debug_info</name>
         <load_address>0x5f8f</load_address>
         <run_address>0x5f8f</run_address>
         <size>0x20d</size>
         <input_file_ref idref="fl-d1"/>
      </object_component>
      <object_component id="oc-263">
         <name>.debug_info</name>
         <load_address>0x619c</load_address>
         <run_address>0x619c</run_address>
         <size>0x228</size>
         <input_file_ref idref="fl-d1"/>
      </object_component>
      <object_component id="oc-119">
         <name>.debug_info</name>
         <load_address>0x63c4</load_address>
         <run_address>0x63c4</run_address>
         <size>0x248</size>
         <input_file_ref idref="fl-d1"/>
      </object_component>
      <object_component id="oc-113">
         <name>.debug_info</name>
         <load_address>0x660c</load_address>
         <run_address>0x660c</run_address>
         <size>0x1ff</size>
         <input_file_ref idref="fl-d1"/>
      </object_component>
      <object_component id="oc-b1">
         <name>.debug_info</name>
         <load_address>0x680b</load_address>
         <run_address>0x680b</run_address>
         <size>0x1fd</size>
         <input_file_ref idref="fl-d1"/>
      </object_component>
      <object_component id="oc-107">
         <name>.debug_info</name>
         <load_address>0x6a08</load_address>
         <run_address>0x6a08</run_address>
         <size>0x22a</size>
         <input_file_ref idref="fl-d1"/>
      </object_component>
      <object_component id="oc-277">
         <name>.debug_info</name>
         <load_address>0x6c32</load_address>
         <run_address>0x6c32</run_address>
         <size>0x1d2</size>
         <input_file_ref idref="fl-d2"/>
      </object_component>
      <object_component id="oc-2a1">
         <name>.debug_info</name>
         <load_address>0x6e04</load_address>
         <run_address>0x6e04</run_address>
         <size>0x10d</size>
         <input_file_ref idref="fl-d2"/>
      </object_component>
      <object_component id="oc-137">
         <name>.debug_info</name>
         <load_address>0x6f11</load_address>
         <run_address>0x6f11</run_address>
         <size>0x1ef</size>
         <input_file_ref idref="fl-d2"/>
      </object_component>
      <object_component id="oc-271">
         <name>.debug_info</name>
         <load_address>0x7100</load_address>
         <run_address>0x7100</run_address>
         <size>0x246</size>
         <input_file_ref idref="fl-d2"/>
      </object_component>
      <object_component id="oc-125">
         <name>.debug_info</name>
         <load_address>0x7346</load_address>
         <run_address>0x7346</run_address>
         <size>0x37c</size>
         <input_file_ref idref="fl-d2"/>
      </object_component>
      <object_component id="oc-2a6">
         <name>.debug_info</name>
         <load_address>0x76c2</load_address>
         <run_address>0x76c2</run_address>
         <size>0x1e0</size>
         <input_file_ref idref="fl-d2"/>
      </object_component>
      <object_component id="oc-131">
         <name>.debug_info</name>
         <load_address>0x78a2</load_address>
         <run_address>0x78a2</run_address>
         <size>0x1f5</size>
         <input_file_ref idref="fl-d2"/>
      </object_component>
      <object_component id="oc-1c4">
         <name>.debug_info</name>
         <load_address>0x7a97</load_address>
         <run_address>0x7a97</run_address>
         <size>0x230</size>
         <input_file_ref idref="fl-d2"/>
      </object_component>
      <object_component id="oc-1be">
         <name>.debug_info</name>
         <load_address>0x7cc7</load_address>
         <run_address>0x7cc7</run_address>
         <size>0x1f3</size>
         <input_file_ref idref="fl-d2"/>
      </object_component>
      <object_component id="oc-13d">
         <name>.debug_info</name>
         <load_address>0x7eba</load_address>
         <run_address>0x7eba</run_address>
         <size>0x1ef</size>
         <input_file_ref idref="fl-d2"/>
      </object_component>
      <object_component id="oc-1b2">
         <name>.debug_info</name>
         <load_address>0x80a9</load_address>
         <run_address>0x80a9</run_address>
         <size>0x1d5</size>
         <input_file_ref idref="fl-d2"/>
      </object_component>
      <object_component id="oc-1d1">
         <name>.debug_info</name>
         <load_address>0x827e</load_address>
         <run_address>0x827e</run_address>
         <size>0x1ab</size>
         <input_file_ref idref="fl-d2"/>
      </object_component>
      <object_component id="oc-1b9">
         <name>.debug_info</name>
         <load_address>0x8429</load_address>
         <run_address>0x8429</run_address>
         <size>0x2c9</size>
         <input_file_ref idref="fl-d2"/>
      </object_component>
      <object_component id="oc-243">
         <name>.debug_info</name>
         <load_address>0x86f2</load_address>
         <run_address>0x86f2</run_address>
         <size>0x1db</size>
         <input_file_ref idref="fl-d3"/>
      </object_component>
      <object_component id="oc-247">
         <name>.debug_info</name>
         <load_address>0x88cd</load_address>
         <run_address>0x88cd</run_address>
         <size>0x112</size>
         <input_file_ref idref="fl-d3"/>
      </object_component>
      <object_component id="oc-b9">
         <name>.debug_info</name>
         <load_address>0x89df</load_address>
         <run_address>0x89df</run_address>
         <size>0x20c</size>
         <input_file_ref idref="fl-d3"/>
      </object_component>
      <object_component id="oc-239">
         <name>.debug_info</name>
         <load_address>0x8beb</load_address>
         <run_address>0x8beb</run_address>
         <size>0x21c</size>
         <input_file_ref idref="fl-d3"/>
      </object_component>
      <object_component id="oc-23f">
         <name>.debug_info</name>
         <load_address>0x8e07</load_address>
         <run_address>0x8e07</run_address>
         <size>0x27f</size>
         <input_file_ref idref="fl-d3"/>
      </object_component>
      <object_component id="oc-a7">
         <name>.debug_info</name>
         <load_address>0x9086</load_address>
         <run_address>0x9086</run_address>
         <size>0x1f9</size>
         <input_file_ref idref="fl-d3"/>
      </object_component>
      <object_component id="oc-a1">
         <name>.debug_info</name>
         <load_address>0x927f</load_address>
         <run_address>0x927f</run_address>
         <size>0x1f9</size>
         <input_file_ref idref="fl-d3"/>
      </object_component>
      <object_component id="oc-8f">
         <name>.debug_info</name>
         <load_address>0x9478</load_address>
         <run_address>0x9478</run_address>
         <size>0x220</size>
         <input_file_ref idref="fl-d3"/>
      </object_component>
      <object_component id="oc-95">
         <name>.debug_info</name>
         <load_address>0x9698</load_address>
         <run_address>0x9698</run_address>
         <size>0x205</size>
         <input_file_ref idref="fl-d3"/>
      </object_component>
      <object_component id="oc-ad">
         <name>.debug_info</name>
         <load_address>0x989d</load_address>
         <run_address>0x989d</run_address>
         <size>0x1f9</size>
         <input_file_ref idref="fl-d3"/>
      </object_component>
      <object_component id="oc-89">
         <name>.debug_info</name>
         <load_address>0x9a96</load_address>
         <run_address>0x9a96</run_address>
         <size>0x1f9</size>
         <input_file_ref idref="fl-d3"/>
      </object_component>
      <object_component id="oc-1e5">
         <name>.debug_info</name>
         <load_address>0x9c8f</load_address>
         <run_address>0x9c8f</run_address>
         <size>0x1e4</size>
         <input_file_ref idref="fl-d3"/>
      </object_component>
      <object_component id="oc-9c">
         <name>.debug_info</name>
         <load_address>0x9e73</load_address>
         <run_address>0x9e73</run_address>
         <size>0x1e9</size>
         <input_file_ref idref="fl-d3"/>
      </object_component>
      <object_component id="oc-2b0">
         <name>.debug_info</name>
         <load_address>0xa05c</load_address>
         <run_address>0xa05c</run_address>
         <size>0x1b9</size>
         <input_file_ref idref="fl-d4"/>
      </object_component>
      <object_component id="oc-2ad">
         <name>.debug_info</name>
         <load_address>0xa215</load_address>
         <run_address>0xa215</run_address>
         <size>0x109</size>
         <input_file_ref idref="fl-d4"/>
      </object_component>
      <object_component id="oc-2fd">
         <name>.debug_info</name>
         <load_address>0xa31e</load_address>
         <run_address>0xa31e</run_address>
         <size>0x10e</size>
         <input_file_ref idref="fl-d4"/>
      </object_component>
      <object_component id="oc-26a">
         <name>.debug_info</name>
         <load_address>0xa42c</load_address>
         <run_address>0xa42c</run_address>
         <size>0x22a</size>
         <input_file_ref idref="fl-d4"/>
      </object_component>
      <object_component id="oc-1ea">
         <name>.debug_info</name>
         <load_address>0xa656</load_address>
         <run_address>0xa656</run_address>
         <size>0x1a7</size>
         <input_file_ref idref="fl-d4"/>
      </object_component>
      <object_component id="oc-1d8">
         <name>.debug_info</name>
         <load_address>0xa7fd</load_address>
         <run_address>0xa7fd</run_address>
         <size>0x1a9</size>
         <input_file_ref idref="fl-d4"/>
      </object_component>
      <object_component id="oc-1cb">
         <name>.debug_info</name>
         <load_address>0xa9a6</load_address>
         <run_address>0xa9a6</run_address>
         <size>0x1d1</size>
         <input_file_ref idref="fl-d4"/>
      </object_component>
      <object_component id="oc-255">
         <name>.debug_info</name>
         <load_address>0xab77</load_address>
         <run_address>0xab77</run_address>
         <size>0x198</size>
         <input_file_ref idref="fl-d5"/>
      </object_component>
      <object_component id="oc-d2">
         <name>.debug_info</name>
         <load_address>0xad0f</load_address>
         <run_address>0xad0f</run_address>
         <size>0x25f</size>
         <input_file_ref idref="fl-d5"/>
      </object_component>
      <object_component id="oc-18b">
         <name>.debug_info</name>
         <load_address>0xaf6e</load_address>
         <run_address>0xaf6e</run_address>
         <size>0x2ee</size>
         <input_file_ref idref="fl-d5"/>
      </object_component>
      <object_component id="oc-185">
         <name>.debug_info</name>
         <load_address>0xb25c</load_address>
         <run_address>0xb25c</run_address>
         <size>0x22d</size>
         <input_file_ref idref="fl-d5"/>
      </object_component>
      <object_component id="oc-17f">
         <name>.debug_info</name>
         <load_address>0xb489</load_address>
         <run_address>0xb489</run_address>
         <size>0x21f</size>
         <input_file_ref idref="fl-d5"/>
      </object_component>
      <object_component id="oc-191">
         <name>.debug_info</name>
         <load_address>0xb6a8</load_address>
         <run_address>0xb6a8</run_address>
         <size>0x1df</size>
         <input_file_ref idref="fl-d5"/>
      </object_component>
      <object_component id="oc-179">
         <name>.debug_info</name>
         <load_address>0xb887</load_address>
         <run_address>0xb887</run_address>
         <size>0x21c</size>
         <input_file_ref idref="fl-d5"/>
      </object_component>
      <object_component id="oc-173">
         <name>.debug_info</name>
         <load_address>0xbaa3</load_address>
         <run_address>0xbaa3</run_address>
         <size>0x1eb</size>
         <input_file_ref idref="fl-d5"/>
      </object_component>
      <object_component id="oc-258">
         <name>.debug_info</name>
         <load_address>0xbc8e</load_address>
         <run_address>0xbc8e</run_address>
         <size>0x1c7</size>
         <input_file_ref idref="fl-d6"/>
      </object_component>
      <object_component id="oc-1ab">
         <name>.debug_info</name>
         <load_address>0xbe55</load_address>
         <run_address>0xbe55</run_address>
         <size>0x1ab</size>
         <input_file_ref idref="fl-d6"/>
      </object_component>
      <object_component id="oc-df">
         <name>.debug_info</name>
         <load_address>0xc000</load_address>
         <run_address>0xc000</run_address>
         <size>0x1df</size>
         <input_file_ref idref="fl-d6"/>
      </object_component>
      <object_component id="oc-eb">
         <name>.debug_info</name>
         <load_address>0xc1df</load_address>
         <run_address>0xc1df</run_address>
         <size>0x1e3</size>
         <input_file_ref idref="fl-d6"/>
      </object_component>
      <object_component id="oc-1a6">
         <name>.debug_info</name>
         <load_address>0xc3c2</load_address>
         <run_address>0xc3c2</run_address>
         <size>0x342</size>
         <input_file_ref idref="fl-d6"/>
      </object_component>
      <object_component id="oc-19a">
         <name>.debug_info</name>
         <load_address>0xc704</load_address>
         <run_address>0xc704</run_address>
         <size>0x1f5</size>
         <input_file_ref idref="fl-d6"/>
      </object_component>
      <object_component id="oc-e6">
         <name>.debug_info</name>
         <load_address>0xc8f9</load_address>
         <run_address>0xc8f9</run_address>
         <size>0x1ab</size>
         <input_file_ref idref="fl-d6"/>
      </object_component>
      <object_component id="oc-235">
         <name>.debug_info</name>
         <load_address>0xcaa4</load_address>
         <run_address>0xcaa4</run_address>
         <size>0x243</size>
         <input_file_ref idref="fl-d7"/>
      </object_component>
      <object_component id="oc-298">
         <name>.debug_info</name>
         <load_address>0xcce7</load_address>
         <run_address>0xcce7</run_address>
         <size>0x104</size>
         <input_file_ref idref="fl-d7"/>
      </object_component>
      <object_component id="oc-f1">
         <name>.debug_info</name>
         <load_address>0xcdeb</load_address>
         <run_address>0xcdeb</run_address>
         <size>0x1e8</size>
         <input_file_ref idref="fl-d7"/>
      </object_component>
      <object_component id="oc-83">
         <name>.debug_info</name>
         <load_address>0xcfd3</load_address>
         <run_address>0xcfd3</run_address>
         <size>0x1e6</size>
         <input_file_ref idref="fl-d7"/>
      </object_component>
      <object_component id="oc-16f">
         <name>.debug_info</name>
         <load_address>0xd1b9</load_address>
         <run_address>0xd1b9</run_address>
         <size>0x1cc</size>
         <input_file_ref idref="fl-d7"/>
      </object_component>
      <object_component id="oc-1e0">
         <name>.debug_info</name>
         <load_address>0xd385</load_address>
         <run_address>0xd385</run_address>
         <size>0x244</size>
         <input_file_ref idref="fl-d7"/>
      </object_component>
      <object_component id="oc-1a0">
         <name>.debug_info</name>
         <load_address>0xd5c9</load_address>
         <run_address>0xd5c9</run_address>
         <size>0x21e</size>
         <input_file_ref idref="fl-d7"/>
      </object_component>
      <object_component id="oc-2eb">
         <name>.debug_info</name>
         <load_address>0xd7e7</load_address>
         <run_address>0xd7e7</run_address>
         <size>0x51</size>
         <input_file_ref idref="fl-d7"/>
      </object_component>
      <object_component id="oc-27e">
         <name>.debug_info</name>
         <load_address>0xd838</load_address>
         <run_address>0xd838</run_address>
         <size>0x1ce</size>
         <input_file_ref idref="fl-d8"/>
      </object_component>
      <object_component id="oc-306">
         <name>.debug_info</name>
         <load_address>0xda06</load_address>
         <run_address>0xda06</run_address>
         <size>0x111</size>
         <input_file_ref idref="fl-d8"/>
      </object_component>
      <object_component id="oc-309">
         <name>.debug_info</name>
         <load_address>0xdb17</load_address>
         <run_address>0xdb17</run_address>
         <size>0x123</size>
         <input_file_ref idref="fl-d8"/>
      </object_component>
      <object_component id="oc-14f">
         <name>.debug_info</name>
         <load_address>0xdc3a</load_address>
         <run_address>0xdc3a</run_address>
         <size>0x22b</size>
         <input_file_ref idref="fl-d8"/>
      </object_component>
      <object_component id="oc-155">
         <name>.debug_info</name>
         <load_address>0xde65</load_address>
         <run_address>0xde65</run_address>
         <size>0x223</size>
         <input_file_ref idref="fl-d8"/>
      </object_component>
      <object_component id="oc-288">
         <name>.debug_info</name>
         <load_address>0xe088</load_address>
         <run_address>0xe088</run_address>
         <size>0x254</size>
         <input_file_ref idref="fl-d8"/>
      </object_component>
      <object_component id="oc-162">
         <name>.debug_info</name>
         <load_address>0xe2dc</load_address>
         <run_address>0xe2dc</run_address>
         <size>0x24d</size>
         <input_file_ref idref="fl-d8"/>
      </object_component>
      <object_component id="oc-15c">
         <name>.debug_info</name>
         <load_address>0xe529</load_address>
         <run_address>0xe529</run_address>
         <size>0x1fd</size>
         <input_file_ref idref="fl-d8"/>
      </object_component>
      <object_component id="oc-12c">
         <name>.debug_info</name>
         <load_address>0xe726</load_address>
         <run_address>0xe726</run_address>
         <size>0x1fb</size>
         <input_file_ref idref="fl-d8"/>
      </object_component>
      <object_component id="oc-168">
         <name>.debug_info</name>
         <load_address>0xe921</load_address>
         <run_address>0xe921</run_address>
         <size>0x1e8</size>
         <input_file_ref idref="fl-d8"/>
      </object_component>
      <object_component id="oc-149">
         <name>.debug_info</name>
         <load_address>0xeb09</load_address>
         <run_address>0xeb09</run_address>
         <size>0x1f5</size>
         <input_file_ref idref="fl-d8"/>
      </object_component>
      <object_component id="oc-143">
         <name>.debug_info</name>
         <load_address>0xecfe</load_address>
         <run_address>0xecfe</run_address>
         <size>0x1ff</size>
         <input_file_ref idref="fl-d8"/>
      </object_component>
      <object_component id="oc-2bf">
         <name>.debug_info</name>
         <load_address>0xeefd</load_address>
         <run_address>0xeefd</run_address>
         <size>0x17b</size>
         <input_file_ref idref="fl-d9"/>
      </object_component>
      <object_component id="oc-2b4">
         <name>.debug_info</name>
         <load_address>0xf078</load_address>
         <run_address>0xf078</run_address>
         <size>0x178</size>
         <input_file_ref idref="fl-d9"/>
      </object_component>
      <object_component id="oc-351">
         <name>.debug_info</name>
         <load_address>0xf1f0</load_address>
         <run_address>0xf1f0</run_address>
         <size>0xb6</size>
      </object_component>
      <object_component id="oc-29e">
         <name>.debug_line</name>
         <load_address>0x0</load_address>
         <run_address>0x0</run_address>
         <size>0x1e1</size>
         <input_file_ref idref="fl-2"/>
      </object_component>
      <object_component id="oc-35">
         <name>.debug_line</name>
         <load_address>0x1e1</load_address>
         <run_address>0x1e1</run_address>
         <size>0x207</size>
         <input_file_ref idref="fl-2"/>
      </object_component>
      <object_component id="oc-27b">
         <name>.debug_line</name>
         <load_address>0x3e8</load_address>
         <run_address>0x3e8</run_address>
         <size>0x55</size>
         <input_file_ref idref="fl-2"/>
      </object_component>
      <object_component id="oc-1fd">
         <name>.debug_line</name>
         <load_address>0x43d</load_address>
         <run_address>0x43d</run_address>
         <size>0x20</size>
         <input_file_ref idref="fl-2"/>
      </object_component>
      <object_component id="oc-1f8">
         <name>.debug_line</name>
         <load_address>0x45d</load_address>
         <run_address>0x45d</run_address>
         <size>0x66</size>
         <input_file_ref idref="fl-2"/>
      </object_component>
      <object_component id="oc-200">
         <name>.debug_line</name>
         <load_address>0x4c3</load_address>
         <run_address>0x4c3</run_address>
         <size>0x41</size>
         <input_file_ref idref="fl-3"/>
      </object_component>
      <object_component id="oc-38">
         <name>.debug_line</name>
         <load_address>0x504</load_address>
         <run_address>0x504</run_address>
         <size>0x41</size>
         <input_file_ref idref="fl-3"/>
      </object_component>
      <object_component id="oc-30">
         <name>.debug_line</name>
         <load_address>0x545</load_address>
         <run_address>0x545</run_address>
         <size>0xa1</size>
         <input_file_ref idref="fl-3"/>
      </object_component>
      <object_component id="oc-43">
         <name>.debug_line</name>
         <load_address>0x5e6</load_address>
         <run_address>0x5e6</run_address>
         <size>0x20</size>
         <input_file_ref idref="fl-3"/>
      </object_component>
      <object_component id="oc-25">
         <name>.debug_line</name>
         <load_address>0x606</load_address>
         <run_address>0x606</run_address>
         <size>0x53</size>
         <input_file_ref idref="fl-be"/>
      </object_component>
      <object_component id="oc-2c4">
         <name>.debug_line</name>
         <load_address>0x659</load_address>
         <run_address>0x659</run_address>
         <size>0x20</size>
         <input_file_ref idref="fl-bf"/>
      </object_component>
      <object_component id="oc-17">
         <name>.debug_line</name>
         <load_address>0x679</load_address>
         <run_address>0x679</run_address>
         <size>0xa9</size>
         <input_file_ref idref="fl-bf"/>
      </object_component>
      <object_component id="oc-3e">
         <name>.debug_line</name>
         <load_address>0x722</load_address>
         <run_address>0x722</run_address>
         <size>0x3a</size>
         <input_file_ref idref="fl-bf"/>
      </object_component>
      <object_component id="oc-204">
         <name>.debug_line</name>
         <load_address>0x75c</load_address>
         <run_address>0x75c</run_address>
         <size>0x8a</size>
         <input_file_ref idref="fl-bf"/>
      </object_component>
      <object_component id="oc-20e">
         <name>.debug_line</name>
         <load_address>0x7e6</load_address>
         <run_address>0x7e6</run_address>
         <size>0x8a</size>
         <input_file_ref idref="fl-c0"/>
      </object_component>
      <object_component id="oc-1d">
         <name>.debug_line</name>
         <load_address>0x870</load_address>
         <run_address>0x870</run_address>
         <size>0x55</size>
         <input_file_ref idref="fl-c0"/>
      </object_component>
      <object_component id="oc-4e">
         <name>.debug_line</name>
         <load_address>0x8c5</load_address>
         <run_address>0x8c5</run_address>
         <size>0x3a</size>
         <input_file_ref idref="fl-c0"/>
      </object_component>
      <object_component id="oc-20b">
         <name>.debug_line</name>
         <load_address>0x8ff</load_address>
         <run_address>0x8ff</run_address>
         <size>0x8a</size>
         <input_file_ref idref="fl-c0"/>
      </object_component>
      <object_component id="oc-216">
         <name>.debug_line</name>
         <load_address>0x989</load_address>
         <run_address>0x989</run_address>
         <size>0x8a</size>
         <input_file_ref idref="fl-c1"/>
      </object_component>
      <object_component id="oc-1f">
         <name>.debug_line</name>
         <load_address>0xa13</load_address>
         <run_address>0xa13</run_address>
         <size>0x4f</size>
         <input_file_ref idref="fl-c1"/>
      </object_component>
      <object_component id="oc-5a">
         <name>.debug_line</name>
         <load_address>0xa62</load_address>
         <run_address>0xa62</run_address>
         <size>0x34</size>
         <input_file_ref idref="fl-c1"/>
      </object_component>
      <object_component id="oc-213">
         <name>.debug_line</name>
         <load_address>0xa96</load_address>
         <run_address>0xa96</run_address>
         <size>0x8a</size>
         <input_file_ref idref="fl-c1"/>
      </object_component>
      <object_component id="oc-2e8">
         <name>.debug_line</name>
         <load_address>0xb20</load_address>
         <run_address>0xb20</run_address>
         <size>0xf2</size>
         <input_file_ref idref="fl-c2"/>
      </object_component>
      <object_component id="oc-2dc">
         <name>.debug_line</name>
         <load_address>0xc12</load_address>
         <run_address>0xc12</run_address>
         <size>0x2a</size>
         <input_file_ref idref="fl-c2"/>
      </object_component>
      <object_component id="oc-78">
         <name>.debug_line</name>
         <load_address>0xc3c</load_address>
         <run_address>0xc3c</run_address>
         <size>0x86</size>
         <input_file_ref idref="fl-c2"/>
      </object_component>
      <object_component id="oc-cb">
         <name>.debug_line</name>
         <load_address>0xcc2</load_address>
         <run_address>0xcc2</run_address>
         <size>0x8e</size>
         <input_file_ref idref="fl-c3"/>
      </object_component>
      <object_component id="oc-cd">
         <name>.debug_line</name>
         <load_address>0xd50</load_address>
         <run_address>0xd50</run_address>
         <size>0x59</size>
         <input_file_ref idref="fl-c4"/>
      </object_component>
      <object_component id="oc-c4">
         <name>.debug_line</name>
         <load_address>0xda9</load_address>
         <run_address>0xda9</run_address>
         <size>0x50</size>
         <input_file_ref idref="fl-c5"/>
      </object_component>
      <object_component id="oc-49">
         <name>.debug_line</name>
         <load_address>0xdf9</load_address>
         <run_address>0xdf9</run_address>
         <size>0x88</size>
         <input_file_ref idref="fl-c6"/>
      </object_component>
      <object_component id="oc-53">
         <name>.debug_line</name>
         <load_address>0xe81</load_address>
         <run_address>0xe81</run_address>
         <size>0x79</size>
         <input_file_ref idref="fl-c7"/>
      </object_component>
      <object_component id="oc-62">
         <name>.debug_line</name>
         <load_address>0xefa</load_address>
         <run_address>0xefa</run_address>
         <size>0x3d</size>
         <input_file_ref idref="fl-c8"/>
      </object_component>
      <object_component id="oc-68">
         <name>.debug_line</name>
         <load_address>0xf37</load_address>
         <run_address>0xf37</run_address>
         <size>0x40</size>
         <input_file_ref idref="fl-c9"/>
      </object_component>
      <object_component id="oc-233">
         <name>.debug_line</name>
         <load_address>0xf77</load_address>
         <run_address>0xf77</run_address>
         <size>0x33</size>
         <input_file_ref idref="fl-ca"/>
      </object_component>
      <object_component id="oc-d8">
         <name>.debug_line</name>
         <load_address>0xfaa</load_address>
         <run_address>0xfaa</run_address>
         <size>0x4c</size>
         <input_file_ref idref="fl-cb"/>
      </object_component>
      <object_component id="oc-325">
         <name>.debug_line</name>
         <load_address>0xff6</load_address>
         <run_address>0xff6</run_address>
         <size>0x20</size>
         <input_file_ref idref="fl-cc"/>
      </object_component>
      <object_component id="oc-2e4">
         <name>.debug_line</name>
         <load_address>0x1016</load_address>
         <run_address>0x1016</run_address>
         <size>0x2b</size>
         <input_file_ref idref="fl-cc"/>
      </object_component>
      <object_component id="oc-2e2">
         <name>.debug_line</name>
         <load_address>0x1041</load_address>
         <run_address>0x1041</run_address>
         <size>0x68</size>
         <input_file_ref idref="fl-cc"/>
      </object_component>
      <object_component id="oc-2d5">
         <name>.debug_line</name>
         <load_address>0x10a9</load_address>
         <run_address>0x10a9</run_address>
         <size>0x2b</size>
         <input_file_ref idref="fl-cd"/>
      </object_component>
      <object_component id="oc-74">
         <name>.debug_line</name>
         <load_address>0x10d4</load_address>
         <run_address>0x10d4</run_address>
         <size>0x4a</size>
         <input_file_ref idref="fl-cd"/>
      </object_component>
      <object_component id="oc-2d9">
         <name>.debug_line</name>
         <load_address>0x111e</load_address>
         <run_address>0x111e</run_address>
         <size>0x2b</size>
         <input_file_ref idref="fl-cd"/>
      </object_component>
      <object_component id="oc-2c9">
         <name>.debug_line</name>
         <load_address>0x1149</load_address>
         <run_address>0x1149</run_address>
         <size>0xa9</size>
         <input_file_ref idref="fl-ce"/>
      </object_component>
      <object_component id="oc-6a">
         <name>.debug_line</name>
         <load_address>0x11f2</load_address>
[...]
         <value>0xffffffff</value>
      </symbol>
      <symbol id="sm-c">
         <name>__TI_prof_data_start</name>
         <value>0xffffffff</value>
      </symbol>
      <symbol id="sm-d">
         <name>__TI_prof_data_size</name>
         <value>0xffffffff</value>
      </symbol>
      <symbol id="sm-8a">
         <name>sMsgObjectRx</name>
         <value>0x20000a6c</value>
      </symbol>
      <symbol id="sm-8b">
         <name>sMsgObjectTx</name>
         <value>0x20000a80</value>
      </symbol>
      <symbol id="sm-8c">
         <name>ui8CANMsgData</name>
         <value>0x20000aa8</value>
      </symbol>
      <symbol id="sm-8d">
         <name>g_i32Value</name>
         <value>0x20000a98</value>
      </symbol>
      <symbol id="sm-8e">
         <name>g_ui32PWMValue</name>
         <value>0x20000a9c</value>
      </symbol>
      <symbol id="sm-8f">
         <name>g_ui32SPIData</name>
         <value>0x20000aa0</value>
      </symbol>
      <symbol id="sm-90">
         <name>led</name>
         <value>0x20000aa4</value>
      </symbol>
      <symbol id="sm-91">
         <name>count</name>
         <value>0x20000a94</value>
      </symbol>
      <symbol id="sm-92">
         <name>setPWM</name>
         <value>0x51f</value>
         <object_component_ref idref="oc-31"/>
      </symbol>
      <symbol id="sm-93">
         <name>setSSI</name>
         <value>0x589</value>
         <object_component_ref idref="oc-31"/>
      </symbol>
      <symbol id="sm-94">
         <name>CANISR</name>
         <value>0x493</value>
         <object_component_ref idref="oc-31"/>
      </symbol>
      <symbol id="sm-95">
         <name>setPins</name>
         <value>0x26d</value>
         <object_component_ref idref="oc-31"/>
      </symbol>
      <symbol id="sm-96">
         <name>main</name>
         <value>0x685</value>
         <object_component_ref idref="oc-31"/>
      </symbol>
      <symbol id="sm-97">
         <name>writeLED</name>
         <value>0x441</value>
         <object_component_ref idref="oc-31"/>
      </symbol>
      <symbol id="sm-98">
         <name>setADC</name>
         <value>0x3a9</value>
         <object_component_ref idref="oc-31"/>
      </symbol>
      <symbol id="sm-99">
         <name>getADC</name>
         <value>0x2f3</value>
         <object_component_ref idref="oc-31"/>
      </symbol>
      <symbol id="sm-9a">
         <name>setTimer</name>
         <value>0x4d5</value>
         <object_component_ref idref="oc-31"/>
      </symbol>
      <symbol id="sm-9b">
         <name>startADC</name>
         <value>0x3ff</value>
         <object_component_ref idref="oc-31"/>
      </symbol>
      <symbol id="sm-9c">
         <name>timerISR</name>
         <value>0x463</value>
         <object_component_ref idref="oc-31"/>
      </symbol>
      <symbol id="sm-9d">
         <name>sendCAN</name>
         <value>0x415</value>
         <object_component_ref idref="oc-31"/>
      </symbol>
      <symbol id="sm-9e">
         <name>setCAN</name>
         <value>0x5ed</value>
         <object_component_ref idref="oc-31"/>
      </symbol>
      <symbol id="sm-bf">
         <name>ResetISR</name>
         <value>0x1801</value>
         <object_component_ref idref="oc-2b"/>
      </symbol>
      <symbol id="sm-c0">
         <name>g_pfnVectors</name>
         <value>0x0</value>
         <object_component_ref idref="oc-f"/>
      </symbol>
      <symbol id="sm-d1">
         <name>_c_int00</name>
         <value>0x10e1</value>
         <object_component_ref idref="oc-24"/>
      </symbol>
      <symbol id="sm-d2">
         <name>__stack</name>
         <value>0x2000026c</value>
         <object_component_ref idref="oc-2a"/>
      </symbol>
      <symbol id="sm-f0">
         <name>__TI_decompress_lzss</name>
         <value>0xf65</value>
         <object_component_ref idref="oc-12"/>
      </symbol>
      <symbol id="sm-107">
         <name>__TI_decompress_none</name>
         <value>0x17ab</value>
         <object_component_ref idref="oc-18"/>
      </symbol>
      <symbol id="sm-11e">
         <name>__TI_zero_init</name>
         <value>0x17f5</value>
         <object_component_ref idref="oc-1e"/>
      </symbol>
      <symbol id="sm-13f">
         <name>C$$EXIT</name>
         <value>0x1135</value>
         <object_component_ref idref="oc-75"/>
      </symbol>
      <symbol id="sm-140">
         <name>abort</name>
         <value>0x1139</value>
         <object_component_ref idref="oc-75"/>
      </symbol>
      <symbol id="sm-141">
         <name>exit</name>
         <value>0x1141</value>
         <object_component_ref idref="oc-75"/>
      </symbol>
      <symbol id="sm-142">
         <name>__TI_dtors_ptr</name>
         <value>0x20000ab0</value>
         <object_component_ref idref="oc-229"/>
      </symbol>
      <symbol id="sm-143">
         <name>__TI_cleanup_ptr</name>
         <value>0x20000aac</value>
         <object_component_ref idref="oc-229"/>
      </symbol>
      <symbol id="sm-144">
         <name>__TI_enable_exit_profile_output</name>
         <value>0x20000ab4</value>
         <object_component_ref idref="oc-229"/>
      </symbol>
      <symbol id="sm-14f">
         <name>__aeabi_dmul</name>
         <value>0xaa1</value>
         <object_component_ref idref="oc-c7"/>
      </symbol>
      <symbol id="sm-159">
         <name>__aeabi_d2uiz</name>
         <value>0x12bd</value>
         <object_component_ref idref="oc-cc"/>
      </symbol>
      <symbol id="sm-163">
         <name>__aeabi_i2d</name>
         <value>0x1491</value>
         <object_component_ref idref="oc-c2"/>
      </symbol>
      <symbol id="sm-17e">
         <name>memcpy</name>
         <value>0xc91</value>
         <object_component_ref idref="oc-45"/>
      </symbol>
      <symbol id="sm-17f">
         <name>__aeabi_memcpy</name>
         <value>0xc91</value>
         <object_component_ref idref="oc-45"/>
      </symbol>
      <symbol id="sm-180">
         <name>__aeabi_memcpy8</name>
         <value>0xc91</value>
         <object_component_ref idref="oc-45"/>
      </symbol>
      <symbol id="sm-181">
         <name>__aeabi_memcpy4</name>
         <value>0xc91</value>
         <object_component_ref idref="oc-45"/>
      </symbol>
      <symbol id="sm-190">
         <name>__aeabi_memset</name>
         <value>0xda9</value>
         <object_component_ref idref="oc-51"/>
      </symbol>
      <symbol id="sm-191">
         <name>memset</name>
         <value>0xdaf</value>
         <object_component_ref idref="oc-51"/>
      </symbol>
      <symbol id="sm-192">
         <name>__aeabi_memset8</name>
         <value>0xda9</value>
         <object_component_ref idref="oc-51"/>
      </symbol>
      <symbol id="sm-193">
         <name>__aeabi_memset4</name>
         <value>0xda9</value>
         <object_component_ref idref="oc-51"/>
      </symbol>
      <symbol id="sm-194">
         <name>__aeabi_memclr8</name>
         <value>0xda7</value>
         <object_component_ref idref="oc-51"/>
      </symbol>
      <symbol id="sm-195">
         <name>__aeabi_memclr4</name>
         <value>0xda7</value>
         <object_component_ref idref="oc-51"/>
      </symbol>
      <symbol id="sm-196">
         <name>__aeabi_memclr</name>
         <value>0xda7</value>
         <object_component_ref idref="oc-51"/>
      </symbol>
      <symbol id="sm-1a0">
         <name>__mpu_init</name>
         <value>0x98f</value>
         <object_component_ref idref="oc-5d"/>
      </symbol>
      <symbol id="sm-1aa">
         <name>_system_pre_init</name>
         <value>0x186f</value>
         <object_component_ref idref="oc-63"/>
      </symbol>
      <symbol id="sm-1b2">
         <name>main_func_sp</name>
         <value>0x20000ac0</value>
         <object_component_ref idref="oc-7b"/>
      </symbol>
      <symbol id="sm-1bc">
         <name>__aeabi_ui2d</name>
         <value>0x1577</value>
         <object_component_ref idref="oc-d7"/>
      </symbol>
      <symbol id="sm-1d5">
         <name>_nop</name>
         <value>0x16f7</value>
         <object_component_ref idref="oc-2dd"/>
      </symbol>
      <symbol id="sm-1d6">
         <name>_lock</name>
         <value>0x20000ab8</value>
         <object_component_ref idref="oc-22c"/>
      </symbol>
      <symbol id="sm-1d7">
         <name>_unlock</name>
         <value>0x20000abc</value>
         <object_component_ref idref="oc-22c"/>
      </symbol>
      <symbol id="sm-1d8">
         <name>_register_lock</name>
         <value>0x16ef</value>
         <object_component_ref idref="oc-2dd"/>
      </symbol>
      <symbol id="sm-1d9">
         <name>_register_unlock</name>
         <value>0x16e9</value>
         <object_component_ref idref="oc-2dd"/>
      </symbol>
      <symbol id="sm-1ed">
         <name>_args_main</name>
         <value>0x164d</value>
         <object_component_ref idref="oc-6f"/>
      </symbol>
      <symbol id="sm-217">
         <name>__TI_auto_init</name>
         <value>0xe21</value>
         <object_component_ref idref="oc-69"/>
      </symbol>
      <symbol id="sm-231">
         <name>copy_in</name>
         <value>0x1271</value>
         <object_component_ref idref="oc-219"/>
      </symbol>
      <symbol id="sm-23b">
         <name>_system_post_cinit</name>
         <value>0x13b7</value>
         <object_component_ref idref="oc-21f"/>
      </symbol>
      <symbol id="sm-2ad">
         <name>ADCProcessorTrigger</name>
         <value>0x15eb</value>
         <object_component_ref idref="oc-11e"/>
      </symbol>
      <symbol id="sm-2ae">
         <name>ADCSequenceEnable</name>
         <value>0x178f</value>
         <object_component_ref idref="oc-10c"/>
      </symbol>
      <symbol id="sm-2af">
         <name>ADCSequenceConfigure</name>
         <value>0x1089</value>
         <object_component_ref idref="oc-fa"/>
      </symbol>
      <symbol id="sm-2b0">
         <name>ADCIntEnable</name>
         <value>0x1733</value>
         <object_component_ref idref="oc-112"/>
      </symbol>
      <symbol id="sm-2b1">
         <name>ADCSequenceStepConfigure</name>
         <value>0xd2d</value>
         <object_component_ref idref="oc-100"/>
      </symbol>
      <symbol id="sm-2b2">
         <name>ADCIntClear</name>
         <value>0x180d</value>
         <object_component_ref idref="oc-b0"/>
      </symbol>
      <symbol id="sm-2b3">
         <name>ADCHardwareOversampleConfigure</name>
         <value>0x1773</value>
         <object_component_ref idref="oc-106"/>
      </symbol>
      <symbol id="sm-2b4">
         <name>ADCIntRegister</name>
         <value>0x15d3</value>
         <object_component_ref idref="oc-118"/>
      </symbol>
      <symbol id="sm-2b5">
         <name>ADCSequenceDisable</name>
         <value>0x1781</value>
         <object_component_ref idref="oc-f4"/>
      </symbol>
      <symbol id="sm-2b6">
         <name>ADCSequenceDataGet</name>
         <value>0x1597</value>
         <object_component_ref idref="oc-bc"/>
      </symbol>
      <symbol id="sm-34f">
         <name>CANIntRegister</name>
         <value>0x1603</value>
         <object_component_ref idref="oc-1c3"/>
      </symbol>
      <symbol id="sm-350">
         <name>CANBitRateSet</name>
         <value>0xe91</value>
         <object_component_ref idref="oc-1b7"/>
      </symbol>
      <symbol id="sm-351">
         <name>CANEnable</name>
         <value>0x1817</value>
         <object_component_ref idref="oc-1cf"/>
      </symbol>
      <symbol id="sm-352">
         <name>CANStatusGet</name>
         <value>0x1301</value>
         <object_component_ref idref="oc-136"/>
      </symbol>
      <symbol id="sm-353">
         <name>CANMessageSet</name>
         <value>0x85f</value>
         <object_component_ref idref="oc-124"/>
      </symbol>
      <symbol id="sm-354">
         <name>CANIntClear</name>
         <value>0x14eb</value>
         <object_component_ref idref="oc-13c"/>
      </symbol>
      <symbol id="sm-355">
         <name>CANIntStatus</name>
         <value>0x1557</value>
         <object_component_ref idref="oc-130"/>
      </symbol>
      <symbol id="sm-356">
         <name>CANInit</name>
         <value>0x137d</value>
         <object_component_ref idref="oc-1b1"/>
      </symbol>
      <symbol id="sm-357">
         <name>CANIntEnable</name>
         <value>0x1835</value>
         <object_component_ref idref="oc-1bd"/>
      </symbol>
      <symbol id="sm-3c2">
         <name>GPIOPinTypePWM</name>
         <value>0x16a7</value>
         <object_component_ref idref="oc-9e"/>
      </symbol>
      <symbol id="sm-3c3">
         <name>GPIOPinConfigure</name>
         <value>0x11d9</value>
         <object_component_ref idref="oc-98"/>
      </symbol>
      <symbol id="sm-3c4">
         <name>GPIOPinTypeADC</name>
         <value>0x1665</value>
         <object_component_ref idref="oc-86"/>
      </symbol>
      <symbol id="sm-3c5">
         <name>GPIOPinTypeGPIOInput</name>
         <value>0x1691</value>
         <object_component_ref idref="oc-92"/>
      </symbol>
      <symbol id="sm-3c6">
         <name>GPIOPinTypeGPIOOutput</name>
         <value>0x161b</value>
         <object_component_ref idref="oc-8c"/>
      </symbol>
      <symbol id="sm-3c7">
         <name>GPIOPinRead</name>
         <value>0x184d</value>
         <object_component_ref idref="oc-1e2"/>
      </symbol>
      <symbol id="sm-3c8">
         <name>GPIODirModeSet</name>
         <value>0x14bf</value>
         <object_component_ref idref="oc-236"/>
      </symbol>
      <symbol id="sm-3c9">
         <name>GPIOPinWrite</name>
         <value>0x1853</value>
         <object_component_ref idref="oc-b6"/>
      </symbol>
      <symbol id="sm-3ca">
         <name>GPIOPadConfigSet</name>
         <value>0x72d</value>
         <object_component_ref idref="oc-23c"/>
      </symbol>
      <symbol id="sm-3cb">
         <name>GPIOPinTypeSSI</name>
         <value>0x16bd</value>
         <object_component_ref idref="oc-a4"/>
      </symbol>
      <symbol id="sm-3cc">
         <name>GPIOPinTypeCAN</name>
         <value>0x167b</value>
         <object_component_ref idref="oc-aa"/>
      </symbol>
      <symbol id="sm-40f">
         <name>IntEnable</name>
         <value>0xefd</value>
         <object_component_ref idref="oc-1c9"/>
      </symbol>
      <symbol id="sm-410">
         <name>IntRegister</name>
         <value>0x1429</value>
         <object_component_ref idref="oc-268"/>
      </symbol>
      <symbol id="sm-411">
         <name>IntMasterDisable</name>
         <value>0x1743</value>
         <object_component_ref idref="oc-1d6"/>
      </symbol>
      <symbol id="sm-412">
         <name>g_pfnRAMVectors</name>
         <value>0x20000000</value>
         <object_component_ref idref="oc-2fc"/>
      </symbol>
      <symbol id="sm-413">
         <name>IntMasterEnable</name>
         <value>0x1753</value>
         <object_component_ref idref="oc-1e8"/>
      </symbol>
      <symbol id="sm-452">
         <name>PWMGenPeriodSet</name>
         <value>0x1763</value>
         <object_component_ref idref="oc-17e"/>
      </symbol>
      <symbol id="sm-453">
         <name>PWMOutputUpdateMode</name>
         <value>0x13f1</value>
         <object_component_ref idref="oc-18a"/>
      </symbol>
      <symbol id="sm-454">
         <name>PWMPulseWidthSet</name>
         <value>0x15b5</value>
         <object_component_ref idref="oc-d1"/>
      </symbol>
      <symbol id="sm-455">
         <name>PWMDeadBandDisable</name>
         <value>0x17d1</value>
         <object_component_ref idref="oc-172"/>
      </symbol>
      <symbol id="sm-456">
         <name>PWMOutputState</name>
         <value>0x16fd</value>
         <object_component_ref idref="oc-184"/>
      </symbol>
      <symbol id="sm-457">
         <name>PWMGenEnable</name>
         <value>0x17dd</value>
         <object_component_ref idref="oc-190"/>
      </symbol>
      <symbol id="sm-458">
         <name>PWMGenConfigure</name>
         <value>0x1535</value>
         <object_component_ref idref="oc-178"/>
      </symbol>
      <symbol id="sm-490">
         <name>SSIDataPut</name>
         <value>0x1821</value>
         <object_component_ref idref="oc-dc"/>
      </symbol>
      <symbol id="sm-491">
         <name>SSIDataGet</name>
         <value>0x17e9</value>
         <object_component_ref idref="oc-e8"/>
      </symbol>
      <symbol id="sm-492">
         <name>SSIConfigSetExpClk</name>
         <value>0x1341</value>
         <object_component_ref idref="oc-1a2"/>
      </symbol>
      <symbol id="sm-493">
         <name>SSIEnable</name>
         <value>0x182b</value>
         <object_component_ref idref="oc-1a8"/>
      </symbol>
      <symbol id="sm-494">
         <name>SSIClockSourceSet</name>
         <value>0x1859</value>
         <object_component_ref idref="oc-196"/>
      </symbol>
      <symbol id="sm-495">
         <name>SSIBusy</name>
         <value>0x183d</value>
         <object_component_ref idref="oc-e2"/>
      </symbol>
      <symbol id="sm-4fb">
         <name>SysCtlClockSet</name>
         <value>0xb9d</value>
         <object_component_ref idref="oc-1dc"/>
      </symbol>
      <symbol id="sm-4fc">
         <name>SysCtlDelay</name>
         <value>0x185f</value>
         <object_component_ref idref="oc-2b9"/>
      </symbol>
      <symbol id="sm-4fd">
         <name>SysCtlPeripheralEnable</name>
         <value>0x145d</value>
         <object_component_ref idref="oc-80"/>
      </symbol>
      <symbol id="sm-4fe">
         <name>SysCtlClockGet</name>
         <value>0x991</value>
         <object_component_ref idref="oc-19c"/>
      </symbol>
      <symbol id="sm-4ff">
         <name>SysCtlPWMClockSet</name>
         <value>0x16d5</value>
         <object_component_ref idref="oc-16c"/>
      </symbol>
      <symbol id="sm-500">
         <name>SysCtlPeripheralReady</name>
         <value>0x13b9</value>
         <object_component_ref idref="oc-ee"/>
      </symbol>
      <symbol id="sm-56b">
         <name>TimerLoadSet</name>
         <value>0x170f</value>
         <object_component_ref idref="oc-154"/>
      </symbol>
      <symbol id="sm-56c">
         <name>TimerIntRegister</name>
         <value>0x1633</value>
         <object_component_ref idref="oc-160"/>
      </symbol>
      <symbol id="sm-56d">
         <name>TimerEnable</name>
         <value>0x179d</value>
         <object_component_ref idref="oc-166"/>
      </symbol>
      <symbol id="sm-56e">
         <name>TimerPrescaleSet</name>
         <value>0x1721</value>
         <object_component_ref idref="oc-14e"/>
      </symbol>
      <symbol id="sm-56f">
         <name>TimerIntEnable</name>
         <value>0x1845</value>
         <object_component_ref idref="oc-15a"/>
      </symbol>
      <symbol id="sm-570">
         <name>TimerClockSourceSet</name>
         <value>0x1865</value>
         <object_component_ref idref="oc-142"/>
      </symbol>
      <symbol id="sm-571">
         <name>TimerConfigure</name>
         <value>0xfcd</value>
         <object_component_ref idref="oc-148"/>
      </symbol>
      <symbol id="sm-572">
         <name>TimerIntClear</name>
         <value>0x186b</value>
         <object_component_ref idref="oc-12a"/>
      </symbol>
      <symbol id="sm-584">
         <name>CPUcpsie</name>
         <value>0x17c5</value>
         <object_component_ref idref="oc-2bc"/>
      </symbol>
      <symbol id="sm-585">
         <name>CPUcpsid</name>
         <value>0x17b9</value>
         <object_component_ref idref="oc-2b2"/>
      </symbol>
      <symbol id="sm-586">
         <name>__TI_static_base__</name>
         <value>0x0</value>
      </symbol>
      <symbol id="sm-589">
         <name>SHT$$INIT_ARRAY$$Limit</name>
         <value>0x0</value>
      </symbol>
      <symbol id="sm-58a">
         <name>SHT$$INIT_ARRAY$$Base</name>
         <value>0x0</value>
      </symbol>
   </symbol_table>
   <title>Link successful</title>
</link_info>
