******************************************************************************
                  TI ARM Linker PC v16.9.1                     
******************************************************************************
>> Linked Wed Feb 21 18:45:05 2018

OUTPUT FILE NAME:   <CANRX.out>
ENTRY POINT SYMBOL: "_c_int00"  address: 00000ccd


MEMORY CONFIGURATION

         name            origin    length      used     unused   attr    fill
----------------------  --------  ---------  --------  --------  ----  --------
  FLASH                 00000000   00040000  00001264  0003ed9c  R  X
  SRAM                  20000000   00008000  000004b9  00007b47  RW X


SEGMENT ALLOCATION MAP

run origin  load origin   length   init length attrs members
----------  ----------- ---------- ----------- ----- -------
00000000    00000000    00001268   00001268    r-x
  00000000    00000000    0000026c   0000026c    r-- .intvecs
  0000026c    0000026c    00000e78   00000e78    r-x .text
  000010e4    000010e4    00000130   00000130    r-- .const
  00001218    00001218    00000050   00000050    r-- .cinit
20000000    20000000    000004b9   00000000    rw-
  20000000    20000000    0000026c   00000000    rw- .vtable
  2000026c    2000026c    00000200   00000000    rw- .stack
  2000046c    2000046c    00000028   00000000    rw- .data
  20000494    20000494    00000025   00000000    rw- .bss


SECTION ALLOCATION MAP

 output                                  attributes/
section   page    origin      length       input sections
--------  ----  ----------  ----------   ----------------
.intvecs   0    00000000    0000026c     
                  00000000    0000026c     startup_ccs.obj (.intvecs)

.text      0    0000026c    00000e78     
                  0000026c    00000132     driverlib.lib : gpio.obj (.text:GPIOPadConfigSet)
                  0000039e    00000130                   : can.obj (.text:CANMessageSet)
                  000004ce    00000002     startup_ccs.obj (.text:FaultISR)
                  000004d0    00000110     driverlib.lib : sysctl.obj (.text:SysCtlClockGet)
                  000005e0    0000010e                   : can.obj (.text:CANMessageGet)
                  000006ee    00000002     startup_ccs.obj (.text:IntDefaultHandler)
                  000006f0    00000104     can_rx.obj (.text:CANErrorHandler)
                  000007f4    000000c0     can_rx.obj (.text:InitCAN0)
                  000008b4    0000009c     rtsv7M4_T_le_v4SPD16_eabi.lib : memcpy_t2.obj (.text)
                  00000950    00000098     can_rx.obj (.text:main)
                  000009e8    0000007a     rtsv7M4_T_le_v4SPD16_eabi.lib : memset_t2.obj (.text)
                  00000a62    00000002     startup_ccs.obj (.text:NmiSR)
                  00000a64    00000070     rtsv7M4_T_le_v4SPD16_eabi.lib : autoinit.obj (.text)
                  00000ad4    0000006c     driverlib.lib : can.obj (.text:CANBitRateSet)
                  00000b40    00000068                   : interrupt.obj (.text:IntEnable)
                  00000ba8    00000068     rtsv7M4_T_le_v4SPD16_eabi.lib : copy_decompress_lzss.obj (.text:decompress:lzss)
                  00000c10    00000060     can_rx.obj (.text:CAN0IntHandler)
                  00000c70    0000005c     driverlib.lib : can.obj (.text:_CANIntNumberGet)
                  00000ccc    00000054     rtsv7M4_T_le_v4SPD16_eabi.lib : boot.obj (.text)
                  00000d20    00000054                                   : exit.obj (.text)
                  00000d74    0000004c     driverlib.lib : gpio.obj (.text:GPIOPinConfigure)
                  00000dc0    0000004c     rtsv7M4_T_le_v4SPD16_eabi.lib : cpy_tbl.obj (.text)
                  00000e0c    00000040     driverlib.lib : can.obj (.text:CANStatusGet)
                  00000e4c    0000003a                   : can.obj (.text:CANInit)
                  00000e86    00000002     rtsv7M4_T_le_v4SPD16_eabi.lib : mpu_init.obj (.text)
                  00000e88    00000034     driverlib.lib : interrupt.obj (.text:IntRegister)
                  00000ebc    00000034                   : sysctl.obj (.text:SysCtlPeripheralEnable)
                  00000ef0    00000030                   : can.obj (.text:CANBitTimingGet)
                  00000f20    0000002c                   : gpio.obj (.text:GPIODirModeSet)
                  00000f4c    0000002a                   : can.obj (.text:_CANDataRegRead)
                  00000f76    00000026                   : can.obj (.text:CANIntClear)
                  00000f9c    00000024                   : can.obj (.text:_CANDataRegWrite)
                  00000fc0    00000020                   : can.obj (.text:CANIntStatus)
                  00000fe0    0000001c     can_rx.obj (.text:writeLEDs)
                  00000ffc    00000018     driverlib.lib : can.obj (.text:CANIntRegister)
                  00001014    00000018                   : gpio.obj (.text:GPIOPinTypeGPIOOutput)
                  0000102c    00000018     rtsv7M4_T_le_v4SPD16_eabi.lib : args_main.obj (.text)
                  00001044    00000016     driverlib.lib : gpio.obj (.text:GPIOPinTypeCAN)
                  0000105a    00000002     rtsv7M4_T_le_v4SPD16_eabi.lib : startup.obj (.text)
                  0000105c    00000014                                   : _lock.obj (.text)
                  00001070    00000010     driverlib.lib : interrupt.obj (.text:IntMasterDisable)
                  00001080    00000010                   : interrupt.obj (.text:IntMasterEnable)
                  00001090    0000000e     rtsv7M4_T_le_v4SPD16_eabi.lib : copy_decompress_none.obj (.text:decompress:none)
                  0000109e    0000000c     driverlib.lib : cpu.obj (.text:CPUcpsid)
                  000010aa    0000000c                   : cpu.obj (.text:CPUcpsie)
                  000010b6    0000000c     rtsv7M4_T_le_v4SPD16_eabi.lib : copy_zero_init.obj (.text:decompress:ZI)
                  000010c2    0000000a     driverlib.lib : can.obj (.text:CANEnable)
                  000010cc    00000008                   : can.obj (.text:CANIntEnable)
                  000010d4    00000006                   : gpio.obj (.text:GPIOPinWrite)
                  000010da    00000006     startup_ccs.obj (.text:ResetISR)
                  000010e0    00000004     rtsv7M4_T_le_v4SPD16_eabi.lib : pre_init.obj (.text)

.const     0    000010e4    00000130     
                  000010e4    00000090     driverlib.lib : gpio.obj (.const:g_pui32GPIOBaseAddrs)
                  00001174    0000006c                   : sysctl.obj (.const:g_pui32Xtals)
                  000011e0    00000020                   : can.obj (.const:g_ui16CANBitValues)
                  00001200    00000014                   : interrupt.obj (.const:g_pui32EnRegs)

.cinit     0    00001218    00000050     
                  00001218    00000018     (.cinit..data.load) [load image, compression = lzss]
                  00001230    0000000c     (__TI_handler_table)
                  0000123c    00000004     --HOLE-- [fill = 0]
                  00001240    00000008     (.cinit..bss.load) [load image, compression = zero_init]
                  00001248    00000008     (.cinit..vtable.load) [load image, compression = zero_init]
                  00001250    00000018     (__TI_cinit_table)

.init_array 
*          0    00000000    00000000     UNINITIALIZED

.vtable    0    20000000    0000026c     UNINITIALIZED
                  20000000    0000026c     driverlib.lib : interrupt.obj (.vtable)

.stack     0    2000026c    00000200     UNINITIALIZED
                  2000026c    00000200     --HOLE--

.data      0    2000046c    00000028     UNINITIALIZED
                  2000046c    00000010     can_rx.obj (.data)
                  2000047c    0000000c     rtsv7M4_T_le_v4SPD16_eabi.lib : exit.obj (.data:$O1$$)
                  20000488    00000008                                   : _lock.obj (.data:$O1$$)
                  20000490    00000004                                   : stkdepth_vars.obj (.data)

.bss       0    20000494    00000025     UNINITIALIZED
                  20000494    00000014     (.common:g_sCAN0RxMessage)
                  200004a8    00000010     (.common:clkBits)
                  200004b8    00000001     (.common:g_ui8RXMsgData)

MODULE SUMMARY

       Module                     code   ro data   rw data
       ------                     ----   -------   -------
    .\
       can_rx.obj                 728    0         53     
       startup_ccs.obj            12     620       0      
    +--+--------------------------+------+---------+---------+
       Total:                     740    620       53     
                                                          
    C:/ti/TivaWare_C_Series-2.1.3.156/driverlib/ccs/Debug/driverlib.lib
       can.obj                    1134   32        0      
       interrupt.obj              188    20        620    
       gpio.obj                   478    144       0      
       sysctl.obj                 324    108       0      
       cpu.obj                    24     0         0      
    +--+--------------------------+------+---------+---------+
       Total:                     2148   304       620    
                                                          
    C:\ti\ccsv7\tools\compiler\ti-cgt-arm_16.9.1.LTS\lib\rtsv7M4_T_le_v4SPD16_eabi.lib
       memcpy_t2.obj              156    0         0      
       memset_t2.obj              122    0         0      
       autoinit.obj               112    0         0      
       copy_decompress_lzss.obj   104    0         0      
       exit.obj                   84     0         12     
       boot.obj                   84     0         0      
       cpy_tbl.obj                76     0         0      
       _lock.obj                  20     0         8      
       args_main.obj              24     0         0      
       copy_decompress_none.obj   14     0         0      
       copy_zero_init.obj         12     0         0      
       pre_init.obj               4      0         0      
       stkdepth_vars.obj          0      0         4      
       mpu_init.obj               2      0         0      
       startup.obj                2      0         0      
    +--+--------------------------+------+---------+---------+
       Total:                     816    0         24     
                                                          
       Stack:                     0      0         512    
       Linker Generated:          0      76        0      
    +--+--------------------------+------+---------+---------+
       Grand Total:               3704   1000      1209   


LINKER GENERATED COPY TABLES

__TI_cinit_table @ 00001250 records: 3, size/record: 8, table size: 24
	.data: load addr=00001218, load size=00000018 bytes, run addr=2000046c, run size=00000028 bytes, compression=lzss
	.bss: load addr=00001240, load size=00000008 bytes, run addr=20000494, run size=00000025 bytes, compression=zero_init
	.vtable: load addr=00001248, load size=00000008 bytes, run addr=20000000, run size=0000026c bytes, compression=zero_init


LINKER GENERATED HANDLER TABLE

__TI_handler_table @ 00001230 records: 3, size/record: 4, table size: 12
	index: 0, handler: __TI_zero_init
	index: 1, handler: __TI_decompress_lzss
	index: 2, handler: __TI_decompress_none


GLOBAL SYMBOLS: SORTED ALPHABETICALLY BY Name 

address   name                           
-------   ----                           
00000d21  C$$EXIT                        
00000c11  CAN0IntHandler                 
00000ad5  CANBitRateSet                  
00000ef1  CANBitTimingGet                
000010c3  CANEnable                      
000006f1  CANErrorHandler                
00000e4d  CANInit                        
00000f77  CANIntClear                    
000010cd  CANIntEnable                   
00000ffd  CANIntRegister                 
00000fc1  CANIntStatus                   
000005e1  CANMessageGet                  
0000039f  CANMessageSet                  
00000e0d  CANStatusGet                   
0000109f  CPUcpsid                       
000010ab  CPUcpsie                       
00000f21  GPIODirModeSet                 
0000026d  GPIOPadConfigSet               
00000d75  GPIOPinConfigure               
00001045  GPIOPinTypeCAN                 
00001015  GPIOPinTypeGPIOOutput          
000010d5  GPIOPinWrite                   
000007f5  InitCAN0                       
00000b41  IntEnable                      
00001071  IntMasterDisable               
00001081  IntMasterEnable                
00000e89  IntRegister                    
000010db  ResetISR                       
UNDEFED   SHT$$INIT_ARRAY$$Base          
UNDEFED   SHT$$INIT_ARRAY$$Limit         
000004d1  SysCtlClockGet                 
00000ebd  SysCtlPeripheralEnable         
2000046c  __STACK_END                    
00000200  __STACK_SIZE                   
2000046c  __STACK_TOP                    
00001250  __TI_CINIT_Base                
00001268  __TI_CINIT_Limit               
00001230  __TI_Handler_Table_Base        
0000123c  __TI_Handler_Table_Limit       
00000a65  __TI_auto_init                 
2000047c  __TI_cleanup_ptr               
00000ba9  __TI_decompress_lzss           
00001091  __TI_decompress_none           
20000480  __TI_dtors_ptr                 
20000484  __TI_enable_exit_profile_output
ffffffff  __TI_pprof_out_hndl            
ffffffff  __TI_prof_data_size            
ffffffff  __TI_prof_data_start           
00000000  __TI_static_base__             
000010b7  __TI_zero_init                 
000009e9  __aeabi_memclr                 
000009e9  __aeabi_memclr4                
000009e9  __aeabi_memclr8                
000008b5  __aeabi_memcpy                 
000008b5  __aeabi_memcpy4                
000008b5  __aeabi_memcpy8                
000009eb  __aeabi_memset                 
000009eb  __aeabi_memset4                
000009eb  __aeabi_memset8                
ffffffff  __binit__                      
ffffffff  __c_args__                     
00000e87  __mpu_init                     
2000026c  __stack                        
0000102d  _args_main                     
00000ccd  _c_int00                       
20000488  _lock                          
0000106b  _nop                           
00001063  _register_lock                 
0000105d  _register_unlock               
0000105b  _system_post_cinit             
000010e1  _system_pre_init               
2000048c  _unlock                        
00000d25  abort                          
ffffffff  binit                          
200004a8  clkBits                        
00000dc1  copy_in                        
00000d2d  exit                           
20000474  g_bRXFlag                      
20000000  g_pfnRAMVectors                
00000000  g_pfnVectors                   
20000494  g_sCAN0RxMessage               
20000478  g_ui32ErrFlag                  
2000046c  g_ui32RXMsgCount               
20000470  g_ui32TXMsgCount               
200004b8  g_ui8RXMsgData                 
00000951  main                           
20000490  main_func_sp                   
000008b5  memcpy                         
000009f1  memset                         
00000fe1  writeLEDs                      


GLOBAL SYMBOLS: SORTED BY Symbol Address 

address   name                           
-------   ----                           
00000000  __TI_static_base__             
00000000  g_pfnVectors                   
00000200  __STACK_SIZE                   
0000026d  GPIOPadConfigSet               
0000039f  CANMessageSet                  
000004d1  SysCtlClockGet                 
000005e1  CANMessageGet                  
000006f1  CANErrorHandler                
000007f5  InitCAN0                       
000008b5  __aeabi_memcpy                 
000008b5  __aeabi_memcpy4                
000008b5  __aeabi_memcpy8                
000008b5  memcpy                         
00000951  main                           
000009e9  __aeabi_memclr                 
000009e9  __aeabi_memclr4                
000009e9  __aeabi_memclr8                
000009eb  __aeabi_memset                 
000009eb  __aeabi_memset4                
000009eb  __aeabi_memset8                
000009f1  memset                         
00000a65  __TI_auto_init                 
00000ad5  CANBitRateSet                  
00000b41  IntEnable                      
00000ba9  __TI_decompress_lzss           
00000c11  CAN0IntHandler                 
00000ccd  _c_int00                       
00000d21  C$$EXIT                        
00000d25  abort                          
00000d2d  exit                           
00000d75  GPIOPinConfigure               
00000dc1  copy_in                        
00000e0d  CANStatusGet                   
00000e4d  CANInit                        
00000e87  __mpu_init                     
00000e89  IntRegister                    
00000ebd  SysCtlPeripheralEnable         
00000ef1  CANBitTimingGet                
00000f21  GPIODirModeSet                 
00000f77  CANIntClear                    
00000fc1  CANIntStatus                   
00000fe1  writeLEDs                      
00000ffd  CANIntRegister                 
00001015  GPIOPinTypeGPIOOutput          
0000102d  _args_main                     
00001045  GPIOPinTypeCAN                 
0000105b  _system_post_cinit             
0000105d  _register_unlock               
00001063  _register_lock                 
0000106b  _nop                           
00001071  IntMasterDisable               
00001081  IntMasterEnable                
00001091  __TI_decompress_none           
0000109f  CPUcpsid                       
000010ab  CPUcpsie                       
000010b7  __TI_zero_init                 
000010c3  CANEnable                      
000010cd  CANIntEnable                   
000010d5  GPIOPinWrite                   
000010db  ResetISR                       
000010e1  _system_pre_init               
00001230  __TI_Handler_Table_Base        
0000123c  __TI_Handler_Table_Limit       
00001250  __TI_CINIT_Base                
00001268  __TI_CINIT_Limit               
20000000  g_pfnRAMVectors                
2000026c  __stack                        
2000046c  __STACK_END                    
2000046c  __STACK_TOP                    
2000046c  g_ui32RXMsgCount               
20000470  g_ui32TXMsgCount               
20000474  g_bRXFlag                      
20000478  g_ui32ErrFlag                  
2000047c  __TI_cleanup_ptr               
20000480  __TI_dtors_ptr                 
20000484  __TI_enable_exit_profile_output
20000488  _lock                          
2000048c  _unlock                        
20000490  main_func_sp                   
20000494  g_sCAN0RxMessage               
200004a8  clkBits                        
200004b8  g_ui8RXMsgData                 
ffffffff  __TI_pprof_out_hndl            
ffffffff  __TI_prof_data_size            
ffffffff  __TI_prof_data_start           
ffffffff  __binit__                      
ffffffff  __c_args__                     
ffffffff  binit                          
UNDEFED   SHT$$INIT_ARRAY$$Base          
UNDEFED   SHT$$INIT_ARRAY$$Limit         

[90 symbols]
