******************************************************************************
                  TI ARM Linker PC v16.9.1                     
******************************************************************************
>> Linked Wed Feb 28 15:59:01 2018

OUTPUT FILE NAME:   <CANRX.out>
ENTRY POINT SYMBOL: "_c_int00"  address: 00000cd5


MEMORY CONFIGURATION

         name            origin    length      used     unused   attr    fill
----------------------  --------  ---------  --------  --------  ----  --------
  FLASH                 00000000   00040000  00001212  0003edee  R  X
  SRAM                  20000000   00008000  00000239  00007dc7  RW X


SEGMENT ALLOCATION MAP

run origin  load origin   length   init length attrs members
----------  ----------- ---------- ----------- ----- -------
00000000    00000000    00001218   00001218    r-x
  00000000    00000000    0000026c   0000026c    r-- .intvecs
  0000026c    0000026c    00000e36   00000e36    r-x .text
  000010a4    000010a4    00000130   00000130    r-- .const
  000011d8    000011d8    00000040   00000040    r-- .cinit
20000000    20000000    00000239   00000000    rw-
  20000000    20000000    00000200   00000000    rw- .stack
  20000200    20000200    00000024   00000000    rw- .data
  20000224    20000224    00000015   00000000    rw- .bss


SECTION ALLOCATION MAP

 output                                  attributes/
section   page    origin      length       input sections
--------  ----  ----------  ----------   ----------------
.intvecs   0    00000000    0000026c     
                  00000000    0000026c     startup_ccs.obj (.intvecs)

.text      0    0000026c    00000e36     
                  0000026c    00000132     driverlib.lib : gpio.obj (.text:GPIOPadConfigSet)
                  0000039e    00000130                   : can.obj (.text:CANMessageSet)
                  000004ce    00000002     startup_ccs.obj (.text:FaultISR)
                  000004d0    00000110     driverlib.lib : sysctl.obj (.text:SysCtlClockGet)
                  000005e0    0000010e                   : can.obj (.text:CANMessageGet)
                  000006ee    00000002     startup_ccs.obj (.text:IntDefaultHandler)
                  000006f0    00000104     can_rx.obj (.text:CANErrorHandler)
                  000007f4    000000f4     driverlib.lib : sysctl.obj (.text:SysCtlClockSet)
                  000008e8    000000b8     can_rx.obj (.text:InitCAN0)
                  000009a0    0000009c     rtsv7M4_T_le_v4SPD16_eabi.lib : memcpy_t2.obj (.text)
                  00000a3c    0000007a                                   : memset_t2.obj (.text)
                  00000ab6    00000002     startup_ccs.obj (.text:NmiSR)
                  00000ab8    00000070     can_rx.obj (.text:CAN0IntHandler)
                  00000b28    00000070     rtsv7M4_T_le_v4SPD16_eabi.lib : autoinit.obj (.text)
                  00000b98    0000006c     driverlib.lib : can.obj (.text:CANBitRateSet)
                  00000c04    00000068                   : interrupt.obj (.text:IntEnable)
                  00000c6c    00000068     rtsv7M4_T_le_v4SPD16_eabi.lib : copy_decompress_lzss.obj (.text:decompress:lzss)
                  00000cd4    00000054                                   : boot.obj (.text)
                  00000d28    00000054                                   : exit.obj (.text)
                  00000d7c    0000004c     driverlib.lib : gpio.obj (.text:GPIOPinConfigure)
                  00000dc8    0000004c     rtsv7M4_T_le_v4SPD16_eabi.lib : cpy_tbl.obj (.text)
                  00000e14    00000040     driverlib.lib : can.obj (.text:CANStatusGet)
                  00000e54    0000003a                   : can.obj (.text:CANInit)
                  00000e8e    00000002     rtsv7M4_T_le_v4SPD16_eabi.lib : mpu_init.obj (.text)
                  00000e90    00000034     driverlib.lib : sysctl.obj (.text:SysCtlPeripheralEnable)
                  00000ec4    0000002c                   : gpio.obj (.text:GPIODirModeSet)
                  00000ef0    0000002c     can_rx.obj (.text:main)
                  00000f1c    0000002a     driverlib.lib : can.obj (.text:_CANDataRegRead)
                  00000f46    00000026                   : can.obj (.text:CANIntClear)
                  00000f6c    00000024                   : can.obj (.text:_CANDataRegWrite)
                  00000f90    00000020                   : can.obj (.text:CANIntStatus)
                  00000fb0    0000001c     can_rx.obj (.text:writeLEDs)
                  00000fcc    00000018     driverlib.lib : gpio.obj (.text:GPIOPinTypeGPIOOutput)
                  00000fe4    00000018     rtsv7M4_T_le_v4SPD16_eabi.lib : args_main.obj (.text)
                  00000ffc    00000016     driverlib.lib : gpio.obj (.text:GPIOPinTypeCAN)
                  00001012    00000002     rtsv7M4_T_le_v4SPD16_eabi.lib : startup.obj (.text)
                  00001014    00000014                                   : _lock.obj (.text)
                  00001028    00000010     driverlib.lib : interrupt.obj (.text:IntMasterDisable)
                  00001038    00000010                   : interrupt.obj (.text:IntMasterEnable)
                  00001048    0000000e     rtsv7M4_T_le_v4SPD16_eabi.lib : copy_decompress_none.obj (.text:decompress:none)
                  00001056    0000000c     driverlib.lib : cpu.obj (.text:CPUcpsid)
                  00001062    0000000c                   : cpu.obj (.text:CPUcpsie)
                  0000106e    0000000c     rtsv7M4_T_le_v4SPD16_eabi.lib : copy_zero_init.obj (.text:decompress:ZI)
                  0000107a    0000000a     driverlib.lib : can.obj (.text:CANEnable)
                  00001084    00000008                   : can.obj (.text:CANIntEnable)
                  0000108c    00000006                   : gpio.obj (.text:GPIOPinWrite)
                  00001092    00000006     startup_ccs.obj (.text:ResetISR)
                  00001098    00000006     driverlib.lib : sysctl.obj (.text:SysCtlDelay)
                  0000109e    00000004     rtsv7M4_T_le_v4SPD16_eabi.lib : pre_init.obj (.text)

.const     0    000010a4    00000130     
                  000010a4    00000090     driverlib.lib : gpio.obj (.const:g_pui32GPIOBaseAddrs)
                  00001134    0000006c                   : sysctl.obj (.const:g_pui32Xtals)
                  000011a0    00000020                   : can.obj (.const:g_ui16CANBitValues)
                  000011c0    00000014                   : interrupt.obj (.const:g_pui32EnRegs)

.cinit     0    000011d8    00000040     
                  000011d8    00000016     (.cinit..data.load) [load image, compression = lzss]
                  000011ee    00000002     --HOLE-- [fill = 0]
                  000011f0    0000000c     (__TI_handler_table)
                  000011fc    00000004     --HOLE-- [fill = 0]
                  00001200    00000008     (.cinit..bss.load) [load image, compression = zero_init]
                  00001208    00000010     (__TI_cinit_table)

.init_array 
*          0    00000000    00000000     UNINITIALIZED

.stack     0    20000000    00000200     UNINITIALIZED
                  20000000    00000200     --HOLE--

.data      0    20000200    00000024     UNINITIALIZED
                  20000200    0000000c     rtsv7M4_T_le_v4SPD16_eabi.lib : exit.obj (.data:$O1$$)
                  2000020c    0000000c     can_rx.obj (.data)
                  20000218    00000008     rtsv7M4_T_le_v4SPD16_eabi.lib : _lock.obj (.data:$O1$$)
                  20000220    00000004                                   : stkdepth_vars.obj (.data)

.bss       0    20000224    00000015     UNINITIALIZED
                  20000224    00000014     (.common:g_sCAN0RxMessage)
                  20000238    00000001     (.common:g_ui8RXMsgData)

MODULE SUMMARY

       Module                     code   ro data   rw data
       ------                     ----   -------   -------
    .\
       can_rx.obj                 628    0         33     
       startup_ccs.obj            12     620       0      
    +--+--------------------------+------+---------+---------+
       Total:                     640    620       33     
                                                          
    C:/ti/TivaWare_C_Series-2.1.3.156/driverlib/ccs/Debug/driverlib.lib
       can.obj                    970    32        0      
       sysctl.obj                 574    108       0      
       gpio.obj                   478    144       0      
       interrupt.obj              136    20        0      
       cpu.obj                    24     0         0      
    +--+--------------------------+------+---------+---------+
       Total:                     2182   304       0      
                                                          
    C:\ti\ccsv7\tools\compiler\ti-cgt-arm_16.9.1.LTS\lib\rtsv7M4_T_le_v4SPD16_eabi.lib
       memcpy_t2.obj              156    0         0      
       memset_t2.obj              122    0         0      
       autoinit.obj               112    0         0      
       copy_decompress_lzss.obj   104    0         0      
       exit.obj                   84     0         12     
       boot.obj                   84     0         0      
       cpy_tbl.obj                76     0         0      
       _lock.obj                  20     0         8      
       args_main.obj              24     0         0      
       copy_decompress_none.obj   14     0         0      
       copy_zero_init.obj         12     0         0      
       pre_init.obj               4      0         0      
       stkdepth_vars.obj          0      0         4      
       mpu_init.obj               2      0         0      
       startup.obj                2      0         0      
    +--+--------------------------+------+---------+---------+
       Total:                     816    0         24     
                                                          
       Stack:                     0      0         512    
       Linker Generated:          0      58        0      
    +--+--------------------------+------+---------+---------+
       Grand Total:               3638   982       569    


LINKER GENERATED COPY TABLES

__TI_cinit_table @ 00001208 records: 2, size/record: 8, table size: 16
	.data: load addr=000011d8, load size=00000016 bytes, run addr=20000200, run size=00000024 bytes, compression=lzss
	.bss: load addr=00001200, load size=00000008 bytes, run addr=20000224, run size=00000015 bytes, compression=zero_init


LINKER GENERATED HANDLER TABLE

__TI_handler_table @ 000011f0 records: 3, size/record: 4, table size: 12
	index: 0, handler: __TI_decompress_lzss
	index: 1, handler: __TI_decompress_none
	index: 2, handler: __TI_zero_init


GLOBAL SYMBOLS: SORTED ALPHABETICALLY BY Name 

address   name                           
-------   ----                           
00000d29  C$$EXIT                        
00000ab9  CAN0IntHandler                 
00000b99  CANBitRateSet                  
0000107b  CANEnable                      
000006f1  CANErrorHandler                
00000e55  CANInit                        
00000f47  CANIntClear                    
00001085  CANIntEnable                   
00000f91  CANIntStatus                   
000005e1  CANMessageGet                  
0000039f  CANMessageSet                  
00000e15  CANStatusGet                   
00001057  CPUcpsid                       
00001063  CPUcpsie                       
00000ec5  GPIODirModeSet                 
0000026d  GPIOPadConfigSet               
00000d7d  GPIOPinConfigure               
00000ffd  GPIOPinTypeCAN                 
00000fcd  GPIOPinTypeGPIOOutput          
0000108d  GPIOPinWrite                   
000008e9  InitCAN0                       
00000c05  IntEnable                      
00001029  IntMasterDisable               
00001039  IntMasterEnable                
00001093  ResetISR                       
UNDEFED   SHT$$INIT_ARRAY$$Base          
UNDEFED   SHT$$INIT_ARRAY$$Limit         
000004d1  SysCtlClockGet                 
000007f5  SysCtlClockSet                 
00001099  SysCtlDelay                    
00000e91  SysCtlPeripheralEnable         
20000200  __STACK_END                    
00000200  __STACK_SIZE                   
20000200  __STACK_TOP                    
00001208  __TI_CINIT_Base                
00001218  __TI_CINIT_Limit               
000011f0  __TI_Handler_Table_Base        
000011fc  __TI_Handler_Table_Limit       
00000b29  __TI_auto_init                 
20000200  __TI_cleanup_ptr               
00000c6d  __TI_decompress_lzss           
00001049  __TI_decompress_none           
20000204  __TI_dtors_ptr                 
20000208  __TI_enable_exit_profile_output
ffffffff  __TI_pprof_out_hndl            
ffffffff  __TI_prof_data_size            
ffffffff  __TI_prof_data_start           
00000000  __TI_static_base__             
0000106f  __TI_zero_init                 
00000a3d  __aeabi_memclr                 
00000a3d  __aeabi_memclr4                
00000a3d  __aeabi_memclr8                
000009a1  __aeabi_memcpy                 
000009a1  __aeabi_memcpy4                
000009a1  __aeabi_memcpy8                
00000a3f  __aeabi_memset                 
00000a3f  __aeabi_memset4                
00000a3f  __aeabi_memset8                
ffffffff  __binit__                      
ffffffff  __c_args__                     
00000e8f  __mpu_init                     
20000000  __stack                        
00000fe5  _args_main                     
00000cd5  _c_int00                       
20000218  _lock                          
00001023  _nop                           
0000101b  _register_lock                 
00001015  _register_unlock               
00001013  _system_post_cinit             
0000109f  _system_pre_init               
2000021c  _unlock                        
00000d2d  abort                          
ffffffff  binit                          
00000dc9  copy_in                        
00000d35  exit                           
20000210  g_bRXFlag                      
00000000  g_pfnVectors                   
20000224  g_sCAN0RxMessage               
20000214  g_ui32ErrFlag                  
2000020c  g_ui32RXMsgCount               
20000238  g_ui8RXMsgData                 
00000ef1  main                           
20000220  main_func_sp                   
000009a1  memcpy                         
00000a45  memset                         
00000fb1  writeLEDs                      


GLOBAL SYMBOLS: SORTED BY Symbol Address 

address   name                           
-------   ----                           
00000000  __TI_static_base__             
00000000  g_pfnVectors                   
00000200  __STACK_SIZE                   
0000026d  GPIOPadConfigSet               
0000039f  CANMessageSet                  
000004d1  SysCtlClockGet                 
000005e1  CANMessageGet                  
000006f1  CANErrorHandler                
000007f5  SysCtlClockSet                 
000008e9  InitCAN0                       
000009a1  __aeabi_memcpy                 
000009a1  __aeabi_memcpy4                
000009a1  __aeabi_memcpy8                
000009a1  memcpy                         
00000a3d  __aeabi_memclr                 
00000a3d  __aeabi_memclr4                
00000a3d  __aeabi_memclr8                
00000a3f  __aeabi_memset                 
00000a3f  __aeabi_memset4                
00000a3f  __aeabi_memset8                
00000a45  memset                         
00000ab9  CAN0IntHandler                 
00000b29  __TI_auto_init                 
00000b99  CANBitRateSet                  
00000c05  IntEnable                      
00000c6d  __TI_decompress_lzss           
00000cd5  _c_int00                       
00000d29  C$$EXIT                        
00000d2d  abort                          
00000d35  exit                           
00000d7d  GPIOPinConfigure               
00000dc9  copy_in                        
00000e15  CANStatusGet                   
00000e55  CANInit                        
00000e8f  __mpu_init                     
00000e91  SysCtlPeripheralEnable         
00000ec5  GPIODirModeSet                 
00000ef1  main                           
00000f47  CANIntClear                    
00000f91  CANIntStatus                   
00000fb1  writeLEDs                      
00000fcd  GPIOPinTypeGPIOOutput          
00000fe5  _args_main                     
00000ffd  GPIOPinTypeCAN                 
00001013  _system_post_cinit             
00001015  _register_unlock               
0000101b  _register_lock                 
00001023  _nop                           
00001029  IntMasterDisable               
00001039  IntMasterEnable                
00001049  __TI_decompress_none           
00001057  CPUcpsid                       
00001063  CPUcpsie                       
0000106f  __TI_zero_init                 
0000107b  CANEnable                      
00001085  CANIntEnable                   
0000108d  GPIOPinWrite                   
00001093  ResetISR                       
00001099  SysCtlDelay                    
0000109f  _system_pre_init               
000011f0  __TI_Handler_Table_Base        
000011fc  __TI_Handler_Table_Limit       
00001208  __TI_CINIT_Base                
00001218  __TI_CINIT_Limit               
20000000  __stack                        
20000200  __STACK_END                    
20000200  __STACK_TOP                    
20000200  __TI_cleanup_ptr               
20000204  __TI_dtors_ptr                 
20000208  __TI_enable_exit_profile_output
2000020c  g_ui32RXMsgCount               
20000210  g_bRXFlag                      
20000214  g_ui32ErrFlag                  
20000218  _lock                          
2000021c  _unlock                        
20000220  main_func_sp                   
20000224  g_sCAN0RxMessage               
20000238  g_ui8RXMsgData                 
ffffffff  __TI_pprof_out_hndl            
ffffffff  __TI_prof_data_size            
ffffffff  __TI_prof_data_start           
ffffffff  __binit__                      
ffffffff  __c_args__                     
ffffffff  binit                          
UNDEFED   SHT$$INIT_ARRAY$$Base          
UNDEFED   SHT$$INIT_ARRAY$$Limit         

[86 symbols]
