******************************************************************************
                  TI ARM Linker PC v18.1.0                     
******************************************************************************
>> Linked Wed Feb 28 16:41:19 2018

OUTPUT FILE NAME:   <HID_Test.out>
ENTRY POINT SYMBOL: "_c_int00"  address: 00002e19


MEMORY CONFIGURATION

         name            origin    length      used     unused   attr    fill
----------------------  --------  ---------  --------  --------  ----  --------
  FLASH                 00000000   00040000  000067e7  00039819  R  X
  SRAM                  20000000   00008000  00001606  000069fa  RW X


SEGMENT ALLOCATION MAP

run origin  load origin   length   init length attrs members
----------  ----------- ---------- ----------- ----- -------
00000000    00000000    000067f0   000067f0    r-x
  00000000    00000000    0000003c   0000003c    r-- .resetVecs
  00000040    00000040    000047e2   000047e2    r-x .text
  00004824    00004824    00001de9   00001de9    r-- .const
  00006610    00006610    000001e0   000001e0    r-- .cinit
20000000    20000000    00001608   00000000    rw-
  20000000    20000000    00000360   00000000    rw- .vecs
  20000360    20000360    00000bec   00000000    rw- .bss
  20000f4c    20000f4c    000003ba   00000000    rw- .data
  20001308    20001308    00000300   00000000    rw- .stack


SECTION ALLOCATION MAP

 output                                  attributes/
section   page    origin      length       input sections
--------  ----  ----------  ----------   ----------------
.text      0    00000040    000047e2     
                  00000040    00000430     sysbios.aem4f : BIOS.obj (.text:ti_sysbios_family_arm_m3_Hwi_excDumpRegs__I)
                  00000470    0000034c     ti.targets.arm.rtsarm.aem4f : System.oem4f (.text:xdc_runtime_System_doPrint__I)
                  000007bc    00000004     rtsv7M4_T_le_v4SPD16_eabi.lib : exit.c.obj (.text:abort:abort)
                  000007c0    000001fc     sysbios.aem4f : BIOS.obj (.text:ti_sysbios_family_arm_m3_Hwi_excHandlerMax__I)
                  000009bc    00000004     empty_min_pem4f.oem4f (.text:ti_sysbios_BIOS_RtsGateProxy_enter__E)
                  000009c0    00000174     sysbios.aem4f : BIOS.obj (.text:ti_sysbios_family_arm_m3_Hwi_excBusFault__I)
                  00000b34    00000004     empty_min_pem4f.oem4f (.text:ti_sysbios_BIOS_RtsGateProxy_leave__E)
                  00000b38    00000164     sysbios.aem4f : BIOS.obj (.text:ti_sysbios_family_arm_m3_Hwi_excUsageFault__I)
                  00000c9c    00000004                   : BIOS.obj (.text:ti_sysbios_family_arm_lm4_Timer_masterEnable__I)
                  00000ca0    00000154                   : BIOS.obj (.text:ti_sysbios_knl_Semaphore_pend__E)
                  00000df4    00000150     drivers_tivaware.aem4f : GPIOTiva.oem4f (.text:GPIO_setConfig)
                  00000f44    00000004     empty_min_pem4f.oem4f (.text:ti_sysbios_family_arm_m3_TaskSupport_Module__startupDone__S)
                  00000f48    00000148     sysbios.aem4f : BIOS.obj (.text:ti_sysbios_family_arm_m3_Hwi_excMemFault__I)
                  00001090    00000130     driverlib.lib : gpio.obj (.text:GPIOPadConfigSet)
                  000011c0    00000118     ti.targets.arm.rtsarm.aem4f : Error.oem4f (.text:xdc_runtime_Error_policyDefault__E)
                  000012d8    00000108     sysbios.aem4f : BIOS.obj (.text:ti_sysbios_family_arm_lm4_Timer_start__E)
                  000013e0    00000100     Boot.aem4f : Boot_sysctl.oem4f (.text:ti_catalog_arm_cortexm4_tiva_ce_Boot_sysCtlClockSetI__I)
                  000014e0    00000100     ti.targets.arm.rtsarm.aem4f : Core-mem.oem4f (.text:xdc_runtime_Core_createObject__I)
                  000015e0    000000f8                                 : Startup.oem4f (.text:xdc_runtime_Startup_startMods__I)
                  000016d8    000000f8     empty_min_pem4f.oem4f (.text:xdc_runtime_System_printfExtend__I)
                  000017d0    000000f4     sysbios.aem4f : m3_Hwi_asm.obj (.text:ti_sysbios_family_arm_m3_Hwi_dispatch__I)
                  000018c4    00000004     empty_min_pem4f.oem4f (.text:ti_sysbios_heaps_HeapMem_Module_GateProxy_enter__E)
                  000018c8    000000dc     sysbios.aem4f : BIOS.obj (.text:ti_sysbios_knl_Task_sleep__E)
                  000019a4    00000004     empty_min_pem4f.oem4f (.text:ti_sysbios_heaps_HeapMem_Module_GateProxy_leave__E)
                  000019a8    000000d4     sysbios.aem4f : BIOS.obj (.text:ti_sysbios_heaps_HeapMem_alloc__E)
                  00001a7c    00000004     empty_min_pem4f.oem4f (.text:ti_sysbios_knl_Clock_TimerProxy_getMaxTicks__E)
                  00001a80    000000cc     sysbios.aem4f : BIOS.obj (.text:ti_sysbios_knl_Task_Instance_init__E)
                  00001b4c    000000cc     ti.targets.arm.rtsarm.aem4f : Core-smem.oem4f (.text:xdc_runtime_Core_constructObject__I)
                  00001c18    000000bc     sysbios.aem4f : BIOS.obj (.text:ti_sysbios_family_arm_m3_Hwi_excDebugMon__I)
                  00001cd4    00000004     empty_min_pem4f.oem4f (.text:ti_sysbios_knl_Queue_destruct)
                  00001cd8    000000bc     sysbios.aem4f : BIOS.obj (.text:ti_sysbios_family_arm_m3_Hwi_excHardFault__I)
                  00001d94    00000004     empty_min_pem4f.oem4f (.text:ti_sysbios_knl_Semaphore_destruct)
                  00001d98    000000bc     sysbios.aem4f : BIOS.obj (.text:ti_sysbios_knl_Task_Instance_finalize__E)
                  00001e54    00000004     ti.targets.arm.rtsarm.aem4f : Error.oem4f (.text:xdc_runtime_Error_getSite__E)
                  00001e58    000000ac     sysbios.aem4f : BIOS.obj (.text:ti_sysbios_family_arm_lm4_Timer_enableTiva__I)
                  00001f04    000000a0     auto_init.aem4f : auto_init.oem4f (.text)
                  00001fa4    000000a0     ti.targets.arm.rtsarm.aem4f : Text.oem4f (.text:xdc_runtime_Text_putMod__E)
                  00002044    0000009c     rtsv7M4_T_le_v4SPD16_eabi.lib : memcpy_t2.asm.obj (.text)
                  000020e0    0000009a     ti.targets.arm.rtsarm.aem4f : Text.oem4f (.text:xdc_runtime_Text_putSite__E)
                  0000217a    00000002     rtsv7M4_T_le_v4SPD16_eabi.lib : _lock.c.obj (.text:_nop)
                  0000217c    00000098     Boot.aem4f : Boot.oem4f (.text:ti_catalog_arm_cortexm4_tiva_ce_Boot_sysCtlClockSet__E)
                  00002214    00000004     empty_min_pem4f.oem4f (.text:xdc_runtime_System_Module_GateProxy_enter__E)
                  00002218    00000094     sysbios.aem4f : BIOS.obj (.text:ti_sysbios_family_arm_m3_Hwi_Instance_init__E)
                  000022ac    00000004     empty_min_pem4f.oem4f (.text:xdc_runtime_System_Module_GateProxy_leave__E)
                  000022b0    00000094     sysbios.aem4f : BIOS.obj (.text:ti_sysbios_family_arm_m3_Hwi_initNVIC__E)
                  00002344    00000004     ti.targets.arm.rtsarm.aem4f : System.oem4f (.text:xdc_runtime_System_aprintf_va__F)
                  00002348    00000094     sysbios.aem4f : BIOS.obj (.text:ti_sysbios_knl_Task_postInit__I)
                  000023dc    0000008c     drivers_tivaware.aem4f : GPIOTiva.oem4f (.text:GPIO_init)
                  00002468    0000008c     sysbios.aem4f : m3_TaskSupport_asm.obj (.text:ti_sysbios_family_arm_m3_TaskSupport_buildTaskStack)
                  000024f4    00000004     ti.targets.arm.rtsarm.aem4f : System.oem4f (.text:xdc_runtime_System_printf_va__F)
                  000024f8    00000084     sysbios.aem4f : BIOS.obj (.text:ti_sysbios_family_arm_m3_Hwi_postInit__I)
                  0000257c    00000002     rtsv7M4_T_le_v4SPD16_eabi.lib : div0.asm.obj (.text)
                  0000257e    00000002     empty_min_pem4f.oem4f (.text:ti_sysbios_BIOS_nullFunc__I)
                  00002580    0000007c     sysbios.aem4f : BIOS.obj (.text:ti_sysbios_heaps_HeapMem_free__E)
                  000025fc    0000007a     rtsv7M4_T_le_v4SPD16_eabi.lib : memset_t2.asm.obj (.text)
                  00002676    00000002     empty_min_pem4f.oem4f (.text:xdc_runtime_Startup_reset__I)
                  00002678    00000070     sysbios.aem4f : BIOS.obj (.text:ti_sysbios_knl_Clock_workFunc__E)
                  000026e8    00000070                   : BIOS.obj (.text:ti_sysbios_knl_Task_exit__E)
                  00002758    0000006d     ti.targets.arm.rtsarm.aem4f : System.oem4f (.text:xdc_runtime_System_formatNum__I)
                  000027c5    00000003     --HOLE-- [fill = 0]
                  000027c8    0000006c     sysbios.aem4f : BIOS.obj (.text:ti_sysbios_knl_Swi_restoreHwi__E)
                  00002834    0000006c     ti.targets.arm.rtsarm.aem4f : Error.oem4f (.text:xdc_runtime_Error_print__E)
                  000028a0    0000006c                                 : Memory.oem4f (.text:xdc_runtime_Memory_alloc__E)
                  0000290c    00000068     rtsv7M4_T_le_v4SPD16_eabi.lib : copy_decompress_lzss.c.obj (.text:decompress:lzss:__TI_decompress_lzss)
                  00002974    00000068     empty_min.obj (.text:main)
                  000029dc    00000066     ti.targets.arm.rtsarm.aem4f : Core-mem.oem4f (.text:xdc_runtime_Core_deleteObject__I)
                  00002a42    00000002     --HOLE-- [fill = 0]
                  00002a44    00000064     drivers_tivaware.aem4f : GPIOTiva.oem4f (.text:GPIO_hwiIntFxn)
                  00002aa8    00000064     sysbios.aem4f : BIOS.obj (.text:ti_sysbios_family_arm_lm4_Timer_Module_startup__E)
                  00002b0c    00000064     empty_min_pem4f.oem4f (.text:ti_sysbios_family_arm_m3_Hwi_create)
                  00002b70    00000064     sysbios.aem4f : BIOS.obj (.text:ti_sysbios_family_arm_m3_Hwi_dispatchC__I)
                  00002bd4    00000004     --HOLE-- [fill = 0]
                  00002bd8    00000064                   : BIOS.obj (.text:ti_sysbios_knl_Semaphore_post__E)
                  00002c3c    00000004     --HOLE-- [fill = 0]
                  00002c40    0000005c                   : BIOS.obj (.text:ti_sysbios_knl_Swi_run__I)
                  00002c9c    00000004     --HOLE-- [fill = 0]
                  00002ca0    0000005c                   : BIOS.obj (.text:ti_sysbios_knl_Swi_schedule__I)
                  00002cfc    00000004     --HOLE-- [fill = 0]
                  00002d00    0000005c                   : BIOS.obj (.text:ti_sysbios_knl_Task_Module_startup__E)
                  00002d5c    00000004     --HOLE-- [fill = 0]
                  00002d60    0000005c                   : BIOS.obj (.text:ti_sysbios_knl_Task_startCore__E)
                  00002dbc    0000005b     ti.targets.arm.rtsarm.aem4f : Text.oem4f (.text:xdc_runtime_Text_putLab__E)
                  00002e17    00000001     --HOLE-- [fill = 0]
                  00002e18    00000058     boot.aem4f : boot.oem4f (.text)
                  00002e70    00000058     rtsv7M4_T_le_v4SPD16_eabi.lib : hostwrite.c.obj (.text:HOSTwrite)
                  00002ec8    00000058     sysbios.aem4f : m3_Hwi_asm_switch.obj (.text:ti_sysbios_family_arm_m3_Hwi_initStacks__E)
                  00002f20    00000056     driverlib.lib : gpio.obj (.text:GPIOIntTypeSet)
                  00002f76    00000002     --HOLE-- [fill = 0]
                  00002f78    00000054     sysbios.aem4f : BIOS.obj (.text:ti_sysbios_family_arm_lm4_Timer_initDevice__I)
                  00002fcc    00000054     empty_min_pem4f.oem4f (.text:ti_sysbios_knl_Task_construct)
                  00003020    00000054     ti.targets.arm.rtsarm.aem4f : Assert.oem4f (.text:xdc_runtime_Assert_raise__I)
                  00003074    00000050     drivers_tivaware.aem4f : GPIOTiva.oem4f (.text:GPIO_setCallback)
                  000030c4    00000050                            : GPIOTiva.oem4f (.text:GPIO_toggle)
                  00003114    00000050                            : GPIOTiva.oem4f (.text:GPIO_write)
                  00003164    00000004     --HOLE-- [fill = 0]
                  00003168    00000050     sysbios.aem4f : BIOS.obj (.text:ti_sysbios_family_arm_m3_Hwi_Module_startup__E)
                  000031b8    00000050     ti.targets.arm.rtsarm.aem4f : Startup.oem4f (.text:xdc_runtime_Startup_exec__E)
                  00003208    00000050                                 : Text.oem4f (.text:xdc_runtime_Text_visitRope2__I)
                  00003258    0000004c     rtsv7M4_T_le_v4SPD16_eabi.lib : cpy_tbl.c.obj (.text:copy_in)
                  000032a4    00000004     --HOLE-- [fill = 0]
                  000032a8    0000004c     sysbios.aem4f : BIOS.obj (.text:ti_sysbios_heaps_HeapMem_getStats__E)
                  000032f4    00000004     --HOLE-- [fill = 0]
                  000032f8    0000004c                   : BIOS.obj (.text:ti_sysbios_knl_Swi_runLoop__I)
                  00003344    00000004     --HOLE-- [fill = 0]
                  00003348    0000004c                   : BIOS.obj (.text:ti_sysbios_knl_Task_allBlockedFunction__I)
                  00003394    00000004     --HOLE-- [fill = 0]
                  00003398    0000004c                   : BIOS.obj (.text:ti_sysbios_knl_Task_schedule__I)
                  000033e4    00000004     --HOLE-- [fill = 0]
                  000033e8    00000048                   : BIOS.obj (.text:ti_sysbios_family_arm_lm4_Timer_enableTimers__I)
                  00003430    00000048                   : BIOS.obj (.text:ti_sysbios_family_arm_m3_Hwi_disableInterrupt__E)
                  00003478    00000048                   : BIOS.obj (.text:ti_sysbios_family_arm_m3_Hwi_enableInterrupt__E)
                  000034c0    00000048                   : BIOS.obj (.text:ti_sysbios_family_arm_m3_Hwi_excReserved__I)
                  00003508    00000046     ti.targets.arm.rtsarm.aem4f : Core-params.oem4f (.text:xdc_runtime_Core_assignParams__I)
                  0000354e    00000002     --HOLE-- [fill = 0]
                  00003550    00000044     sysbios.aem4f : BIOS.obj (.text:ti_sysbios_family_arm_lm4_Timer_isrStub__E)
                  00003594    00000004     --HOLE-- [fill = 0]
                  00003598    00000044                   : BIOS.obj (.text:ti_sysbios_family_arm_m3_Hwi_getStackInfo__E)
                  000035dc    00000004     --HOLE-- [fill = 0]
                  000035e0    00000044                   : BIOS.obj (.text:ti_sysbios_knl_Swi_post__E)
                  00003624    00000044     ti.targets.arm.rtsarm.aem4f : Error.oem4f (.text:xdc_runtime_Error_setX__E)
                  00003668    00000044                                 : SysMin.oem4f (.text:xdc_runtime_SysMin_flush__E)
                  000036ac    00000044                                 : Text.oem4f (.text:xdc_runtime_Text_xprintf__I)
                  000036f0    00000040     EK_TM4C123GXL.obj (.text:EK_TM4C123GXL_initGeneral)
                  00003730    00000040     rtsv7M4_T_le_v4SPD16_eabi.lib : u_divt2.asm.obj (.text)
                  00003770    00000040     sysbios.aem4f : BIOS.obj (.text:ti_sysbios_family_arm_lm4_Timer_startup__E)
                  000037b0    00000040                   : BIOS.obj (.text:ti_sysbios_heaps_HeapMem_Instance_init__E)
                  000037f0    0000003c                   : BIOS.obj (.text:ti_sysbios_family_arm_m3_Hwi_excSvCall__I)
                  0000382c    00000004     --HOLE-- [fill = 0]
                  00003830    0000003c                   : BIOS.obj (.text:ti_sysbios_heaps_HeapMem_init__I)
                  0000386c    00000004     --HOLE-- [fill = 0]
                  00003870    0000003c                   : BIOS.obj (.text:ti_sysbios_knl_Swi_restore__E)
                  000038ac    00000038     rtsv7M4_T_le_v4SPD16_eabi.lib : trgmsg.c.obj (.text:__TI_writemsg)
                  000038e4    00000004     --HOLE-- [fill = 0]
                  000038e8    00000038     sysbios.aem4f : BIOS.obj (.text:ti_sysbios_family_arm_m3_Hwi_excNoIsr__I)
                  00003920    00000038                   : BIOS.obj (.text:ti_sysbios_knl_Task_processVitalTaskFlag__I)
                  00003958    00000038     ti.targets.arm.rtsarm.aem4f : SysMin.oem4f (.text:xdc_runtime_SysMin_putch__E)
                  00003990    00000038                                 : System.oem4f (.text:xdc_runtime_System_atexit__E)
                  000039c8    00000034     driverlib.lib : sysctl.obj (.text:SysCtlPeripheralEnable)
                  000039fc    00000034     rtsv7M4_T_le_v4SPD16_eabi.lib : trgmsg.c.obj (.text:__TI_readmsg)
                  00003a30    00000034     sysbios.aem4f : BIOS.obj (.text:ti_sysbios_family_arm_m3_Hwi_Instance_finalize__E)
                  00003a64    00000004     --HOLE-- [fill = 0]
                  00003a68    00000034                   : BIOS.obj (.text:ti_sysbios_family_arm_m3_Hwi_excNmi__I)
                  00003a9c    00000034     ti.targets.arm.rtsarm.aem4f : Core-label.oem4f (.text:xdc_runtime_Core_assignLabel__I)
                  00003ad0    00000033                                 : Text.oem4f (.text:xdc_runtime_Text_printVisFxn__I)
                  00003b03    00000005     --HOLE-- [fill = 0]
                  00003b08    00000032     sysbios.aem4f : BIOS.obj (.text:ti_sysbios_hal_Hwi_initStack)
                  00003b3a    00000002     --HOLE-- [fill = 0]
                  00003b3c    00000030     EK_TM4C123GXL.obj (.text:EK_TM4C123GXL_initGPIO)
                  00003b6c    00000030     empty_min_pem4f.oem4f (.text:ti_sysbios_BIOS_atExitFunc__I)
                  00003b9c    00000004     --HOLE-- [fill = 0]
                  00003ba0    00000030     sysbios.aem4f : BIOS.obj (.text:ti_sysbios_family_arm_lm4_Timer_stop__E)
                  00003bd0    00000030                   : BIOS.obj (.text:ti_sysbios_family_arm_m3_TaskSupport_start__E)
                  00003c00    00000030     empty_min_pem4f.oem4f (.text:ti_sysbios_gates_GateHwi_Object__create__S)
                  00003c30    00000030     empty_min_pem4f.oem4f (.text:ti_sysbios_gates_GateMutex_Object__create__S)
                  00003c60    00000030     sysbios.aem4f : BIOS.obj (.text:ti_sysbios_gates_GateMutex_enter__E)
                  00003c90    00000030     empty_min_pem4f.oem4f (.text:ti_sysbios_heaps_HeapMem_Object__create__S)
                  00003cc0    00000030     empty_min_pem4f.oem4f (.text:ti_sysbios_knl_Semaphore_construct)
                  00003cf0    00000030     sysbios.aem4f : BIOS.obj (.text:ti_sysbios_knl_Semaphore_pendTimeout__I)
                  00003d20    00000030                   : BIOS.obj (.text:ti_sysbios_knl_Task_unblockI__E)
                  00003d50    00000030     ti.targets.arm.rtsarm.aem4f : SysMin.oem4f (.text:xdc_runtime_SysMin_abort__E)
                  00003d80    00000030                                 : System.oem4f (.text:xdc_runtime_System_processAtExit__E)
                  00003db0    0000002c     empty_min_pem4f.oem4f (.text:ti_sysbios_knl_Clock_doTick__I)
                  00003ddc    0000002c     empty_min_pem4f.oem4f (.text:ti_sysbios_knl_Queue_construct)
                  00003e08    0000002c     sysbios.aem4f : BIOS.obj (.text:ti_sysbios_knl_Task_restore__E)
                  00003e34    0000002c     ti.targets.arm.rtsarm.aem4f : Text.oem4f (.text:xdc_runtime_Text_cordText__E)
                  00003e60    0000002a     driverlib.lib : gpio.obj (.text:GPIODirModeSet)
                  00003e8a    0000002a     ti.targets.arm.rtsarm.aem4f : System.oem4f (.text:xdc_runtime_System_putchar__I)
                  00003eb4    00000004     --HOLE-- [fill = 0]
                  00003eb8    00000028     sysbios.aem4f : BIOS.obj (.text:ti_sysbios_knl_Swi_Module_startup__E)
                  00003ee0    00000026                   : m3_Hwi_asm.obj (.text:ti_sysbios_family_arm_m3_Hwi_pendSV__I)
                  00003f06    00000026     ti.targets.arm.rtsarm.aem4f : System.oem4f (.text:xdc_runtime_System_avprintf__E)
                  00003f2c    00000024     empty_min_pem4f.oem4f (.text:ti_sysbios_BIOS_errorRaiseHook__I)
                  00003f50    00000024     empty_min_pem4f.oem4f (.text:ti_sysbios_BIOS_registerRTSLock__I)
                  00003f74    00000024     empty_min_pem4f.oem4f (.text:ti_sysbios_BIOS_removeRTSLock__I)
                  00003f98    00000024     empty_min_pem4f.oem4f (.text:ti_sysbios_BIOS_startFunc__I)
                  00003fbc    00000024     empty_min_pem4f.oem4f (.text:ti_sysbios_gates_GateMutex_Object__delete__S)
                  00003fe0    00000024     sysbios.aem4f : BIOS.obj (.text:ti_sysbios_knl_Clock_Module_startup__E)
                  00004004    00000004     --HOLE-- [fill = 0]
                  00004008    00000024                   : BIOS.obj (.text:ti_sysbios_knl_Semaphore_Instance_init__E)
                  0000402c    00000004     --HOLE-- [fill = 0]
                  00004030    00000024                   : BIOS.obj (.text:ti_sysbios_knl_Task_restoreHwi__E)
                  00004054    00000024     ti.targets.arm.rtsarm.aem4f : System.oem4f (.text:xdc_runtime_System_vprintf__E)
                  00004078    00000022     sysbios.aem4f : BIOS.obj (.text:ti_sysbios_family_arm_lm4_Timer_write__I)
                  0000409a    00000022     empty_min_pem4f.oem4f (.text:xdc_runtime_SysMin_output__I)
                  000040bc    00000020     empty_min_pem4f.oem4f (.text:ti_sysbios_BIOS_rtsLock__I)
                  000040dc    00000020     sysbios.aem4f : m3_Hwi_asm.obj (.text:ti_sysbios_family_arm_m3_Hwi_excHandlerAsm__I)
                  000040fc    00000004     --HOLE-- [fill = 0]
                  00004100    00000020                   : BIOS.obj (.text:ti_sysbios_family_arm_m3_Hwi_excHandler__I)
                  00004120    00000020     empty_min_pem4f.oem4f (.text:ti_sysbios_gates_GateHwi_Object__delete__S)
                  00004140    00000020     empty_min_pem4f.oem4f (.text:ti_sysbios_heaps_HeapMem_Object__delete__S)
                  00004160    00000020     sysbios.aem4f : BIOS.obj (.text:ti_sysbios_knl_Idle_run__E)
                  00004180    00000020     empty_min_pem4f.oem4f (.text:ti_sysbios_knl_Semaphore_Object__destruct__S)
                  000041a0    00000020     ti.targets.arm.rtsarm.aem4f : Registry.oem4f (.text:xdc_runtime_Registry_findById__E)
                  000041c0    00000020                                 : SysMin.oem4f (.text:xdc_runtime_SysMin_Module_startup__E)
                  000041e0    0000001e     sysbios.aem4f : m3_Hwi_asm_switch.obj (.text:ti_sysbios_family_xxx_Hwi_switchAndRunFunc)
                  000041fe    0000001c     drivers_tivaware.aem4f : GPIOTiva.oem4f (.text:getGpioIntIndex)
                  0000421a    00000006     driverlib.lib : gpio.obj (.text:GPIOIntClear)
                  00004220    0000001c     sysbios.aem4f : BIOS.obj (.text:ti_sysbios_gates_GateMutex_Instance_init__E)
                  0000423c    0000001c     empty_min_pem4f.oem4f (.text:ti_sysbios_knl_Queue_Object__destruct__S)
                  00004258    0000001c     sysbios.aem4f : BIOS.obj (.text:ti_sysbios_knl_Queue_put__E)
                  00004274    00000004     --HOLE-- [fill = 0]
                  00004278    0000001c                   : BIOS.obj (.text:ti_sysbios_knl_Task_enter__I)
                  00004294    0000001c     ti.targets.arm.rtsarm.aem4f : Error.oem4f (.text:xdc_runtime_Error_raiseX__E)
                  000042b0    0000001c                                 : Memory.oem4f (.text:xdc_runtime_Memory_valloc__E)
                  000042cc    0000001c                                 : SysMin.oem4f (.text:xdc_runtime_SysMin_exit__E)
                  000042e8    0000001c                                 : System.oem4f (.text:xdc_runtime_System_abort__E)
                  00004304    0000001a     empty_min_pem4f.oem4f (.text:ti_sysbios_family_arm_m3_Hwi_Handle__label__S)
                  0000431e    0000001a     empty_min_pem4f.oem4f (.text:ti_sysbios_gates_GateHwi_Handle__label__S)
                  00004338    0000001a     empty_min_pem4f.oem4f (.text:ti_sysbios_gates_GateMutex_Handle__label__S)
                  00004352    0000001a     empty_min_pem4f.oem4f (.text:ti_sysbios_heaps_HeapMem_Handle__label__S)
                  0000436c    0000001a     empty_min_pem4f.oem4f (.text:ti_sysbios_knl_Swi_Handle__label__S)
                  00004386    0000001a     empty_min_pem4f.oem4f (.text:ti_sysbios_knl_Task_Handle__label__S)
                  000043a0    0000001a     empty_min_pem4f.oem4f (.text:xdc_runtime_System_aprintf__E)
                  000043ba    0000001a     empty_min_pem4f.oem4f (.text:xdc_runtime_System_printf__E)
                  000043d4    00000018     rtsv7M4_T_le_v4SPD16_eabi.lib : args_main.c.obj (.text:_args_main)
                  000043ec    00000018     empty_min_pem4f.oem4f (.text:ti_sysbios_BIOS_rtsUnlock__I)
                  00004404    00000018     empty_min_pem4f.oem4f (.text:ti_sysbios_family_arm_lm4_Timer_Module__startupDone__F)
                  0000441c    00000018     empty_min_pem4f.oem4f (.text:ti_sysbios_family_arm_m3_Hwi_Module__startupDone__F)
                  00004434    00000018     sysbios.aem4f : m3_TaskSupport_asm.obj (.text:ti_sysbios_family_arm_m3_TaskSupport_swap__E)
                  0000444c    00000004     --HOLE-- [fill = 0]
                  00004450    00000018                   : BIOS.obj (.text:ti_sysbios_gates_GateMutex_leave__E)
                  00004468    00000018                   : BIOS.obj (.text:ti_sysbios_knl_Task_sleepTimeout__I)
                  00004480    00000018     ti.targets.arm.rtsarm.aem4f : Error.oem4f (.text:xdc_runtime_Error_check__E)
                  00004498    00000018                                 : System.oem4f (.text:xdc_runtime_System_exit__E)
                  000044b0    00000018                                 : Text.oem4f (.text:xdc_runtime_Text_ropeText__E)
                  000044c8    00000016     empty_min_pem4f.oem4f (.text:ti_sysbios_BIOS_exitFunc__I)
                  000044de    00000016     empty_min.obj (.text:ti_sysbios_knl_Task_Params_init)
                  000044f4    00000014     driverlib.lib : sysctl.obj (.text:SysCtlUSBPLLEnable)
                  00004508    00000014     empty_min.obj (.text:heartBeatFxn)
                  0000451c    00000014     rtsv7M4_T_le_v4SPD16_eabi.lib : strlen.c.obj (.text:strlen)
                  00004530    00000014     empty_min_pem4f.oem4f (.text:ti_sysbios_family_arm_m3_Hwi_Object__get__S)
                  00004544    00000004     --HOLE-- [fill = 0]
                  00004548    00000014     sysbios.aem4f : BIOS.obj (.text:ti_sysbios_family_arm_m3_Hwi_switchFromBootStack__E)
                  0000455c    00000014     empty_min_pem4f.oem4f (.text:ti_sysbios_heaps_HeapMem_Object__get__S)
                  00004570    00000014     empty_min_pem4f.oem4f (.text:ti_sysbios_knl_Swi_Object__get__S)
                  00004584    00000012     driverlib.lib : gpio.obj (.text:GPIOPinTypeGPIOInput)
                  00004596    00000012                   : gpio.obj (.text:GPIOPinTypeUSBAnalog)
                  000045a8    00000012     sysbios.aem4f : BIOS.obj (.text:ti_sysbios_hal_Hwi_Module_startup__E)
                  000045ba    00000012     empty_min_pem4f.oem4f (.text:xdc_runtime_Startup_exec__I)
                  000045cc    00000004     --HOLE-- [fill = 0]
                  000045d0    00000010     sysbios.aem4f : BIOS.obj (.text:ti_sysbios_BIOS_setThreadType__E)
                  000045e0    00000010                   : BIOS.obj (.text:ti_sysbios_BIOS_start__E)
                  000045f0    00000010                   : m3_TaskSupport_asm.obj (.text:ti_sysbios_family_arm_m3_TaskSupport_glue)
                  00004600    00000010                   : BIOS.obj (.text:ti_sysbios_gates_GateMutex_Instance_finalize__E)
                  00004610    00000010                   : BIOS.obj (.text:ti_sysbios_knl_Semaphore_Instance_finalize__E)
                  00004620    00000010                   : BIOS.obj (.text:ti_sysbios_knl_Swi_disable__E)
                  00004630    00000010                   : BIOS.obj (.text:ti_sysbios_knl_Task_disable__E)
                  00004640    00000010     ti.targets.arm.rtsarm.aem4f : Gate.oem4f (.text:xdc_runtime_Gate_leaveSystem__E)
                  00004650    00000010                                 : Memory.oem4f (.text:xdc_runtime_Memory_free__E)
                  00004660    00000010                                 : SysMin.oem4f (.text:xdc_runtime_SysMin_ready__E)
                  00004670    00000010                                 : System.oem4f (.text:xdc_runtime_System_vsnprintf__E)
                  00004680    00000010     empty_min_pem4f.oem4f (.text:xdc_runtime_Text_visitRope__I)
                  00004690    0000000e     driverlib.lib : gpio.obj (.text:GPIOIntStatus)
                  0000469e    0000000e     rtsv7M4_T_le_v4SPD16_eabi.lib : copy_decompress_none.c.obj (.text:decompress:none:__TI_decompress_none)
                  000046ac    00000004     --HOLE-- [fill = 0]
                  000046b0    0000000e     sysbios.aem4f : BIOS.obj (.text:ti_sysbios_knl_Queue_empty__E)
                  000046be    0000000e     empty_min_pem4f.oem4f (.text:ti_sysbios_knl_Task_Object__get__S)
                  000046cc    0000000c     empty_min_pem4f.oem4f (.text:.bootCodeSection:ti_catalog_arm_cortexm4_tiva_ce_Boot_init__I)
                  000046d8    0000000c     rtsv7M4_T_le_v4SPD16_eabi.lib : _lock.c.obj (.text:_register_lock)
                  000046e4    0000000c                                   : _lock.c.obj (.text:_register_unlock)
                  000046f0    0000000c                                   : copy_zero_init.c.obj (.text:decompress:ZI:__TI_zero_init)
                  000046fc    00000004     --HOLE-- [fill = 0]
                  00004700    0000000c     sysbios.aem4f : BIOS.obj (.text:ti_sysbios_family_arm_lm4_Timer_getMaxTicks__E)
                  0000470c    0000000c     empty_min_pem4f.oem4f (.text:ti_sysbios_family_arm_m3_Hwi_Params__init__S)
                  00004718    0000000c     sysbios.aem4f : BIOS.obj (.text:ti_sysbios_family_arm_m3_Hwi_disableFxn__E)
                  00004724    00000004     --HOLE-- [fill = 0]
                  00004728    0000000c                   : BIOS.obj (.text:ti_sysbios_family_arm_m3_TaskSupport_getStackAlignment__E)
                  00004734    00000004     --HOLE-- [fill = 0]
                  00004738    0000000c                   : BIOS.obj (.text:ti_sysbios_gates_GateHwi_enter__E)
                  00004744    0000000c     empty_min_pem4f.oem4f (.text:ti_sysbios_knl_Queue_Object__get__S)
                  00004750    0000000c     empty_min_pem4f.oem4f (.text:ti_sysbios_knl_Task_Params__init__S)
                  0000475c    0000000c     ti.targets.arm.rtsarm.aem4f : Error.oem4f (.text:xdc_runtime_Error_init__E)
                  00004768    0000000c                                 : Gate.oem4f (.text:xdc_runtime_Gate_enterSystem__E)
                  00004774    0000000c                                 : Memory.oem4f (.text:xdc_runtime_Memory_calloc__E)
                  00004780    0000000c                                 : Memory.oem4f (.text:xdc_runtime_Memory_getMaxDefaultTypeAlign__E)
                  0000478c    0000000a     empty_min_pem4f.oem4f (.text:xdc_runtime_IHeap_alloc)
                  00004796    0000000a     empty_min_pem4f.oem4f (.text:xdc_runtime_IHeap_free)
                  000047a0    00000008     sysbios.aem4f : BIOS.obj (.text:ti_sysbios_family_arm_lm4_Timer_masterDisable__I)
                  000047a8    00000008                   : BIOS.obj (.text:ti_sysbios_family_arm_m3_Hwi_doSwiRestore__I)
                  000047b0    00000008                   : BIOS.obj (.text:ti_sysbios_family_arm_m3_Hwi_startup__E)
                  000047b8    00000006     driverlib.lib : gpio.obj (.text:GPIOPinRead)
                  000047be    00000006                   : gpio.obj (.text:GPIOPinWrite)
                  000047c4    00000006     Boot.aem4f : Boot_sysctl.oem4f (.text:ti_catalog_arm_cortexm4_tiva_ce_Boot_sysCtlDelayI__I)
                  000047ca    00000006     ti.targets.arm.rtsarm.aem4f : System.oem4f (.text:xdc_runtime_System_Module_startup__E)
                  000047d0    00000006     sysbios.aem4f : BIOS.obj (.text:ti_sysbios_family_arm_m3_Hwi_doTaskRestore__I)
                  000047d6    00000002     --HOLE-- [fill = 0]
                  000047d8    00000006                   : BIOS.obj (.text:ti_sysbios_family_arm_m3_Hwi_restoreFxn__E)
                  000047de    00000002     --HOLE-- [fill = 0]
                  000047e0    00000006                   : BIOS.obj (.text:ti_sysbios_gates_GateHwi_leave__E)
                  000047e6    00000002     --HOLE-- [fill = 0]
                  000047e8    00000006                   : BIOS.obj (.text:ti_sysbios_heaps_HeapMem_isBlocking__E)
                  000047ee    00000002     --HOLE-- [fill = 0]
                  000047f0    00000006                   : BIOS.obj (.text:ti_sysbios_knl_Queue_Instance_init__E)
                  000047f6    00000002     --HOLE-- [fill = 0]
                  000047f8    00000006                   : BIOS.obj (.text:ti_sysbios_knl_Swi_startup__E)
                  000047fe    00000002     --HOLE-- [fill = 0]
                  00004800    00000004                   : BIOS.obj (.text:ti_sysbios_gates_GateHwi_query__E)
                  00004804    00000004     --HOLE-- [fill = 0]
                  00004808    00000004                   : BIOS.obj (.text:ti_sysbios_gates_GateMutex_query__E)
                  0000480c    00000004     --HOLE-- [fill = 0]
                  00004810    00000004                   : BIOS.obj (.text:ti_sysbios_knl_Task_startup__E)
                  00004814    00000004     --HOLE-- [fill = 0]
                  00004818    00000002                   : BIOS.obj (.text:ti_sysbios_gates_GateHwi_Instance_init__E)
                  0000481a    00000006     --HOLE-- [fill = 0]
                  00004820    00000002                   : BIOS.obj (.text:ti_sysbios_knl_Clock_logTick__E)

.const     0    00004824    00001de9     
                  00004824    00001844     empty_min_pem4f.oem4f (.const:xdc_runtime_Text_charTab__A)
                  00006068    000000bc     empty_min_pem4f.oem4f (.const:xdc_runtime_Text_nodeTab__A)
                  00006124    00000054     drivers_tivaware.aem4f : GPIOTiva.oem4f (.const:.string)
                  00006178    00000048     empty_min_pem4f.oem4f (.const:.string)
                  000061c0    00000048     drivers_tivaware.aem4f : GPIOTiva.oem4f (.const:gpioBaseAddresses)
                  00006208    0000003c     empty_min_pem4f.oem4f (.const:ti_sysbios_knl_Task_Object__PARAMS__C)
                  00006244    00000030     empty_min_pem4f.oem4f (.const:ti_sysbios_family_arm_m3_Hwi_Object__PARAMS__C)
                  00006274    00000028     empty_min_pem4f.oem4f (.const:ti_sysbios_heaps_HeapMem_Module__FXNS__C)
                  0000629c    00000024     empty_min_pem4f.oem4f (.const:ti_sysbios_gates_GateHwi_Module__FXNS__C)
                  000062c0    00000024     empty_min_pem4f.oem4f (.const:ti_sysbios_gates_GateMutex_Module__FXNS__C)
                  000062e4    00000024     empty_min_pem4f.oem4f (.const:ti_sysbios_heaps_HeapMem_Object__PARAMS__C)
                  00006308    00000024     empty_min_pem4f.oem4f (.const:ti_sysbios_knl_Semaphore_Object__PARAMS__C)
                  0000632c    00000020     empty_min_pem4f.oem4f (.const:ti_sysbios_family_arm_m3_Hwi_Object__DESC__C)
                  0000634c    00000020     empty_min_pem4f.oem4f (.const:ti_sysbios_gates_GateHwi_Object__DESC__C)
                  0000636c    00000020     empty_min_pem4f.oem4f (.const:ti_sysbios_gates_GateMutex_Object__DESC__C)
                  0000638c    00000020     empty_min_pem4f.oem4f (.const:ti_sysbios_heaps_HeapMem_Object__DESC__C)
                  000063ac    00000020     empty_min_pem4f.oem4f (.const:ti_sysbios_knl_Queue_Object__DESC__C)
                  000063cc    00000020     empty_min_pem4f.oem4f (.const:ti_sysbios_knl_Semaphore_Object__DESC__C)
                  000063ec    00000020     empty_min_pem4f.oem4f (.const:ti_sysbios_knl_Task_Object__DESC__C)
                  0000640c    00000020     empty_min_pem4f.oem4f (.const:xdc_runtime_Startup_sfxnTab__A)
                  0000642c    00000018     empty_min_pem4f.oem4f (.const:ti_sysbios_gates_GateHwi_Object__PARAMS__C)
                  00006444    00000018     empty_min_pem4f.oem4f (.const:ti_sysbios_gates_GateMutex_Object__PARAMS__C)
                  0000645c    00000018     empty_min_pem4f.oem4f (.const:ti_sysbios_knl_Queue_Object__PARAMS__C)
                  00006474    00000014     EK_TM4C123GXL.obj (.const:GPIOTiva_config)
                  00006488    00000014     empty_min_pem4f.oem4f (.const:xdc_runtime_Startup_firstFxns__A)
                  0000649c    00000010     empty_min_pem4f.oem4f (.const:xdc_runtime_Startup_sfxnRts__A)
                  000064ac    00000008     empty_min_pem4f.oem4f (.const:ti_sysbios_family_arm_m3_Hwi_excHookFuncs__A)
                  000064b4    00000008     empty_min_pem4f.oem4f (.const:ti_sysbios_knl_Idle_funcList__C)
                  000064bc    00000008     empty_min_pem4f.oem4f (.const:xdc_runtime_Startup_firstFxns__C)
                  000064c4    00000008     empty_min_pem4f.oem4f (.const:xdc_runtime_Startup_lastFxns__C)
                  000064cc    00000004     empty_min_pem4f.oem4f (.const:ti_catalog_arm_cortexm4_tiva_ce_Boot_A_mustUseEnhancedClockMode__C)
                  000064d0    00000004     empty_min_pem4f.oem4f (.const:ti_catalog_arm_cortexm4_tiva_ce_Boot_Module__diagsEnabled__C)
                  000064d4    00000004     empty_min_pem4f.oem4f (.const:ti_catalog_arm_cortexm4_tiva_ce_Boot_Module__diagsIncluded__C)
                  000064d8    00000004     empty_min_pem4f.oem4f (.const:ti_catalog_arm_cortexm4_tiva_ce_Boot_Module__diagsMask__C)
                  000064dc    00000004     empty_min_pem4f.oem4f (.const:ti_sysbios_family_arm_lm4_Timer_enableFunc__C)
                  000064e0    00000004     empty_min_pem4f.oem4f (.const:ti_sysbios_family_arm_lm4_Timer_numTimerDevices__C)
                  000064e4    00000004     empty_min_pem4f.oem4f (.const:ti_sysbios_family_arm_lm4_Timer_startupNeeded__C)
                  000064e8    00000004     empty_min_pem4f.oem4f (.const:ti_sysbios_family_arm_m3_Hwi_E_NMI__C)
                  000064ec    00000004     empty_min_pem4f.oem4f (.const:ti_sysbios_family_arm_m3_Hwi_E_alreadyDefined__C)
                  000064f0    00000004     empty_min_pem4f.oem4f (.const:ti_sysbios_family_arm_m3_Hwi_E_busFault__C)
                  000064f4    00000004     empty_min_pem4f.oem4f (.const:ti_sysbios_family_arm_m3_Hwi_E_debugMon__C)
                  000064f8    00000004     empty_min_pem4f.oem4f (.const:ti_sysbios_family_arm_m3_Hwi_E_hardFault__C)
                  000064fc    00000004     empty_min_pem4f.oem4f (.const:ti_sysbios_family_arm_m3_Hwi_E_memFault__C)
                  00006500    00000004     empty_min_pem4f.oem4f (.const:ti_sysbios_family_arm_m3_Hwi_E_noIsr__C)
                  00006504    00000004     empty_min_pem4f.oem4f (.const:ti_sysbios_family_arm_m3_Hwi_E_reserved__C)
                  00006508    00000004     empty_min_pem4f.oem4f (.const:ti_sysbios_family_arm_m3_Hwi_E_svCall__C)
                  0000650c    00000004     empty_min_pem4f.oem4f (.const:ti_sysbios_family_arm_m3_Hwi_E_usageFault__C)
                  00006510    00000004     empty_min_pem4f.oem4f (.const:ti_sysbios_family_arm_m3_Hwi_NUM_INTERRUPTS__C)
                  00006514    00000004     empty_min_pem4f.oem4f (.const:ti_sysbios_family_arm_m3_Hwi_Object__count__C)
                  00006518    00000004     empty_min_pem4f.oem4f (.const:ti_sysbios_family_arm_m3_Hwi_ccr__C)
                  0000651c    00000004     empty_min_pem4f.oem4f (.const:ti_sysbios_family_arm_m3_Hwi_excHandlerFunc__C)
                  00006520    00000004     empty_min_pem4f.oem4f (.const:ti_sysbios_family_arm_m3_Hwi_excHookFuncs__C)
                  00006524    00000004     empty_min_pem4f.oem4f (.const:ti_sysbios_family_arm_m3_Hwi_nullIsrFunc__C)
                  00006528    00000004     empty_min_pem4f.oem4f (.const:ti_sysbios_family_arm_m3_Hwi_priGroup__C)
                  0000652c    00000004     empty_min_pem4f.oem4f (.const:ti_sysbios_family_arm_m3_TaskSupport_stackAlignment__C)
                  00006530    00000004     empty_min_pem4f.oem4f (.const:ti_sysbios_gates_GateMutex_Instance_State_sem__O)
                  00006534    00000004     empty_min_pem4f.oem4f (.const:ti_sysbios_heaps_HeapMem_E_memory__C)
                  00006538    00000004     empty_min_pem4f.oem4f (.const:ti_sysbios_heaps_HeapMem_Module__gateObj__C)
                  0000653c    00000004     empty_min_pem4f.oem4f (.const:ti_sysbios_heaps_HeapMem_Object__count__C)
                  00006540    00000004     empty_min_pem4f.oem4f (.const:ti_sysbios_heaps_HeapMem_reqAlign__C)
                  00006544    00000004     empty_min_pem4f.oem4f (.const:ti_sysbios_knl_Clock_Module_State_clockQ__O)
                  00006548    00000004     empty_min_pem4f.oem4f (.const:ti_sysbios_knl_Semaphore_Instance_State_pendQ__O)
                  0000654c    00000004     empty_min_pem4f.oem4f (.const:ti_sysbios_knl_Swi_Object__count__C)
                  00006550    00000004     empty_min_pem4f.oem4f (.const:ti_sysbios_knl_Task_Module_State_inactiveQ__O)
                  00006554    00000004     empty_min_pem4f.oem4f (.const:ti_sysbios_knl_Task_Object__count__C)
                  00006558    00000004     empty_min_pem4f.oem4f (.const:ti_sysbios_knl_Task_allBlockedFunc__C)
                  0000655c    00000004     empty_min_pem4f.oem4f (.const:ti_sysbios_knl_Task_defaultStackHeap__C)
                  00006560    00000004     empty_min_pem4f.oem4f (.const:ti_sysbios_knl_Task_defaultStackSize__C)
                  00006564    00000004     empty_min_pem4f.oem4f (.const:ti_sysbios_knl_Task_numConstructedTasks__C)
                  00006568    00000004     empty_min_pem4f.oem4f (.const:xdc_runtime_Assert_E_assertFailed__C)
                  0000656c    00000004     empty_min_pem4f.oem4f (.const:xdc_runtime_Core_A_initializedParams__C)
                  00006570    00000004     empty_min_pem4f.oem4f (.const:xdc_runtime_Core_Module__diagsEnabled__C)
                  00006574    00000004     empty_min_pem4f.oem4f (.const:xdc_runtime_Core_Module__diagsIncluded__C)
                  00006578    00000004     empty_min_pem4f.oem4f (.const:xdc_runtime_Core_Module__diagsMask__C)
                  0000657c    00000004     empty_min_pem4f.oem4f (.const:xdc_runtime_Error_E_memory__C)
                  00006580    00000004     empty_min_pem4f.oem4f (.const:xdc_runtime_Error_Module__diagsEnabled__C)
                  00006584    00000004     empty_min_pem4f.oem4f (.const:xdc_runtime_Error_Module__diagsIncluded__C)
                  00006588    00000004     empty_min_pem4f.oem4f (.const:xdc_runtime_Error_Module__diagsMask__C)
                  0000658c    00000004     empty_min_pem4f.oem4f (.const:xdc_runtime_Error_Module__loggerFxn8__C)
                  00006590    00000004     empty_min_pem4f.oem4f (.const:xdc_runtime_Error_Module__loggerObj__C)
                  00006594    00000004     empty_min_pem4f.oem4f (.const:xdc_runtime_Error_policyFxn__C)
                  00006598    00000004     empty_min_pem4f.oem4f (.const:xdc_runtime_Error_raiseHook__C)
                  0000659c    00000004     empty_min_pem4f.oem4f (.const:xdc_runtime_IGateProvider_Interface__BASE__C)
                  000065a0    00000004     empty_min_pem4f.oem4f (.const:xdc_runtime_IHeap_Interface__BASE__C)
                  000065a4    00000004     empty_min_pem4f.oem4f (.const:xdc_runtime_IModule_Interface__BASE__C)
                  000065a8    00000004     empty_min_pem4f.oem4f (.const:xdc_runtime_Log_L_error__C)
                  000065ac    00000004     empty_min_pem4f.oem4f (.const:xdc_runtime_Memory_defaultHeapInstance__C)
                  000065b0    00000004     empty_min_pem4f.oem4f (.const:xdc_runtime_Startup_execImpl__C)
                  000065b4    00000004     empty_min_pem4f.oem4f (.const:xdc_runtime_Startup_maxPasses__C)
                  000065b8    00000004     empty_min_pem4f.oem4f (.const:xdc_runtime_Startup_sfxnRts__C)
                  000065bc    00000004     empty_min_pem4f.oem4f (.const:xdc_runtime_Startup_sfxnTab__C)
                  000065c0    00000004     empty_min_pem4f.oem4f (.const:xdc_runtime_SysMin_bufSize__C)
                  000065c4    00000004     empty_min_pem4f.oem4f (.const:xdc_runtime_SysMin_outputFunc__C)
                  000065c8    00000004     empty_min_pem4f.oem4f (.const:xdc_runtime_System_Module__gateObj__C)
                  000065cc    00000004     empty_min_pem4f.oem4f (.const:xdc_runtime_System_abortFxn__C)
                  000065d0    00000004     empty_min_pem4f.oem4f (.const:xdc_runtime_System_exitFxn__C)
                  000065d4    00000004     empty_min_pem4f.oem4f (.const:xdc_runtime_System_extendFxn__C)
                  000065d8    00000004     empty_min_pem4f.oem4f (.const:xdc_runtime_System_maxAtexitHandlers__C)
                  000065dc    00000004     empty_min_pem4f.oem4f (.const:xdc_runtime_Text_charTab__C)
                  000065e0    00000004     empty_min_pem4f.oem4f (.const:xdc_runtime_Text_nameEmpty__C)
                  000065e4    00000004     empty_min_pem4f.oem4f (.const:xdc_runtime_Text_nameStatic__C)
                  000065e8    00000004     empty_min_pem4f.oem4f (.const:xdc_runtime_Text_nameUnknown__C)
                  000065ec    00000004     empty_min_pem4f.oem4f (.const:xdc_runtime_Text_nodeTab__C)
                  000065f0    00000004     empty_min_pem4f.oem4f (.const:xdc_runtime_Text_visitRopeFxn__C)
                  000065f4    00000002     empty_min_pem4f.oem4f (.const:ti_catalog_arm_cortexm4_tiva_ce_Boot_Module__id__C)
                  000065f6    00000002     empty_min_pem4f.oem4f (.const:ti_sysbios_family_arm_m3_Hwi_Module__id__C)
                  000065f8    00000002     empty_min_pem4f.oem4f (.const:ti_sysbios_heaps_HeapMem_Module__id__C)
                  000065fa    00000002     empty_min_pem4f.oem4f (.const:xdc_runtime_Core_Module__id__C)
                  000065fc    00000002     empty_min_pem4f.oem4f (.const:xdc_runtime_Error_Module__loggerDefined__C)
                  000065fe    00000002     empty_min_pem4f.oem4f (.const:xdc_runtime_Error_maxDepth__C)
                  00006600    00000002     empty_min_pem4f.oem4f (.const:xdc_runtime_Memory_Module__id__C)
                  00006602    00000002     empty_min_pem4f.oem4f (.const:xdc_runtime_SysMin_flushAtExit__C)
                  00006604    00000002     empty_min_pem4f.oem4f (.const:xdc_runtime_Text_charCnt__C)
                  00006606    00000002     empty_min_pem4f.oem4f (.const:xdc_runtime_Text_isLoaded__C)
                  00006608    00000002     empty_min_pem4f.oem4f (.const:xdc_runtime_Text_registryModsLastId__C)
                  0000660a    00000002     empty_min_pem4f.oem4f (.const:xdc_runtime_Text_unnamedModsLastId__C)
                  0000660c    00000001     empty_min_pem4f.oem4f (.const:xdc_runtime_Error_policy__C)

.cinit     0    00006610    000001e0     
                  00006610    000001ac     (.cinit..data.load) [load image, compression = lzss]
                  000067bc    0000000c     (__TI_handler_table)
                  000067c8    00000008     (.cinit..bss.load) [load image, compression = zero_init]
                  000067d0    00000008     (.cinit..vecs.load) [load image, compression = zero_init]
                  000067d8    00000018     (__TI_cinit_table)

.init_array 
*          0    00000000    00000000     UNINITIALIZED

.resetVecs 
*          0    00000000    0000003c     
                  00000000    0000003c     empty_min_pem4f.oem4f (.resetVecs)

.bss       0    20000360    00000bec     UNINITIALIZED
                  20000360    00000400     (.common:ti_sysbios_heaps_HeapMem_Instance_State_0_buf__A)
                  20000760    00000360     (.common:ti_sysbios_family_arm_m3_Hwi_dispatchTable)
                  20000ac0    00000200     (.common:task0Stack)
                  20000cc0    00000120     rtsv7M4_T_le_v4SPD16_eabi.lib : trgmsg.c.obj (.bss:_CIOBUF_)
                  20000de0    00000090     drivers_tivaware.aem4f : GPIOTiva.oem4f (.bss:gpioCallbackInfo)
                  20000e70    00000080     (.common:xdc_runtime_SysMin_Module_State_0_outbuf__A)
                  20000ef0    00000050     (.common:task0Struct)
                  20000f40    00000008     (.common:parmbuf)
                  20000f48    00000004     (.common:gpioInterruptVectors)

.data      0    20000f4c    000003ba     UNINITIALIZED
                  20000f4c    00000080     empty_min_pem4f.oem4f (.data:ti_sysbios_knl_Swi_Module_State_0_readyQ__A)
                  20000fcc    00000080     empty_min_pem4f.oem4f (.data:ti_sysbios_knl_Task_Module_State_0_readyQ__A)
                  2000104c    00000044     empty_min_pem4f.oem4f (.data:ti_sysbios_knl_Task_Module__state__V)
                  20001090    00000040     empty_min_pem4f.oem4f (.data:ti_sysbios_family_arm_lm4_Timer_Object__table__V)
                  200010d0    00000038     empty_min_pem4f.oem4f (.data:ti_sysbios_gates_GateMutex_Object__table__V)
                  20001108    00000034     empty_min_pem4f.oem4f (.data:ti_sysbios_family_arm_m3_Hwi_Module__state__V)
                  2000113c    00000030     empty_min_pem4f.oem4f (.data:ti_sysbios_family_arm_lm4_Timer_Module_State_0_device__A)
                  2000116c    00000030     empty_min_pem4f.oem4f (.data:ti_sysbios_knl_Swi_Object__table__V)
                  2000119c    0000002c     empty_min_pem4f.oem4f (.data:ti_sysbios_knl_Clock_Module__state__V)
                  200011c8    00000024     empty_min_pem4f.oem4f (.data:ti_sysbios_BIOS_Module__state__V)
                  200011ec    0000001c     empty_min_pem4f.oem4f (.data:ti_sysbios_knl_Swi_Module__state__V)
                  20001208    00000018     empty_min_pem4f.oem4f (.data:ti_sysbios_family_arm_lm4_Timer_Module_State_0_handles__A)
                  20001220    00000018     empty_min_pem4f.oem4f (.data:ti_sysbios_family_arm_m3_Hwi_Object__table__V)
                  20001238    00000018     empty_min_pem4f.oem4f (.data:ti_sysbios_heaps_HeapMem_Object__table__V)
                  20001250    00000014     EK_TM4C123GXL.obj (.data:gpioPinConfigs)
                  20001264    0000000c     empty_min_pem4f.oem4f (.data:ti_sysbios_family_arm_lm4_Timer_Module__state__V)
                  20001270    0000000c     empty_min_pem4f.oem4f (.data:xdc_runtime_SysMin_Module__state__V)
                  2000127c    00000008     rtsv7M4_T_le_v4SPD16_eabi.lib : _lock.c.obj (.data:$O1$$)
                  20001284    00000008     EK_TM4C123GXL.obj (.data:gpioCallbackFunctions)
                  2000128c    00000008     empty_min_pem4f.oem4f (.data:ti_sysbios_family_arm_m3_Hwi_Module__root__V)
                  20001294    00000008     empty_min_pem4f.oem4f (.data:ti_sysbios_gates_GateHwi_Module__root__V)
                  2000129c    00000008     empty_min_pem4f.oem4f (.data:ti_sysbios_gates_GateMutex_Module__root__V)
                  200012a4    00000008     empty_min_pem4f.oem4f (.data:ti_sysbios_heaps_HeapMem_Module__root__V)
                  200012ac    00000008     empty_min_pem4f.oem4f (.data:ti_sysbios_knl_Queue_Module__root__V)
                  200012b4    00000008     empty_min_pem4f.oem4f (.data:ti_sysbios_knl_Semaphore_Module__root__V)
                  200012bc    00000008     empty_min_pem4f.oem4f (.data:ti_sysbios_knl_Task_Module__root__V)
                  200012c4    00000008     empty_min_pem4f.oem4f (.data:xdc_runtime_Registry_Module__state__V)
                  200012cc    00000008     empty_min_pem4f.oem4f (.data:xdc_runtime_Startup_Module__state__V)
                  200012d4    00000008     empty_min_pem4f.oem4f (.data:xdc_runtime_System_Module_State_0_atexitHandlers__A)
                  200012dc    00000008     empty_min_pem4f.oem4f (.data:xdc_runtime_System_Module__state__V)
                  200012e4    00000005     drivers_tivaware.aem4f : GPIOTiva.oem4f (.data)
                  200012e9    00000001     --HOLE--
                  200012ea    00000002     empty_min_pem4f.oem4f (.data:ti_sysbios_family_arm_m3_Hwi_Module_State_0_excActive__A)
                  200012ec    00000004     rtsv7M4_T_le_v4SPD16_eabi.lib : stkdepth_vars.c.obj (.data)
                  200012f0    00000004     empty_min_pem4f.oem4f (.data:ti_sysbios_family_arm_m3_Hwi_Module_State_0_excContext__A)
                  200012f4    00000004     empty_min_pem4f.oem4f (.data:ti_sysbios_family_arm_m3_Hwi_Module_State_0_excStack__A)
                  200012f8    00000004     empty_min_pem4f.oem4f (.data:ti_sysbios_gates_GateHwi_Object__table__V)
                  200012fc    00000004     empty_min_pem4f.oem4f (.data:ti_sysbios_knl_Task_Module_State_0_idleTask__A)
                  20001300    00000004     empty_min_pem4f.oem4f (.data:xdc_runtime_Memory_Module__state__V)
                  20001304    00000002     empty_min_pem4f.oem4f (.data:xdc_runtime_Error_Module__state__V)

.stack     0    20001308    00000300     UNINITIALIZED
                  20001308    00000300     --HOLE--

.bootVecs 
*          0    00000000    00000008     DSECT
                  00000000    00000008     boot.aem4f : boot.oem4f (.bootVecs)

.vecs      0    20000000    00000360     UNINITIALIZED
                  20000000    00000360     empty_min_pem4f.oem4f (.vecs)

xdc.meta   0    00000000    000000f8     COPY SECTION
                  00000000    000000f8     empty_min_pem4f.oem4f (xdc.meta)

MODULE SUMMARY

       Module                       code    ro data   rw data
       ------                       ----    -------   -------
    .\
       empty_min.obj                146     0         592    
       EK_TM4C123GXL.obj            112     20        28     
    +--+----------------------------+-------+---------+---------+
       Total:                       258     20        620    
                                                             
    C:\Users\Ben\Documents\MQP_Code\MQP_TivaWare_Tests\HID_Test\Debug\configPkg\package\cfg\
       empty_min_pem4f.oem4f        1652    7541      3788   
    +--+----------------------------+-------+---------+---------+
       Total:                       1652    7541      3788   
                                                             
    C:/ti/tirtos_tivac_2_16_00_08/products/TivaWare_C_Series-2.1.1.71b/driverlib/ccs/Debug/driverlib.lib
       gpio.obj                     500     0         0      
       sysctl.obj                   72      0         0      
    +--+----------------------------+-------+---------+---------+
       Total:                       572     0         0      
                                                             
    C:/ti/tirtos_tivac_2_16_00_08/products/tidrivers_tivac_2_16_00_08/packages/ti/drivers/lib/drivers_tivaware.aem4f
       GPIOTiva.oem4f               844     156       153    
    +--+----------------------------+-------+---------+---------+
       Total:                       844     156       153    
                                                             
    C:\Users\Ben\Documents\MQP_Code\MQP_TivaWare_Tests\HID_Test\src\sysbios\sysbios.aem4f
       BIOS.obj                     8784    0         0      
       m3_Hwi_asm.obj               314     0         0      
       m3_TaskSupport_asm.obj       180     0         0      
       m3_Hwi_asm_switch.obj        118     0         0      
    +--+----------------------------+-------+---------+---------+
       Total:                       9396    0         0      
                                                             
    C:\ti\ccsv7\tools\compiler\ti-cgt-arm_18.1.0.LTS\lib\rtsv7M4_T_le_v4SPD16_eabi.lib
       trgmsg.c.obj                 108     0         288    
       memcpy_t2.asm.obj            156     0         0      
       memset_t2.asm.obj            122     0         0      
       copy_decompress_lzss.c.obj   104     0         0      
       hostwrite.c.obj              88      0         0      
       cpy_tbl.c.obj                76      0         0      
       u_divt2.asm.obj              64      0         0      
       _lock.c.obj                  26      0         8      
       args_main.c.obj              24      0         0      
       strlen.c.obj                 20      0         0      
       copy_decompress_none.c.obj   14      0         0      
       copy_zero_init.c.obj         12      0         0      
       hostopen.c.obj               0       0         8      
       exit.c.obj                   4       0         0      
       stkdepth_vars.c.obj          0       0         4      
       div0.asm.obj                 2       0         0      
    +--+----------------------------+-------+---------+---------+
       Total:                       820     0         308    
                                                             
    C:\ti\tirtos_tivac_2_16_00_08\products\bios_6_45_01_29\packages\ti\catalog\arm\cortexm4\tiva\ce\lib\Boot.aem4f
       Boot_sysctl.oem4f            262     0         0      
       Boot.oem4f                   152     0         0      
    +--+----------------------------+-------+---------+---------+
       Total:                       414     0         0      
                                                             
    C:\ti\tirtos_tivac_2_16_00_08\products\bios_6_45_01_29\packages\ti\targets\arm\rtsarm\lib\auto_init.aem4f
       auto_init.oem4f              160     0         0      
    +--+----------------------------+-------+---------+---------+
       Total:                       160     0         0      
                                                             
    C:\ti\tirtos_tivac_2_16_00_08\products\bios_6_45_01_29\packages\ti\targets\arm\rtsarm\lib\boot.aem4f
       boot.oem4f                   88      0         0      
    +--+----------------------------+-------+---------+---------+
       Total:                       88      0         0      
                                                             
    C:\ti\tirtos_tivac_2_16_00_08\products\bios_6_45_01_29\packages\ti\targets\arm\rtsarm\lib\ti.targets.arm.rtsarm.aem4f
       System.oem4f                 1255    0         0      
       Text.oem4f                   672     0         0      
       Error.oem4f                  524     0         0      
       Core-mem.oem4f               358     0         0      
       Startup.oem4f                328     0         0      
       SysMin.oem4f                 248     0         0      
       Core-smem.oem4f              204     0         0      
       Memory.oem4f                 176     0         0      
       Assert.oem4f                 84      0         0      
       Core-params.oem4f            70      0         0      
       Core-label.oem4f             52      0         0      
       Registry.oem4f               32      0         0      
       Gate.oem4f                   28      0         0      
    +--+----------------------------+-------+---------+---------+
       Total:                       4031    0         0      
                                                             
       Stack:                       0       0         768    
       Linker Generated:            0       480       0      
    +--+----------------------------+-------+---------+---------+
       Grand Total:                 18235   8197      5637   


LINKER GENERATED COPY TABLES

__TI_cinit_table @ 000067d8 records: 3, size/record: 8, table size: 24
	.data: load addr=00006610, load size=000001ac bytes, run addr=20000f4c, run size=000003ba bytes, compression=lzss
	.bss: load addr=000067c8, load size=00000008 bytes, run addr=20000360, run size=00000bec bytes, compression=zero_init
	.vecs: load addr=000067d0, load size=00000008 bytes, run addr=20000000, run size=00000360 bytes, compression=zero_init


LINKER GENERATED HANDLER TABLE

__TI_handler_table @ 000067bc records: 3, size/record: 4, table size: 12
	index: 0, handler: __TI_decompress_lzss
	index: 1, handler: __TI_decompress_none
	index: 2, handler: __TI_zero_init


GLOBAL SYMBOLS: SORTED ALPHABETICALLY BY Name 

address   name                                                              
-------   ----                                                              
000007bd  C$$EXIT                                                           
000038db  C$$IO$$                                                           
00003b3d  EK_TM4C123GXL_initGPIO                                            
000036f1  EK_TM4C123GXL_initGeneral                                         
00003e61  GPIODirModeSet                                                    
0000421b  GPIOIntClear                                                      
00004691  GPIOIntStatus                                                     
00002f21  GPIOIntTypeSet                                                    
00001091  GPIOPadConfigSet                                                  
000047b9  GPIOPinRead                                                       
00004585  GPIOPinTypeGPIOInput                                              
00004597  GPIOPinTypeUSBAnalog                                              
000047bf  GPIOPinWrite                                                      
00006474  GPIOTiva_config                                                   
00002a45  GPIO_hwiIntFxn                                                    
000023dd  GPIO_init                                                         
00003075  GPIO_setCallback                                                  
00000df5  GPIO_setConfig                                                    
000030c5  GPIO_toggle                                                       
00003115  GPIO_write                                                        
00002e71  HOSTwrite                                                         
UNDEFED   SHT$$INIT_ARRAY$$Base                                             
UNDEFED   SHT$$INIT_ARRAY$$Limit                                            
000039c9  SysCtlPeripheralEnable                                            
000044f5  SysCtlUSBPLLEnable                                                
00000000  __ASM__                                                           
20000cc0  __CIOBUF_                                                         
00000076  __ISA__                                                           
00000089  __PLAT__                                                          
20001608  __STACK_END                                                       
00000300  __STACK_SIZE                                                      
000000aa  __TARG__                                                          
000067d8  __TI_CINIT_Base                                                   
000067f0  __TI_CINIT_Limit                                                  
000067bc  __TI_Handler_Table_Base                                           
000067c8  __TI_Handler_Table_Limit                                          
00001f05  __TI_auto_init                                                    
0000290d  __TI_decompress_lzss                                              
0000469f  __TI_decompress_none                                              
ffffffff  __TI_pprof_out_hndl                                               
ffffffff  __TI_prof_data_size                                               
ffffffff  __TI_prof_data_start                                              
000039fd  __TI_readmsg                                                      
00006610  __TI_static_base__                                                
000038ad  __TI_writemsg                                                     
000046f1  __TI_zero_init                                                    
000000d0  __TRDR__                                                          
0000257d  __aeabi_idiv0                                                     
0000257d  __aeabi_ldiv0                                                     
000025fd  __aeabi_memclr                                                    
000025fd  __aeabi_memclr4                                                   
000025fd  __aeabi_memclr8                                                   
00002045  __aeabi_memcpy                                                    
00002045  __aeabi_memcpy4                                                   
00002045  __aeabi_memcpy8                                                   
000025ff  __aeabi_memset                                                    
000025ff  __aeabi_memset4                                                   
000025ff  __aeabi_memset8                                                   
00003731  __aeabi_uidiv                                                     
00003731  __aeabi_uidivmod                                                  
ffffffff  __binit__                                                         
ffffffff  __c_args__                                                        
20001308  __stack                                                           
000043d5  _args_main                                                        
00002e19  _c_int00                                                          
2000127c  _lock                                                             
0000217b  _nop                                                              
000046d9  _register_lock                                                    
000046e5  _register_unlock                                                  
20001280  _unlock                                                           
000007bd  abort                                                             
ffffffff  binit                                                             
00003259  copy_in                                                           
20001284  gpioCallbackFunctions                                             
20001250  gpioPinConfigs                                                    
00004509  heartBeatFxn                                                      
00002975  main                                                              
200012ec  main_func_sp                                                      
00002045  memcpy                                                            
00002605  memset                                                            
00004631  osi_TaskDisable                                                   
000045e1  osi_start                                                         
20000f40  parmbuf                                                           
0000451d  strlen                                                            
20000ac0  task0Stack                                                        
20000ef0  task0Struct                                                       
000064cc  ti_catalog_arm_cortexm4_tiva_ce_Boot_A_mustUseEnhancedClockMode__C
000064d0  ti_catalog_arm_cortexm4_tiva_ce_Boot_Module__diagsEnabled__C      
000064d4  ti_catalog_arm_cortexm4_tiva_ce_Boot_Module__diagsIncluded__C     
000064d8  ti_catalog_arm_cortexm4_tiva_ce_Boot_Module__diagsMask__C         
000065f4  ti_catalog_arm_cortexm4_tiva_ce_Boot_Module__id__C                
000046cd  ti_catalog_arm_cortexm4_tiva_ce_Boot_init__I                      
000013e1  ti_catalog_arm_cortexm4_tiva_ce_Boot_sysCtlClockSetI__I           
0000217d  ti_catalog_arm_cortexm4_tiva_ce_Boot_sysCtlClockSet__E            
000047c5  ti_catalog_arm_cortexm4_tiva_ce_Boot_sysCtlDelayI__I              
200011c8  ti_sysbios_BIOS_Module__state__V                                  
00004339  ti_sysbios_BIOS_RtsGateProxy_Handle__label__S                     
00003fbd  ti_sysbios_BIOS_RtsGateProxy_Object__delete__S                    
000009bd  ti_sysbios_BIOS_RtsGateProxy_enter__E                             
00000b35  ti_sysbios_BIOS_RtsGateProxy_leave__E                             
00004809  ti_sysbios_BIOS_RtsGateProxy_query__E                             
00003b6d  ti_sysbios_BIOS_atExitFunc__I                                     
00003f2d  ti_sysbios_BIOS_errorRaiseHook__I                                 
000044c9  ti_sysbios_BIOS_exitFunc__I                                       
0000257f  ti_sysbios_BIOS_nullFunc__I                                       
00003f51  ti_sysbios_BIOS_registerRTSLock__I                                
00003f75  ti_sysbios_BIOS_removeRTSLock__I                                  
000040bd  ti_sysbios_BIOS_rtsLock__I                                        
000043ed  ti_sysbios_BIOS_rtsUnlock__I                                      
000045d1  ti_sysbios_BIOS_setThreadType__E                                  
00003f99  ti_sysbios_BIOS_startFunc__I                                      
000045e1  ti_sysbios_BIOS_start__E                                          
2000113c  ti_sysbios_family_arm_lm4_Timer_Module_State_0_device__A          
20001208  ti_sysbios_family_arm_lm4_Timer_Module_State_0_handles__A         
00004405  ti_sysbios_family_arm_lm4_Timer_Module__startupDone__F            
00004405  ti_sysbios_family_arm_lm4_Timer_Module__startupDone__S            
20001264  ti_sysbios_family_arm_lm4_Timer_Module__state__V                  
00002aa9  ti_sysbios_family_arm_lm4_Timer_Module_startup__E                 
20001090  ti_sysbios_family_arm_lm4_Timer_Object__table__V                  
000064dc  ti_sysbios_family_arm_lm4_Timer_enableFunc__C                     
000033e9  ti_sysbios_family_arm_lm4_Timer_enableTimers__I                   
00001e59  ti_sysbios_family_arm_lm4_Timer_enableTiva__I                     
00004701  ti_sysbios_family_arm_lm4_Timer_getMaxTicks__E                    
00002f79  ti_sysbios_family_arm_lm4_Timer_initDevice__I                     
00003551  ti_sysbios_family_arm_lm4_Timer_isrStub__E                        
000047a1  ti_sysbios_family_arm_lm4_Timer_masterDisable__I                  
00000c9d  ti_sysbios_family_arm_lm4_Timer_masterEnable__I                   
000064e0  ti_sysbios_family_arm_lm4_Timer_numTimerDevices__C                
000012d9  ti_sysbios_family_arm_lm4_Timer_start__E                          
000064e4  ti_sysbios_family_arm_lm4_Timer_startupNeeded__C                  
00003771  ti_sysbios_family_arm_lm4_Timer_startup__E                        
00003ba1  ti_sysbios_family_arm_lm4_Timer_stop__E                           
00004079  ti_sysbios_family_arm_lm4_Timer_write__I                          
000064e8  ti_sysbios_family_arm_m3_Hwi_E_NMI__C                             
000064ec  ti_sysbios_family_arm_m3_Hwi_E_alreadyDefined__C                  
000064f0  ti_sysbios_family_arm_m3_Hwi_E_busFault__C                        
000064f4  ti_sysbios_family_arm_m3_Hwi_E_debugMon__C                        
000064f8  ti_sysbios_family_arm_m3_Hwi_E_hardFault__C                       
000064fc  ti_sysbios_family_arm_m3_Hwi_E_memFault__C                        
00006500  ti_sysbios_family_arm_m3_Hwi_E_noIsr__C                           
00006504  ti_sysbios_family_arm_m3_Hwi_E_reserved__C                        
00006508  ti_sysbios_family_arm_m3_Hwi_E_svCall__C                          
0000650c  ti_sysbios_family_arm_m3_Hwi_E_usageFault__C                      
00004305  ti_sysbios_family_arm_m3_Hwi_Handle__label__S                     
00003a31  ti_sysbios_family_arm_m3_Hwi_Instance_finalize__E                 
00002219  ti_sysbios_family_arm_m3_Hwi_Instance_init__E                     
200012ea  ti_sysbios_family_arm_m3_Hwi_Module_State_0_excActive__A          
200012f0  ti_sysbios_family_arm_m3_Hwi_Module_State_0_excContext__A         
200012f4  ti_sysbios_family_arm_m3_Hwi_Module_State_0_excStack__A           
000065f6  ti_sysbios_family_arm_m3_Hwi_Module__id__C                        
2000128c  ti_sysbios_family_arm_m3_Hwi_Module__root__V                      
0000441d  ti_sysbios_family_arm_m3_Hwi_Module__startupDone__F               
0000441d  ti_sysbios_family_arm_m3_Hwi_Module__startupDone__S               
20001108  ti_sysbios_family_arm_m3_Hwi_Module__state__V                     
00003169  ti_sysbios_family_arm_m3_Hwi_Module_startup__E                    
00006510  ti_sysbios_family_arm_m3_Hwi_NUM_INTERRUPTS__C                    
0000632c  ti_sysbios_family_arm_m3_Hwi_Object__DESC__C                      
00006244  ti_sysbios_family_arm_m3_Hwi_Object__PARAMS__C                    
00006514  ti_sysbios_family_arm_m3_Hwi_Object__count__C                     
00004531  ti_sysbios_family_arm_m3_Hwi_Object__get__S                       
20001220  ti_sysbios_family_arm_m3_Hwi_Object__table__V                     
0000470d  ti_sysbios_family_arm_m3_Hwi_Params__init__S                      
00006518  ti_sysbios_family_arm_m3_Hwi_ccr__C                               
00002b0d  ti_sysbios_family_arm_m3_Hwi_create                               
00004719  ti_sysbios_family_arm_m3_Hwi_disableFxn__E                        
00003431  ti_sysbios_family_arm_m3_Hwi_disableInterrupt__E                  
00002b71  ti_sysbios_family_arm_m3_Hwi_dispatchC__I                         
20000760  ti_sysbios_family_arm_m3_Hwi_dispatchTable                        
000017d1  ti_sysbios_family_arm_m3_Hwi_dispatch__I                          
000047a9  ti_sysbios_family_arm_m3_Hwi_doSwiRestore__I                      
000047d1  ti_sysbios_family_arm_m3_Hwi_doTaskRestore__I                     
00003479  ti_sysbios_family_arm_m3_Hwi_enableInterrupt__E                   
000009c1  ti_sysbios_family_arm_m3_Hwi_excBusFault__I                       
00001c19  ti_sysbios_family_arm_m3_Hwi_excDebugMon__I                       
00000041  ti_sysbios_family_arm_m3_Hwi_excDumpRegs__I                       
000040dd  ti_sysbios_family_arm_m3_Hwi_excHandlerAsm__I                     
0000651c  ti_sysbios_family_arm_m3_Hwi_excHandlerFunc__C                    
000007c1  ti_sysbios_family_arm_m3_Hwi_excHandlerMax__I                     
00004101  ti_sysbios_family_arm_m3_Hwi_excHandler__I                        
00001cd9  ti_sysbios_family_arm_m3_Hwi_excHardFault__I                      
000064ac  ti_sysbios_family_arm_m3_Hwi_excHookFuncs__A                      
00006520  ti_sysbios_family_arm_m3_Hwi_excHookFuncs__C                      
00000f49  ti_sysbios_family_arm_m3_Hwi_excMemFault__I                       
00003a69  ti_sysbios_family_arm_m3_Hwi_excNmi__I                            
000038e9  ti_sysbios_family_arm_m3_Hwi_excNoIsr__I                          
000034c1  ti_sysbios_family_arm_m3_Hwi_excReserved__I                       
000037f1  ti_sysbios_family_arm_m3_Hwi_excSvCall__I                         
00000b39  ti_sysbios_family_arm_m3_Hwi_excUsageFault__I                     
00003599  ti_sysbios_family_arm_m3_Hwi_getStackInfo__E                      
000022b1  ti_sysbios_family_arm_m3_Hwi_initNVIC__E                          
00002ec9  ti_sysbios_family_arm_m3_Hwi_initStacks__E                        
00006524  ti_sysbios_family_arm_m3_Hwi_nullIsrFunc__C                       
e000e000  ti_sysbios_family_arm_m3_Hwi_nvic                                 
00003ee1  ti_sysbios_family_arm_m3_Hwi_pendSV__I                            
000024f9  ti_sysbios_family_arm_m3_Hwi_postInit__I                          
00006528  ti_sysbios_family_arm_m3_Hwi_priGroup__C                          
20000000  ti_sysbios_family_arm_m3_Hwi_ramVectors                           
00000000  ti_sysbios_family_arm_m3_Hwi_resetVectors                         
000047d9  ti_sysbios_family_arm_m3_Hwi_restoreFxn__E                        
00003f05  ti_sysbios_family_arm_m3_Hwi_return                               
000047b1  ti_sysbios_family_arm_m3_Hwi_startup__E                           
00004549  ti_sysbios_family_arm_m3_Hwi_switchFromBootStack__E               
00000f45  ti_sysbios_family_arm_m3_TaskSupport_Module__startupDone__S       
00002469  ti_sysbios_family_arm_m3_TaskSupport_buildTaskStack               
00004729  ti_sysbios_family_arm_m3_TaskSupport_getStackAlignment__E         
000045f1  ti_sysbios_family_arm_m3_TaskSupport_glue                         
0000652c  ti_sysbios_family_arm_m3_TaskSupport_stackAlignment__C            
00003bd1  ti_sysbios_family_arm_m3_TaskSupport_start__E                     
00004435  ti_sysbios_family_arm_m3_TaskSupport_swap__E                      
000041e1  ti_sysbios_family_xxx_Hwi_switchAndRunFunc                        
0000431f  ti_sysbios_gates_GateHwi_Handle__label__S                         
00004819  ti_sysbios_gates_GateHwi_Instance_init__E                         
0000629c  ti_sysbios_gates_GateHwi_Module__FXNS__C                          
20001294  ti_sysbios_gates_GateHwi_Module__root__V                          
0000634c  ti_sysbios_gates_GateHwi_Object__DESC__C                          
0000642c  ti_sysbios_gates_GateHwi_Object__PARAMS__C                        
00003c01  ti_sysbios_gates_GateHwi_Object__create__S                        
00004121  ti_sysbios_gates_GateHwi_Object__delete__S                        
200012f8  ti_sysbios_gates_GateHwi_Object__table__V                         
00004739  ti_sysbios_gates_GateHwi_enter__E                                 
000047e1  ti_sysbios_gates_GateHwi_leave__E                                 
00004801  ti_sysbios_gates_GateHwi_query__E                                 
00004339  ti_sysbios_gates_GateMutex_Handle__label__S                       
00006530  ti_sysbios_gates_GateMutex_Instance_State_sem__O                  
00004601  ti_sysbios_gates_GateMutex_Instance_finalize__E                   
00004221  ti_sysbios_gates_GateMutex_Instance_init__E                       
000062c0  ti_sysbios_gates_GateMutex_Module__FXNS__C                        
2000129c  ti_sysbios_gates_GateMutex_Module__root__V                        
0000636c  ti_sysbios_gates_GateMutex_Object__DESC__C                        
00006444  ti_sysbios_gates_GateMutex_Object__PARAMS__C                      
00003c31  ti_sysbios_gates_GateMutex_Object__create__S                      
00003fbd  ti_sysbios_gates_GateMutex_Object__delete__S                      
200010d0  ti_sysbios_gates_GateMutex_Object__table__V                       
00003c61  ti_sysbios_gates_GateMutex_enter__E                               
00004451  ti_sysbios_gates_GateMutex_leave__E                               
00004809  ti_sysbios_gates_GateMutex_query__E                               
00004305  ti_sysbios_hal_Hwi_HwiProxy_Handle__label__S                      
0000441d  ti_sysbios_hal_Hwi_HwiProxy_Module__startupDone__S                
0000470d  ti_sysbios_hal_Hwi_HwiProxy_Params__init__S                       
00003431  ti_sysbios_hal_Hwi_HwiProxy_disableInterrupt__E                   
00004719  ti_sysbios_hal_Hwi_HwiProxy_disable__E                            
00003479  ti_sysbios_hal_Hwi_HwiProxy_enableInterrupt__E                    
00003599  ti_sysbios_hal_Hwi_HwiProxy_getStackInfo__E                       
000047d9  ti_sysbios_hal_Hwi_HwiProxy_restore__E                            
000047b1  ti_sysbios_hal_Hwi_HwiProxy_startup__E                            
00004549  ti_sysbios_hal_Hwi_HwiProxy_switchFromBootStack__E                
000045a9  ti_sysbios_hal_Hwi_Module_startup__E                              
00003431  ti_sysbios_hal_Hwi_disableInterrupt__E                            
00003479  ti_sysbios_hal_Hwi_enableInterrupt__E                             
00003599  ti_sysbios_hal_Hwi_getStackInfo__E                                
00003b09  ti_sysbios_hal_Hwi_initStack                                      
[...]
00004469  ti_sysbios_knl_Task_sleepTimeout__I                               
00004481  xdc_runtime_Error_check__E                                        
00004499  xdc_runtime_System_exit__E                                        
000044b1  xdc_runtime_Text_ropeText__E                                      
000044c9  ti_sysbios_BIOS_exitFunc__I                                       
000044f5  SysCtlUSBPLLEnable                                                
00004509  heartBeatFxn                                                      
0000451d  strlen                                                            
00004531  ti_sysbios_family_arm_m3_Hwi_Object__get__S                       
00004549  ti_sysbios_family_arm_m3_Hwi_switchFromBootStack__E               
00004549  ti_sysbios_hal_Hwi_HwiProxy_switchFromBootStack__E                
00004549  ti_sysbios_hal_Hwi_switchFromBootStack__E                         
0000455d  ti_sysbios_heaps_HeapMem_Object__get__S                           
00004571  ti_sysbios_knl_Swi_Object__get__S                                 
00004585  GPIOPinTypeGPIOInput                                              
00004597  GPIOPinTypeUSBAnalog                                              
000045a9  ti_sysbios_hal_Hwi_Module_startup__E                              
000045bb  xdc_runtime_Startup_exec__I                                       
000045d1  ti_sysbios_BIOS_setThreadType__E                                  
000045e1  osi_start                                                         
000045e1  ti_sysbios_BIOS_start__E                                          
000045f1  ti_sysbios_family_arm_m3_TaskSupport_glue                         
00004601  ti_sysbios_gates_GateMutex_Instance_finalize__E                   
00004611  ti_sysbios_knl_Semaphore_Instance_finalize__E                     
00004621  ti_sysbios_knl_Swi_disable__E                                     
00004631  osi_TaskDisable                                                   
00004631  ti_sysbios_knl_Task_disable__E                                    
00004641  xdc_runtime_Gate_leaveSystem__E                                   
00004651  xdc_runtime_Memory_free__E                                        
00004661  xdc_runtime_SysMin_ready__E                                       
00004661  xdc_runtime_System_SupportProxy_ready__E                          
00004671  xdc_runtime_System_vsnprintf__E                                   
00004681  xdc_runtime_Text_visitRope__I                                     
00004691  GPIOIntStatus                                                     
0000469f  __TI_decompress_none                                              
000046b1  ti_sysbios_knl_Queue_empty__E                                     
000046bf  ti_sysbios_knl_Task_Object__get__S                                
000046cd  ti_catalog_arm_cortexm4_tiva_ce_Boot_init__I                      
000046d9  _register_lock                                                    
000046e5  _register_unlock                                                  
000046f1  __TI_zero_init                                                    
00004701  ti_sysbios_family_arm_lm4_Timer_getMaxTicks__E                    
0000470d  ti_sysbios_family_arm_m3_Hwi_Params__init__S                      
0000470d  ti_sysbios_hal_Hwi_HwiProxy_Params__init__S                       
00004719  ti_sysbios_family_arm_m3_Hwi_disableFxn__E                        
00004719  ti_sysbios_hal_Hwi_HwiProxy_disable__E                            
00004729  ti_sysbios_family_arm_m3_TaskSupport_getStackAlignment__E         
00004729  ti_sysbios_knl_Task_SupportProxy_getStackAlignment__E             
00004739  ti_sysbios_gates_GateHwi_enter__E                                 
00004745  ti_sysbios_knl_Queue_Object__get__S                               
00004751  ti_sysbios_knl_Task_Params__init__S                               
0000475d  xdc_runtime_Error_init__E                                         
00004769  xdc_runtime_Gate_enterSystem__E                                   
00004775  xdc_runtime_Memory_calloc__E                                      
00004781  xdc_runtime_Memory_getMaxDefaultTypeAlign__E                      
0000478d  xdc_runtime_Memory_HeapProxy_alloc__E                             
00004797  xdc_runtime_Memory_HeapProxy_free__E                              
000047a1  ti_sysbios_family_arm_lm4_Timer_masterDisable__I                  
000047a9  ti_sysbios_family_arm_m3_Hwi_doSwiRestore__I                      
000047b1  ti_sysbios_family_arm_m3_Hwi_startup__E                           
000047b1  ti_sysbios_hal_Hwi_HwiProxy_startup__E                            
000047b1  ti_sysbios_hal_Hwi_startup__E                                     
000047b9  GPIOPinRead                                                       
000047bf  GPIOPinWrite                                                      
000047c5  ti_catalog_arm_cortexm4_tiva_ce_Boot_sysCtlDelayI__I              
000047cb  xdc_runtime_System_Module_startup__E                              
000047d1  ti_sysbios_family_arm_m3_Hwi_doTaskRestore__I                     
000047d9  ti_sysbios_family_arm_m3_Hwi_restoreFxn__E                        
000047d9  ti_sysbios_hal_Hwi_HwiProxy_restore__E                            
000047e1  ti_sysbios_gates_GateHwi_leave__E                                 
000047e9  ti_sysbios_heaps_HeapMem_isBlocking__E                            
000047f1  ti_sysbios_knl_Queue_Instance_init__E                             
000047f9  ti_sysbios_knl_Swi_startup__E                                     
00004801  ti_sysbios_gates_GateHwi_query__E                                 
00004801  xdc_runtime_Main_Module_GateProxy_query__E                        
00004801  xdc_runtime_System_Module_GateProxy_query__E                      
00004809  ti_sysbios_BIOS_RtsGateProxy_query__E                             
00004809  ti_sysbios_gates_GateMutex_query__E                               
00004809  ti_sysbios_heaps_HeapMem_Module_GateProxy_query__E                
00004811  ti_sysbios_knl_Task_startup__E                                    
00004819  ti_sysbios_gates_GateHwi_Instance_init__E                         
00004821  ti_sysbios_knl_Clock_logTick__E                                   
00004824  xdc_runtime_Text_charTab__A                                       
00006068  xdc_runtime_Text_nodeTab__A                                       
00006208  ti_sysbios_knl_Task_Object__PARAMS__C                             
00006244  ti_sysbios_family_arm_m3_Hwi_Object__PARAMS__C                    
00006274  ti_sysbios_heaps_HeapMem_Module__FXNS__C                          
0000629c  ti_sysbios_gates_GateHwi_Module__FXNS__C                          
000062c0  ti_sysbios_gates_GateMutex_Module__FXNS__C                        
000062e4  ti_sysbios_heaps_HeapMem_Object__PARAMS__C                        
00006308  ti_sysbios_knl_Semaphore_Object__PARAMS__C                        
0000632c  ti_sysbios_family_arm_m3_Hwi_Object__DESC__C                      
0000634c  ti_sysbios_gates_GateHwi_Object__DESC__C                          
0000636c  ti_sysbios_gates_GateMutex_Object__DESC__C                        
0000638c  ti_sysbios_heaps_HeapMem_Object__DESC__C                          
000063ac  ti_sysbios_knl_Queue_Object__DESC__C                              
000063cc  ti_sysbios_knl_Semaphore_Object__DESC__C                          
000063ec  ti_sysbios_knl_Task_Object__DESC__C                               
0000640c  xdc_runtime_Startup_sfxnTab__A                                    
0000642c  ti_sysbios_gates_GateHwi_Object__PARAMS__C                        
00006444  ti_sysbios_gates_GateMutex_Object__PARAMS__C                      
0000645c  ti_sysbios_knl_Queue_Object__PARAMS__C                            
00006474  GPIOTiva_config                                                   
00006488  xdc_runtime_Startup_firstFxns__A                                  
0000649c  xdc_runtime_Startup_sfxnRts__A                                    
000064ac  ti_sysbios_family_arm_m3_Hwi_excHookFuncs__A                      
000064b4  ti_sysbios_knl_Idle_funcList__C                                   
000064bc  xdc_runtime_Startup_firstFxns__C                                  
000064c4  xdc_runtime_Startup_lastFxns__C                                   
000064cc  ti_catalog_arm_cortexm4_tiva_ce_Boot_A_mustUseEnhancedClockMode__C
000064d0  ti_catalog_arm_cortexm4_tiva_ce_Boot_Module__diagsEnabled__C      
000064d4  ti_catalog_arm_cortexm4_tiva_ce_Boot_Module__diagsIncluded__C     
000064d8  ti_catalog_arm_cortexm4_tiva_ce_Boot_Module__diagsMask__C         
000064dc  ti_sysbios_family_arm_lm4_Timer_enableFunc__C                     
000064e0  ti_sysbios_family_arm_lm4_Timer_numTimerDevices__C                
000064e4  ti_sysbios_family_arm_lm4_Timer_startupNeeded__C                  
000064e8  ti_sysbios_family_arm_m3_Hwi_E_NMI__C                             
000064ec  ti_sysbios_family_arm_m3_Hwi_E_alreadyDefined__C                  
000064f0  ti_sysbios_family_arm_m3_Hwi_E_busFault__C                        
000064f4  ti_sysbios_family_arm_m3_Hwi_E_debugMon__C                        
000064f8  ti_sysbios_family_arm_m3_Hwi_E_hardFault__C                       
000064fc  ti_sysbios_family_arm_m3_Hwi_E_memFault__C                        
00006500  ti_sysbios_family_arm_m3_Hwi_E_noIsr__C                           
00006504  ti_sysbios_family_arm_m3_Hwi_E_reserved__C                        
00006508  ti_sysbios_family_arm_m3_Hwi_E_svCall__C                          
0000650c  ti_sysbios_family_arm_m3_Hwi_E_usageFault__C                      
00006510  ti_sysbios_family_arm_m3_Hwi_NUM_INTERRUPTS__C                    
00006514  ti_sysbios_family_arm_m3_Hwi_Object__count__C                     
00006518  ti_sysbios_family_arm_m3_Hwi_ccr__C                               
0000651c  ti_sysbios_family_arm_m3_Hwi_excHandlerFunc__C                    
00006520  ti_sysbios_family_arm_m3_Hwi_excHookFuncs__C                      
00006524  ti_sysbios_family_arm_m3_Hwi_nullIsrFunc__C                       
00006528  ti_sysbios_family_arm_m3_Hwi_priGroup__C                          
0000652c  ti_sysbios_family_arm_m3_TaskSupport_stackAlignment__C            
00006530  ti_sysbios_gates_GateMutex_Instance_State_sem__O                  
00006534  ti_sysbios_heaps_HeapMem_E_memory__C                              
00006538  ti_sysbios_heaps_HeapMem_Module__gateObj__C                       
0000653c  ti_sysbios_heaps_HeapMem_Object__count__C                         
00006540  ti_sysbios_heaps_HeapMem_reqAlign__C                              
00006544  ti_sysbios_knl_Clock_Module_State_clockQ__O                       
00006548  ti_sysbios_knl_Semaphore_Instance_State_pendQ__O                  
0000654c  ti_sysbios_knl_Swi_Object__count__C                               
00006550  ti_sysbios_knl_Task_Module_State_inactiveQ__O                     
00006554  ti_sysbios_knl_Task_Object__count__C                              
00006558  ti_sysbios_knl_Task_allBlockedFunc__C                             
0000655c  ti_sysbios_knl_Task_defaultStackHeap__C                           
00006560  ti_sysbios_knl_Task_defaultStackSize__C                           
00006564  ti_sysbios_knl_Task_numConstructedTasks__C                        
00006568  xdc_runtime_Assert_E_assertFailed__C                              
0000656c  xdc_runtime_Core_A_initializedParams__C                           
00006570  xdc_runtime_Core_Module__diagsEnabled__C                          
00006574  xdc_runtime_Core_Module__diagsIncluded__C                         
00006578  xdc_runtime_Core_Module__diagsMask__C                             
0000657c  xdc_runtime_Error_E_memory__C                                     
00006580  xdc_runtime_Error_Module__diagsEnabled__C                         
00006584  xdc_runtime_Error_Module__diagsIncluded__C                        
00006588  xdc_runtime_Error_Module__diagsMask__C                            
0000658c  xdc_runtime_Error_Module__loggerFxn8__C                           
00006590  xdc_runtime_Error_Module__loggerObj__C                            
00006594  xdc_runtime_Error_policyFxn__C                                    
00006598  xdc_runtime_Error_raiseHook__C                                    
0000659c  xdc_runtime_IGateProvider_Interface__BASE__C                      
000065a0  xdc_runtime_IHeap_Interface__BASE__C                              
000065a4  xdc_runtime_IModule_Interface__BASE__C                            
000065a8  xdc_runtime_Log_L_error__C                                        
000065ac  xdc_runtime_Memory_defaultHeapInstance__C                         
000065b0  xdc_runtime_Startup_execImpl__C                                   
000065b4  xdc_runtime_Startup_maxPasses__C                                  
000065b8  xdc_runtime_Startup_sfxnRts__C                                    
000065bc  xdc_runtime_Startup_sfxnTab__C                                    
000065c0  xdc_runtime_SysMin_bufSize__C                                     
000065c4  xdc_runtime_SysMin_outputFunc__C                                  
000065c8  xdc_runtime_System_Module__gateObj__C                             
000065cc  xdc_runtime_System_abortFxn__C                                    
000065d0  xdc_runtime_System_exitFxn__C                                     
000065d4  xdc_runtime_System_extendFxn__C                                   
000065d8  xdc_runtime_System_maxAtexitHandlers__C                           
000065dc  xdc_runtime_Text_charTab__C                                       
000065e0  xdc_runtime_Text_nameEmpty__C                                     
000065e4  xdc_runtime_Text_nameStatic__C                                    
000065e8  xdc_runtime_Text_nameUnknown__C                                   
000065ec  xdc_runtime_Text_nodeTab__C                                       
000065f0  xdc_runtime_Text_visitRopeFxn__C                                  
000065f4  ti_catalog_arm_cortexm4_tiva_ce_Boot_Module__id__C                
000065f6  ti_sysbios_family_arm_m3_Hwi_Module__id__C                        
000065f8  ti_sysbios_heaps_HeapMem_Module__id__C                            
000065fa  xdc_runtime_Core_Module__id__C                                    
000065fc  xdc_runtime_Error_Module__loggerDefined__C                        
000065fe  xdc_runtime_Error_maxDepth__C                                     
00006600  xdc_runtime_Memory_Module__id__C                                  
00006602  xdc_runtime_SysMin_flushAtExit__C                                 
00006604  xdc_runtime_Text_charCnt__C                                       
00006606  xdc_runtime_Text_isLoaded__C                                      
00006608  xdc_runtime_Text_registryModsLastId__C                            
0000660a  xdc_runtime_Text_unnamedModsLastId__C                             
0000660c  xdc_runtime_Error_policy__C                                       
00006610  __TI_static_base__                                                
000067bc  __TI_Handler_Table_Base                                           
000067c8  __TI_Handler_Table_Limit                                          
000067d8  __TI_CINIT_Base                                                   
000067f0  __TI_CINIT_Limit                                                  
20000000  ti_sysbios_family_arm_m3_Hwi_ramVectors                           
20000360  ti_sysbios_heaps_HeapMem_Instance_State_0_buf__A                  
20000760  ti_sysbios_family_arm_m3_Hwi_dispatchTable                        
20000ac0  task0Stack                                                        
20000cc0  __CIOBUF_                                                         
20000e70  xdc_runtime_SysMin_Module_State_0_outbuf__A                       
20000ef0  task0Struct                                                       
20000f40  parmbuf                                                           
20000f4c  ti_sysbios_knl_Swi_Module_State_0_readyQ__A                       
20000fcc  ti_sysbios_knl_Task_Module_State_0_readyQ__A                      
2000104c  ti_sysbios_knl_Task_Module__state__V                              
20001090  ti_sysbios_family_arm_lm4_Timer_Object__table__V                  
200010d0  ti_sysbios_gates_GateMutex_Object__table__V                       
20001108  ti_sysbios_family_arm_m3_Hwi_Module__state__V                     
2000113c  ti_sysbios_family_arm_lm4_Timer_Module_State_0_device__A          
2000116c  ti_sysbios_knl_Swi_Object__table__V                               
2000119c  ti_sysbios_knl_Clock_Module__state__V                             
200011c8  ti_sysbios_BIOS_Module__state__V                                  
200011ec  ti_sysbios_knl_Swi_Module__state__V                               
20001208  ti_sysbios_family_arm_lm4_Timer_Module_State_0_handles__A         
20001220  ti_sysbios_family_arm_m3_Hwi_Object__table__V                     
20001238  ti_sysbios_heaps_HeapMem_Object__table__V                         
20001250  gpioPinConfigs                                                    
20001264  ti_sysbios_family_arm_lm4_Timer_Module__state__V                  
20001270  xdc_runtime_SysMin_Module__state__V                               
2000127c  _lock                                                             
20001280  _unlock                                                           
20001284  gpioCallbackFunctions                                             
2000128c  ti_sysbios_family_arm_m3_Hwi_Module__root__V                      
20001294  ti_sysbios_gates_GateHwi_Module__root__V                          
2000129c  ti_sysbios_gates_GateMutex_Module__root__V                        
200012a4  ti_sysbios_heaps_HeapMem_Module__root__V                          
200012ac  ti_sysbios_knl_Queue_Module__root__V                              
200012b4  ti_sysbios_knl_Semaphore_Module__root__V                          
200012bc  ti_sysbios_knl_Task_Module__root__V                               
200012c4  xdc_runtime_Registry_Module__state__V                             
200012cc  xdc_runtime_Startup_Module__state__V                              
200012d4  xdc_runtime_System_Module_State_0_atexitHandlers__A               
200012dc  xdc_runtime_System_Module__state__V                               
200012ea  ti_sysbios_family_arm_m3_Hwi_Module_State_0_excActive__A          
200012ec  main_func_sp                                                      
200012f0  ti_sysbios_family_arm_m3_Hwi_Module_State_0_excContext__A         
200012f4  ti_sysbios_family_arm_m3_Hwi_Module_State_0_excStack__A           
200012f8  ti_sysbios_gates_GateHwi_Object__table__V                         
200012fc  ti_sysbios_knl_Task_Module_State_0_idleTask__A                    
20001300  xdc_runtime_Memory_Module__state__V                               
20001304  xdc_runtime_Error_Module__state__V                                
20001308  __stack                                                           
20001608  __STACK_END                                                       
e000e000  ti_sysbios_family_arm_m3_Hwi_nvic                                 
ffffffff  __TI_pprof_out_hndl                                               
ffffffff  __TI_prof_data_size                                               
ffffffff  __TI_prof_data_start                                              
ffffffff  __binit__                                                         
ffffffff  __c_args__                                                        
ffffffff  binit                                                             
UNDEFED   SHT$$INIT_ARRAY$$Base                                             
UNDEFED   SHT$$INIT_ARRAY$$Limit                                            

[504 symbols]
